 parsa

 Timestamp is 613153bf (Thu Sep  2 23:44:15 2021)

 Preferred load address is 0000000140000000

 Start         Length     Name                   Class
 0001:00000000 000160b0H .text$mn                CODE
 0001:000160b0 00000040H .text$mn$00             CODE
 0001:000160f0 00000288H .text$x                 CODE
 0002:00000000 00000280H .idata$5                DATA
 0002:00000280 00000030H .00cfg                  DATA
 0002:000002b0 00000008H .CRT$XCA                DATA
 0002:000002b8 00000008H .CRT$XCAA               DATA
 0002:000002c0 00000008H .CRT$XCZ                DATA
 0002:000002c8 00000008H .CRT$XIA                DATA
 0002:000002d0 00000008H .CRT$XIAA               DATA
 0002:000002d8 00000008H .CRT$XIAC               DATA
 0002:000002e0 00000020H .CRT$XIC                DATA
 0002:00000300 00000008H .CRT$XIZ                DATA
 0002:00000308 00000008H .CRT$XPA                DATA
 0002:00000310 00000010H .CRT$XPX                DATA
 0002:00000320 00000008H .CRT$XPXA               DATA
 0002:00000328 00000008H .CRT$XPZ                DATA
 0002:00000330 00000008H .CRT$XTA                DATA
 0002:00000338 00000008H .CRT$XTZ                DATA
 0002:00000340 00000000H .gehcont$y              DATA
 0002:00000340 00000000H .gfids$y                DATA
 0002:00000340 00009240H .rdata                  DATA
 0002:00009580 00000000H .rdata$CastGuardVftablesA DATA
 0002:00009580 00000000H .rdata$CastGuardVftablesC DATA
 0002:00009580 00000000H .rdata$r                DATA
 0002:00009580 00000100H .rdata$voltmd           DATA
 0002:00009680 00000300H .rdata$zzzdbg           DATA
 0002:00009980 00000008H .rtc$IAA                DATA
 0002:00009988 00000008H .rtc$IZZ                DATA
 0002:00009990 00000008H .rtc$TAA                DATA
 0002:00009998 00000008H .rtc$TZZ                DATA
 0002:000099a0 00000fd0H .xdata                  DATA
 0002:0000a970 00000000H .xdata$x                DATA
 0002:0000a970 00000000H .edata                  DATA
 0002:0000a970 00000028H .idata$2                DATA
 0002:0000a998 00000018H .idata$3                DATA
 0002:0000a9b0 00000280H .idata$4                DATA
 0002:0000ac30 000005d0H .idata$6                DATA
 0003:00000000 00000a40H .data                   DATA
 0003:00000a40 00000000H .data$r                 DATA
 0003:00000a40 00000000H .data$rs                DATA
 0003:00000a40 000012f0H .bss                    DATA
 0004:00000000 00001374H .pdata                  DATA
 0005:00000000 000000f4H _RDATA                  DATA

  Address         Publics by Value              Rva+Base               Lib:Object

 0000:00000000       ___safe_se_handler_table   0000000000000000     <absolute>
 0000:00000000       __x64_code_ranges_to_entry_points 0000000000000000     <absolute>
 0000:00000000       __x64_code_ranges_to_entry_points_count 0000000000000000     <absolute>
 0000:00000000       __guard_fids_count         0000000000000000     <absolute>
 0000:00000000       __arm64x_redirection_metadata 0000000000000000     <absolute>
 0000:00000000       __guard_iat_table          0000000000000000     <absolute>
 0000:00000000       __arm64x_extra_rfe_table   0000000000000000     <absolute>
 0000:00000000       __guard_iat_count          0000000000000000     <absolute>
 0000:00000000       __hybrid_code_map          0000000000000000     <absolute>
 0000:00000000       __guard_longjmp_count      0000000000000000     <absolute>
 0000:00000000       __arm64x_extra_rfe_table_size 0000000000000000     <absolute>
 0000:00000000       __dynamic_value_reloc_table 0000000000000000     <absolute>
 0000:00000000       __guard_longjmp_table      0000000000000000     <absolute>
 0000:00000000       ___safe_se_handler_count   0000000000000000     <absolute>
 0000:00000000       __hybrid_auxiliary_iat     0000000000000000     <absolute>
 0000:00000000       __hybrid_auxiliary_iat_copy 0000000000000000     <absolute>
 0000:00000000       __AbsoluteZero             0000000000000000     <absolute>
 0000:00000000       __guard_eh_cont_count      0000000000000000     <absolute>
 0000:00000000       __guard_check_icall_a64n_fptr 0000000000000000     <absolute>
 0000:00000000       __guard_fids_table         0000000000000000     <absolute>
 0000:00000000       __arm64x_redirection_metadata_count 0000000000000000     <absolute>
 0000:00000000       __enclave_config           0000000000000000     <absolute>
 0000:00000000       __guard_eh_cont_table      0000000000000000     <absolute>
 0000:00000000       __arm64x_native_entrypoint 0000000000000000     <absolute>
 0000:00000000       __hybrid_code_map_count    0000000000000000     <absolute>
 0000:00000100       __guard_flags              0000000000000100     <absolute>
 0000:00000000       __ImageBase                0000000140000000     <linker-defined>
 0001:00000000       ?nice_wprintf@@YAHQEAXPEB_WZZ 0000000140001000 f   main.obj
 0001:000000f0       ?wcslcpy@@YA_KPEA_WPEB_W_K@Z 00000001400010f0 f   main.obj
 0001:000001e0       ?wcslcat@@YA_KPEA_WPEB_W_K@Z 00000001400011e0 f   main.obj
 0001:00000350       ?print_usage@@YAXPEBUArgEntry@@H@Z 0000000140001350 f   main.obj
 0001:000006f0       ?get_arg_entry_value@@YAPEB_WPEBUArgEntry@@HPEB_W@Z 00000001400016f0 f   main.obj
 0001:000007d0       ?parse_args@@YA_NPEAUArgEntry@@HHPEAPEB_W@Z 00000001400017d0 f   main.obj
 0001:00000b60       ?create_wo_file@@YAPEAXPEB_W@Z 0000000140001b60 f   main.obj
 0001:00000c10       ?write_file@@YA_NQEAXPEB_WPEBX_K@Z 0000000140001c10 f   main.obj
 0001:00000d10       ?open_ro_file@@YAPEAXPEB_W@Z 0000000140001d10 f   main.obj
 0001:00000dd0       ?get_file_size@@YA_KQEAX@Z 0000000140001dd0 f   main.obj
 0001:00000e10       ?create_ro_file_view@@YA?BUFileView@@PEB_W@Z 0000000140001e10 f   main.obj
 0001:00001010       ?read_file_view_to_unix_buffer@@YA_KPEADUFileView@@PEB_W@Z 0000000140002010 f   main.obj
 0001:00001240       ?read_file_to_unix_buffer@@YA?BUFileBuffer@@PEB_W@Z 0000000140002240 f   main.obj
 0001:000013a0       ?get_last_slash@@YAPEB_WPEB_W@Z 00000001400023a0 f   main.obj
 0001:00001410       ?process_include_statements@@YA?BUProcessResult@@PEAUIncludeStatement@@AEBUFileBuffer@@@Z 0000000140002410 f   main.obj
 0001:00001780       ?get_canonical_selector@@YA?AV?$Optional@_N@@PEA_W_KPEB_W@Z 0000000140002780 f   main.obj
 0001:00001940       wmain                      0000000140002940 f   main.obj
 0001:000021f0       ??0?$Optional@_N@@QEAA@AEB_N@Z 00000001400031f0 f i main.obj
 0001:00002220       ??0?$Optional@_N@@QEAA@XZ  0000000140003220 f i main.obj
 0001:00002240       ?has_value@?$Optional@_N@@QEBA_NXZ 0000000140003240 f i main.obj
 0001:00002250       ?max@?$numeric_limits@H@std@@SAHXZ 0000000140003250 f i main.obj
 0001:00002260       ?max@?$numeric_limits@K@std@@SAKXZ 0000000140003260 f i main.obj
 0001:00002270       ?strstr@@YAPEADQEADQEBD@Z  0000000140003270 f i main.obj
 0001:000022a0       ?value@?$Optional@_N@@QEBAAEB_NXZ 00000001400032a0 f i main.obj
 0001:000022e0       ?wcschr@@YAPEA_WPEA_W_W@Z  00000001400032e0 f i main.obj
 0001:00002310       __local_stdio_printf_options 0000000140003310 f i main.obj
 0001:00002320       _vfprintf_l                0000000140003320 f i main.obj
 0001:00002370       _vswprintf_c_l             0000000140003370 f i main.obj
 0001:000023e0       printf                     00000001400033e0 f i main.obj
 0001:00002450       vswprintf                  0000000140003450 f i main.obj
 0001:00002490       __acrt_initialize_stdio    0000000140003490 f   libucrt:_file.obj
 0001:000025b0       __acrt_iob_func            00000001400035b0 f   libucrt:_file.obj
 0001:000025c4       __acrt_uninitialize_stdio  00000001400035c4 f   libucrt:_file.obj
 0001:00002620       _lock_file                 0000000140003620 f   libucrt:_file.obj
 0001:0000262c       _unlock_file               000000014000362c f   libucrt:_file.obj
 0001:0000288c       ??$ensure_buffer_is_big_enough@D@formatting_buffer@__crt_stdio_output@@QEAA_N_K@Z 000000014000388c f i libucrt:output.obj
 0001:00002934       ??$ensure_buffer_is_big_enough@_W@formatting_buffer@__crt_stdio_output@@QEAA_N_K@Z 0000000140003934 f i libucrt:output.obj
 0001:000029e0       ??$is_wide_character_specifier@_W@__crt_stdio_output@@YA_N_K_WW4length_modifier@0@@Z 00000001400039e0 f i libucrt:output.obj
 0001:00002a20       ??$type_case_integer_parse_into_buffer@I@?$output_processor@DV?$stream_output_adapter@D@__crt_stdio_output@@V?$standard_base@DV?$stream_output_adapter@D@__crt_stdio_output@@@2@@__crt_stdio_output@@AEAAXII_N@Z 0000000140003a20 f i libucrt:output.obj
 0001:00002aa8       ??$type_case_integer_parse_into_buffer@I@?$output_processor@_WV?$string_output_adapter@_W@__crt_stdio_output@@V?$standard_base@_WV?$string_output_adapter@_W@__crt_stdio_output@@@2@@__crt_stdio_output@@AEAAXII_N@Z 0000000140003aa8 f i libucrt:output.obj
 0001:00002aa8       ??$type_case_integer_parse_into_buffer@I@?$output_processor@_WV?$stream_output_adapter@_W@__crt_stdio_output@@V?$standard_base@_WV?$stream_output_adapter@_W@__crt_stdio_output@@@2@@__crt_stdio_output@@AEAAXII_N@Z 0000000140003aa8 f i libucrt:output.obj
 0001:00002b4c       ??$type_case_integer_parse_into_buffer@_K@?$output_processor@DV?$stream_output_adapter@D@__crt_stdio_output@@V?$standard_base@DV?$stream_output_adapter@D@__crt_stdio_output@@@2@@__crt_stdio_output@@AEAAX_KI_N@Z 0000000140003b4c f i libucrt:output.obj
 0001:00002bdc       ??$type_case_integer_parse_into_buffer@_K@?$output_processor@_WV?$stream_output_adapter@_W@__crt_stdio_output@@V?$standard_base@_WV?$stream_output_adapter@_W@__crt_stdio_output@@@2@@__crt_stdio_output@@AEAAX_KI_N@Z 0000000140003bdc f i libucrt:output.obj
 0001:00002bdc       ??$type_case_integer_parse_into_buffer@_K@?$output_processor@_WV?$string_output_adapter@_W@__crt_stdio_output@@V?$standard_base@_WV?$string_output_adapter@_W@__crt_stdio_output@@@2@@__crt_stdio_output@@AEAAX_KI_N@Z 0000000140003bdc f i libucrt:output.obj
 0001:00002c80       ??$write_multiple_characters@V?$stream_output_adapter@D@__crt_stdio_output@@D@__crt_stdio_output@@YAXAEBV?$stream_output_adapter@D@0@DHQEAH@Z 0000000140003c80 f i libucrt:output.obj
 0001:00002d0c       ??$write_multiple_characters@V?$stream_output_adapter@_W@__crt_stdio_output@@D@__crt_stdio_output@@YAXAEBV?$stream_output_adapter@_W@0@DHQEAH@Z 0000000140003d0c f i libucrt:output.obj
 0001:00002da0       ??$write_multiple_characters@V?$string_output_adapter@_W@__crt_stdio_output@@D@__crt_stdio_output@@YAXAEBV?$string_output_adapter@_W@0@DHQEAH@Z 0000000140003da0 f i libucrt:output.obj
 0001:00002e18       ??0_LocaleUpdate@@QEAA@QEAU__crt_locale_pointers@@@Z 0000000140003e18 f i libucrt:output.obj
 0001:00003120       ?crop_zeroes@__crt_stdio_output@@YAXPEADQEAU__crt_locale_pointers@@@Z 0000000140004120 f i libucrt:output.obj
 0001:000031c0       ?force_decimal_point@__crt_stdio_output@@YAXPEADQEAU__crt_locale_pointers@@@Z 00000001400041c0 f i libucrt:output.obj
 0001:00003238       ?parse_int_from_format_string@?$output_processor@DV?$stream_output_adapter@D@__crt_stdio_output@@V?$standard_base@DV?$stream_output_adapter@D@__crt_stdio_output@@@2@@__crt_stdio_output@@AEAA_NQEAH@Z 0000000140004238 f i libucrt:output.obj
 0001:000032dc       ?parse_int_from_format_string@?$output_processor@_WV?$string_output_adapter@_W@__crt_stdio_output@@V?$standard_base@_WV?$string_output_adapter@_W@__crt_stdio_output@@@2@@__crt_stdio_output@@AEAA_NQEAH@Z 00000001400042dc f i libucrt:output.obj
 0001:000032dc       ?parse_int_from_format_string@?$output_processor@_WV?$stream_output_adapter@_W@__crt_stdio_output@@V?$standard_base@_WV?$stream_output_adapter@_W@__crt_stdio_output@@@2@@__crt_stdio_output@@AEAA_NQEAH@Z 00000001400042dc f i libucrt:output.obj
 0001:00003380       ?process@?$output_processor@DV?$stream_output_adapter@D@__crt_stdio_output@@V?$standard_base@DV?$stream_output_adapter@D@__crt_stdio_output@@@2@@__crt_stdio_output@@QEAAHXZ 0000000140004380 f i libucrt:output.obj
 0001:00003594       ?process@?$output_processor@_WV?$stream_output_adapter@_W@__crt_stdio_output@@V?$standard_base@_WV?$stream_output_adapter@_W@__crt_stdio_output@@@2@@__crt_stdio_output@@QEAAHXZ 0000000140004594 f i libucrt:output.obj
 0001:0000380c       ?process@?$output_processor@_WV?$string_output_adapter@_W@__crt_stdio_output@@V?$standard_base@_WV?$string_output_adapter@_W@__crt_stdio_output@@@2@@__crt_stdio_output@@QEAAHXZ 000000014000480c f i libucrt:output.obj
 0001:00003a78       ?state_case_normal@?$output_processor@DV?$stream_output_adapter@D@__crt_stdio_output@@V?$standard_base@DV?$stream_output_adapter@D@__crt_stdio_output@@@2@@__crt_stdio_output@@AEAA_NXZ 0000000140004a78 f i libucrt:output.obj
 0001:00003ae8       ?state_case_normal_tchar@?$output_processor@DV?$stream_output_adapter@D@__crt_stdio_output@@V?$standard_base@DV?$stream_output_adapter@D@__crt_stdio_output@@@2@@__crt_stdio_output@@AEAA_ND@Z 0000000140004ae8 f i libucrt:output.obj
 0001:00003b8c       ?state_case_size@?$output_processor@DV?$stream_output_adapter@D@__crt_stdio_output@@V?$standard_base@DV?$stream_output_adapter@D@__crt_stdio_output@@@2@@__crt_stdio_output@@AEAA_NXZ 0000000140004b8c f i libucrt:output.obj
 0001:00003cfc       ?state_case_size@?$output_processor@_WV?$stream_output_adapter@_W@__crt_stdio_output@@V?$standard_base@_WV?$stream_output_adapter@_W@__crt_stdio_output@@@2@@__crt_stdio_output@@AEAA_NXZ 0000000140004cfc f i libucrt:output.obj
 0001:00003e90       ?state_case_size@?$output_processor@_WV?$string_output_adapter@_W@__crt_stdio_output@@V?$standard_base@_WV?$string_output_adapter@_W@__crt_stdio_output@@@2@@__crt_stdio_output@@AEAA_NXZ 0000000140004e90 f i libucrt:output.obj
 0001:00004024       ?state_case_type@?$output_processor@DV?$stream_output_adapter@D@__crt_stdio_output@@V?$standard_base@DV?$stream_output_adapter@D@__crt_stdio_output@@@2@@__crt_stdio_output@@AEAA_NXZ 0000000140005024 f i libucrt:output.obj
 0001:000042a8       ?state_case_type@?$output_processor@_WV?$stream_output_adapter@_W@__crt_stdio_output@@V?$standard_base@_WV?$stream_output_adapter@_W@__crt_stdio_output@@@2@@__crt_stdio_output@@AEAA_NXZ 00000001400052a8 f i libucrt:output.obj
 0001:00004588       ?state_case_type@?$output_processor@_WV?$string_output_adapter@_W@__crt_stdio_output@@V?$standard_base@_WV?$string_output_adapter@_W@__crt_stdio_output@@@2@@__crt_stdio_output@@AEAA_NXZ 0000000140005588 f i libucrt:output.obj
 0001:00004860       ?to_integer_size@__crt_stdio_output@@YA_KW4length_modifier@1@@Z 0000000140005860 f i libucrt:output.obj
 0001:000048c8       ?type_case_Z@?$output_processor@DV?$stream_output_adapter@D@__crt_stdio_output@@V?$standard_base@DV?$stream_output_adapter@D@__crt_stdio_output@@@2@@__crt_stdio_output@@AEAA_NXZ 00000001400058c8 f i libucrt:output.obj
 0001:0000493c       ?type_case_Z@?$output_processor@_WV?$string_output_adapter@_W@__crt_stdio_output@@V?$standard_base@_WV?$string_output_adapter@_W@__crt_stdio_output@@@2@@__crt_stdio_output@@AEAA_NXZ 000000014000593c f i libucrt:output.obj
 0001:0000493c       ?type_case_Z@?$output_processor@_WV?$stream_output_adapter@_W@__crt_stdio_output@@V?$standard_base@_WV?$stream_output_adapter@_W@__crt_stdio_output@@@2@@__crt_stdio_output@@AEAA_NXZ 000000014000593c f i libucrt:output.obj
 0001:000049b8       ?type_case_a@?$output_processor@DV?$stream_output_adapter@D@__crt_stdio_output@@V?$standard_base@DV?$stream_output_adapter@D@__crt_stdio_output@@@2@@__crt_stdio_output@@AEAA_NXZ 00000001400059b8 f i libucrt:output.obj
 0001:00004b74       ?type_case_a@?$output_processor@_WV?$stream_output_adapter@_W@__crt_stdio_output@@V?$standard_base@_WV?$stream_output_adapter@_W@__crt_stdio_output@@@2@@__crt_stdio_output@@AEAA_NXZ 0000000140005b74 f i libucrt:output.obj
 0001:00004b74       ?type_case_a@?$output_processor@_WV?$string_output_adapter@_W@__crt_stdio_output@@V?$standard_base@_WV?$string_output_adapter@_W@__crt_stdio_output@@@2@@__crt_stdio_output@@AEAA_NXZ 0000000140005b74 f i libucrt:output.obj
 0001:00004d54       ?type_case_c_tchar@?$output_processor@DV?$stream_output_adapter@D@__crt_stdio_output@@V?$standard_base@DV?$stream_output_adapter@D@__crt_stdio_output@@@2@@__crt_stdio_output@@AEAA_ND@Z 0000000140005d54 f i libucrt:output.obj
 0001:00004e1c       ?type_case_c_tchar@?$output_processor@_WV?$stream_output_adapter@_W@__crt_stdio_output@@V?$standard_base@_WV?$stream_output_adapter@_W@__crt_stdio_output@@@2@@__crt_stdio_output@@AEAA_N_W@Z 0000000140005e1c f i libucrt:output.obj
 0001:00004e1c       ?type_case_c_tchar@?$output_processor@_WV?$string_output_adapter@_W@__crt_stdio_output@@V?$standard_base@_WV?$string_output_adapter@_W@__crt_stdio_output@@@2@@__crt_stdio_output@@AEAA_N_W@Z 0000000140005e1c f i libucrt:output.obj
 0001:00004ec4       ?type_case_integer@?$output_processor@DV?$stream_output_adapter@D@__crt_stdio_output@@V?$standard_base@DV?$stream_output_adapter@D@__crt_stdio_output@@@2@@__crt_stdio_output@@AEAA_NI_N@Z 0000000140005ec4 f i libucrt:output.obj
 0001:00005044       ?type_case_integer@?$output_processor@_WV?$stream_output_adapter@_W@__crt_stdio_output@@V?$standard_base@_WV?$stream_output_adapter@_W@__crt_stdio_output@@@2@@__crt_stdio_output@@AEAA_NI_N@Z 0000000140006044 f i libucrt:output.obj
 0001:00005044       ?type_case_integer@?$output_processor@_WV?$string_output_adapter@_W@__crt_stdio_output@@V?$standard_base@_WV?$string_output_adapter@_W@__crt_stdio_output@@@2@@__crt_stdio_output@@AEAA_NI_N@Z 0000000140006044 f i libucrt:output.obj
 0001:000051cc       ?type_case_n@?$output_processor@_WV?$string_output_adapter@_W@__crt_stdio_output@@V?$standard_base@_WV?$string_output_adapter@_W@__crt_stdio_output@@@2@@__crt_stdio_output@@AEAA_NXZ 00000001400061cc f i libucrt:output.obj
 0001:000051cc       ?type_case_n@?$output_processor@DV?$stream_output_adapter@D@__crt_stdio_output@@V?$standard_base@DV?$stream_output_adapter@D@__crt_stdio_output@@@2@@__crt_stdio_output@@AEAA_NXZ 00000001400061cc f i libucrt:output.obj
 0001:000051cc       ?type_case_n@?$output_processor@_WV?$stream_output_adapter@_W@__crt_stdio_output@@V?$standard_base@_WV?$stream_output_adapter@_W@__crt_stdio_output@@@2@@__crt_stdio_output@@AEAA_NXZ 00000001400061cc f i libucrt:output.obj
 0001:00005254       ?type_case_s@?$output_processor@DV?$stream_output_adapter@D@__crt_stdio_output@@V?$standard_base@DV?$stream_output_adapter@D@__crt_stdio_output@@@2@@__crt_stdio_output@@AEAA_NXZ 0000000140006254 f i libucrt:output.obj
 0001:000052ec       ?type_case_s@?$output_processor@_WV?$stream_output_adapter@_W@__crt_stdio_output@@V?$standard_base@_WV?$stream_output_adapter@_W@__crt_stdio_output@@@2@@__crt_stdio_output@@AEAA_NXZ 00000001400062ec f i libucrt:output.obj
 0001:000052ec       ?type_case_s@?$output_processor@_WV?$string_output_adapter@_W@__crt_stdio_output@@V?$standard_base@_WV?$string_output_adapter@_W@__crt_stdio_output@@@2@@__crt_stdio_output@@AEAA_NXZ 00000001400062ec f i libucrt:output.obj
 0001:000053b4       ?validate_stream_is_ansi_if_required@?$__acrt_stdio_char_traits@D@@SA_NQEAU_iobuf@@@Z 00000001400063b4 f i libucrt:output.obj
 0001:00005450       ?write_stored_string_tchar@?$output_processor@DV?$stream_output_adapter@D@__crt_stdio_output@@V?$standard_base@DV?$stream_output_adapter@D@__crt_stdio_output@@@2@@__crt_stdio_output@@AEAA_ND@Z 0000000140006450 f i libucrt:output.obj
 0001:00005574       ?write_stored_string_tchar@?$output_processor@_WV?$stream_output_adapter@_W@__crt_stdio_output@@V?$standard_base@_WV?$stream_output_adapter@_W@__crt_stdio_output@@@2@@__crt_stdio_output@@AEAA_N_W@Z 0000000140006574 f i libucrt:output.obj
 0001:00005678       ?write_stored_string_tchar@?$output_processor@_WV?$string_output_adapter@_W@__crt_stdio_output@@V?$standard_base@_WV?$string_output_adapter@_W@__crt_stdio_output@@@2@@__crt_stdio_output@@AEAA_N_W@Z 0000000140006678 f i libucrt:output.obj
 0001:00005760       ?write_string@?$string_output_adapter@_W@__crt_stdio_output@@QEBAXQEB_WHQEAHAEAV__crt_deferred_errno_cache@@@Z 0000000140006760 f i libucrt:output.obj
 0001:00005808       ?write_string_impl@?$output_adapter_common@DV?$stream_output_adapter@D@__crt_stdio_output@@@__crt_stdio_output@@IEBAXQEBDHQEAHAEAV__crt_deferred_errno_cache@@@Z 0000000140006808 f i libucrt:output.obj
 0001:00005900       ?write_string_impl@?$output_adapter_common@_WV?$stream_output_adapter@_W@__crt_stdio_output@@@__crt_stdio_output@@IEBAXQEB_WHQEAHAEAV__crt_deferred_errno_cache@@@Z 0000000140006900 f i libucrt:output.obj
 0001:00005a00       __stdio_common_vfprintf    0000000140006a00 f   libucrt:output.obj
 0001:00005a8c       __stdio_common_vfwprintf   0000000140006a8c f   libucrt:output.obj
 0001:00005b18       __stdio_common_vswprintf   0000000140006b18 f   libucrt:output.obj
 0001:00006238       ??$ftprintf@PEAU_iobuf@@PEB_WAEBQEB_WAEBQEB_WAEBI@?$__crt_char_traits@_W@@SAH$$QEAPEAU_iobuf@@$$QEAPEB_WAEBQEB_W2AEBI@Z 0000000140007238 f i libucrt:assert.obj
 0001:00006260       _wassert                   0000000140007260 f   libucrt:assert.obj
 0001:000062d4       fwprintf                   00000001400072d4 f i libucrt:assert.obj
 0001:00006318       swprintf                   0000000140007318 f i libucrt:assert.obj
 0001:0000636c       __acrt_call_reportfault    000000014000736c f   libucrt:invalid_parameter.obj
 0001:000064c8       __acrt_initialize_invalid_parameter_handler 00000001400074c8 f   libucrt:invalid_parameter.obj
 0001:000064d0       _invalid_parameter         00000001400074d0 f   libucrt:invalid_parameter.obj
 0001:00006580       _invalid_parameter_noinfo  0000000140007580 f   libucrt:invalid_parameter.obj
 0001:000065a0       _invoke_watson             00000001400075a0 f   libucrt:invalid_parameter.obj
 0001:000065e8       __acrt_errno_from_os_error 00000001400075e8 f   libucrt:errno.obj
 0001:00006630       __acrt_errno_map_os_error  0000000140007630 f   libucrt:errno.obj
 0001:00006680       __doserrno                 0000000140007680 f   libucrt:errno.obj
 0001:000066a0       _errno                     00000001400076a0 f   libucrt:errno.obj
 0001:000066c0       _calloc_base               00000001400076c0 f   libucrt:calloc_base.obj
 0001:00006738       _free_base                 0000000140007738 f   libucrt:free_base.obj
 0001:00006950       __acrt_AppPolicyGetProcessTerminationMethodInternal 0000000140007950 f   libucrt:winapi_thunks.obj
 0001:000069a0       __acrt_AppPolicyGetShowDeveloperDiagnosticInternal 00000001400079a0 f   libucrt:winapi_thunks.obj
 0001:000069f0       __acrt_AppPolicyGetWindowingModelInternal 00000001400079f0 f   libucrt:winapi_thunks.obj
 0001:00006a40       __acrt_CompareStringEx     0000000140007a40 f   libucrt:winapi_thunks.obj
 0001:00006b1c       __acrt_FlsAlloc            0000000140007b1c f   libucrt:winapi_thunks.obj
 0001:00006b64       __acrt_FlsFree             0000000140007b64 f   libucrt:winapi_thunks.obj
 0001:00006bac       __acrt_FlsGetValue         0000000140007bac f   libucrt:winapi_thunks.obj
 0001:00006bf4       __acrt_FlsSetValue         0000000140007bf4 f   libucrt:winapi_thunks.obj
 0001:00006c48       __acrt_InitializeCriticalSectionEx 0000000140007c48 f   libucrt:winapi_thunks.obj
 0001:00006cac       __acrt_LCMapStringEx       0000000140007cac f   libucrt:winapi_thunks.obj
 0001:00006d88       __acrt_LocaleNameToLCID    0000000140007d88 f   libucrt:winapi_thunks.obj
 0001:00006dd8       __acrt_MessageBoxW         0000000140007dd8 f   libucrt:winapi_thunks.obj
 0001:00006e4c       __acrt_can_show_message_box 0000000140007e4c f   libucrt:winapi_thunks.obj
 0001:00006ebc       __acrt_get_parent_window   0000000140007ebc f   libucrt:winapi_thunks.obj
 0001:00006f34       __acrt_initialize_winapi_thunks 0000000140007f34 f   libucrt:winapi_thunks.obj
 0001:00006f68       __acrt_is_interactive      0000000140007f68 f   libucrt:winapi_thunks.obj
 0001:00007030       __acrt_uninitialize_winapi_thunks 0000000140008030 f   libucrt:winapi_thunks.obj
 0001:00007074       _fcloseall                 0000000140008074 f   libucrt:closeall.obj
 0001:00007344       __acrt_stdio_flush_nolock  0000000140008344 f   libucrt:fflush.obj
 0001:000073c0       _fflush_nolock             00000001400083c0 f   libucrt:fflush.obj
 0001:0000740c       _flushall                  000000014000840c f   libucrt:fflush.obj
 0001:00007414       fflush                     0000000140008414 f   libucrt:fflush.obj
 0001:0000747c       __acrt_stdio_free_buffer_nolock 000000014000847c f   libucrt:_freebuf.obj
 0001:000076b8       __acrt_initialize_lowio    00000001400086b8 f   libucrt:ioinit.obj
 0001:000076f4       __acrt_uninitialize_lowio  00000001400086f4 f   libucrt:ioinit.obj
 0001:00007734       _malloc_base               0000000140008734 f   libucrt:malloc_base.obj
 0001:00007794       ??$parse_integer@KV?$c_string_character_source@D@__crt_strtox@@@__crt_strtox@@YAKQEAU__crt_locale_pointers@@V?$c_string_character_source@D@0@H_N@Z 0000000140008794 f i libucrt:strtox.obj
 0001:00007a98       ??$parse_integer@KV?$c_string_character_source@_W@__crt_strtox@@@__crt_strtox@@YAKQEAU__crt_locale_pointers@@V?$c_string_character_source@_W@0@H_N@Z 0000000140008a98 f i libucrt:strtox.obj
 0001:00008140       _ischartype_l              0000000140009140 f i libucrt:strtox.obj
 0001:000081b8       strtol                     00000001400091b8 f   libucrt:strtox.obj
 0001:000081e4       wcstol                     00000001400091e4 f   libucrt:strtox.obj
 0001:00008210       _mbtowc_l                  0000000140009210 f   libucrt:mbtowc.obj
 0001:00008390       mbtowc                     0000000140009390 f   libucrt:mbtowc.obj
 0001:00008398       _wctomb_s_l                0000000140009398 f   libucrt:wctomb.obj
 0001:00008534       wctomb_s                   0000000140009534 f   libucrt:wctomb.obj
 0001:00008548       strnlen                    0000000140009548 f   libucrt:strnlen.obj
 0001:00008698       wcsnlen                    0000000140009698 f   libucrt:strnlen.obj
 0001:00008be8       __acrt_getptd              0000000140009be8 f   libucrt:per_thread_data.obj
 0001:00008cbc       __acrt_getptd_head         0000000140009cbc f   libucrt:per_thread_data.obj
 0001:00008d64       __acrt_getptd_noexit       0000000140009d64 f   libucrt:per_thread_data.obj
 0001:00008e30       __acrt_initialize_ptd      0000000140009e30 f   libucrt:per_thread_data.obj
 0001:00008e6c       __acrt_uninitialize_ptd    0000000140009e6c f   libucrt:per_thread_data.obj
 0001:00008e90       __acrt_update_locale_info  0000000140009e90 f   libucrt:locale_update.obj
 0001:00008ec4       __acrt_update_multibyte_info 0000000140009ec4 f   libucrt:locale_update.obj
 0001:00009904       __acrt_fp_format           000000014000a904 f   libucrt:cvt.obj
 0001:00009c3c       _fputwc_nolock             000000014000ac3c f   libucrt:fputwc.obj
 0001:00009db8       _fileno                    000000014000adb8 f   libucrt:fileno.obj
 0001:00009de0       _fputc_nolock              000000014000ade0 f   libucrt:fputc.obj
 0001:00009df8       _get_printf_count_output   000000014000adf8 f   libucrt:printf_count_output.obj
 0001:00009e10       __acrt_should_use_temporary_buffer 000000014000ae10 f   libucrt:_sftbuf.obj
 0001:00009e58       __acrt_stdio_begin_temporary_buffering_nolock 000000014000ae58 f   libucrt:_sftbuf.obj
 0001:00009f20       __acrt_stdio_end_temporary_buffering_nolock 000000014000af20 f   libucrt:_sftbuf.obj
 0001:00009fcc       __acrt_set_locale_changed  000000014000afcc f   libucrt:wsetlocale.obj
 0001:00009fd8       __acrt_uninitialize_locale 000000014000afd8 f   libucrt:wsetlocale.obj
 0001:0000a008       _configthreadlocale        000000014000b008 f   libucrt:wsetlocale.obj
 0001:0000a074       _query_app_type            000000014000b074 f   libucrt:report_runtime_error.obj
 0001:0000a07c       _set_app_type              000000014000b07c f   libucrt:report_runtime_error.obj
 0001:0000a084       abort                      000000014000b084 f   libucrt:abort.obj
 0001:0000a21c       _itow_s                    000000014000b21c f   libucrt:xtoa.obj
 0001:0000a4a8       __acrt_initialize_thread_local_exit_callback 000000014000b4a8 f   libucrt:exit.obj
 0001:0000a4b0       _c_exit                    000000014000b4b0 f   libucrt:exit.obj
 0001:0000a4c0       _cexit                     000000014000b4c0 f   libucrt:exit.obj
 0001:0000a4d0       _exit                      000000014000b4d0 f   libucrt:exit.obj
 0001:0000a4dc       _register_thread_local_exe_atexit_callback 000000014000b4dc f   libucrt:exit.obj
 0001:0000a518       exit                       000000014000b518 f   libucrt:exit.obj
 0001:0000a524       _set_error_mode            000000014000b524 f   libucrt:set_error_mode.obj
 0001:0000a564       wcscat_s                   000000014000b564 f   libucrt:wcscat_s.obj
 0001:0000a5e4       wcscpy_s                   000000014000b5e4 f   libucrt:wcscpy_s.obj
 0001:0000a64c       wcsncat_s                  000000014000b64c f   libucrt:wcsncat_s.obj
 0001:0000a74c       strcpy_s                   000000014000b74c f   libucrt:strcpy_s.obj
 0001:0000a7ac       __acrt_show_wide_message_box 000000014000b7ac f   libucrt:crtmbox.obj
 0001:0000a974       setvbuf                    000000014000b974 f   libucrt:setvbuf.obj
 0001:0000aa58       __acrt_get_sigabrt_handler 000000014000ba58 f   libucrt:signal.obj
 0001:0000aa88       __acrt_initialize_signal_handlers 000000014000ba88 f   libucrt:signal.obj
 0001:0000aaa8       raise                      000000014000baa8 f   libucrt:signal.obj
 0001:0000ad14       __acrt_initialize_new_handler 000000014000bd14 f   libucrt:new_handler.obj
 0001:0000ad1c       _callnewh                  000000014000bd1c f   libucrt:new_handler.obj
 0001:0000ad4c       _query_new_handler         000000014000bd4c f   libucrt:new_handler.obj
 0001:0000ad80       _query_new_mode            000000014000bd80 f   libucrt:new_mode.obj
 0001:0000ad88       _set_new_mode              000000014000bd88 f   libucrt:new_mode.obj
 0001:0000adb4       __acrt_initialize_heap     000000014000bdb4 f   libucrt:heap_handle.obj
 0001:0000add0       __acrt_uninitialize_heap   000000014000bdd0 f   libucrt:heap_handle.obj
 0001:0000addc       wcsncmp                    000000014000bddc f   libucrt:wcsncmp.obj
 0001:0000ae08       __acrt_initialize_locks    000000014000be08 f   libucrt:locks.obj
 0001:0000ae50       __acrt_lock                000000014000be50 f   libucrt:locks.obj
 0001:0000ae6c       __acrt_uninitialize_locks  000000014000be6c f   libucrt:locks.obj
 0001:0000aea4       __acrt_unlock              000000014000bea4 f   libucrt:locks.obj
 0001:0000aec0       __acrt_DownlevelLocaleNameToLCID 000000014000bec0 f   libucrt:lcidtoname_downlevel.obj
 0001:0000af70       __acrt_get_developer_information_policy 000000014000bf70 f   libucrt:win_policies.obj
 0001:0000afc4       __acrt_get_process_end_policy 000000014000bfc4 f   libucrt:win_policies.obj
 0001:0000b000       __acrt_get_windowing_model_policy 000000014000c000 f   libucrt:win_policies.obj
 0001:0000b06c       _fclose_nolock             000000014000c06c f   libucrt:fclose.obj
 0001:0000b0f0       fclose                     000000014000c0f0 f   libucrt:fclose.obj
 0001:0000b1e0       _commit                    000000014000c1e0 f   libucrt:commit.obj
 0001:0000baf0       _write                     000000014000caf0 f   libucrt:write.obj
 0001:0000bbdc       _write_nolock              000000014000cbdc f   libucrt:write.obj
 0001:0000bec0       __acrt_lowio_create_handle_array 000000014000cec0 f   libucrt:osfinfo.obj
 0001:0000bf68       __acrt_lowio_destroy_handle_array 000000014000cf68 f   libucrt:osfinfo.obj
 0001:0000bfb8       __acrt_lowio_ensure_fh_exists 000000014000cfb8 f   libucrt:osfinfo.obj
 0001:0000c060       __acrt_lowio_lock_fh       000000014000d060 f   libucrt:osfinfo.obj
 0001:0000c088       __acrt_lowio_unlock_fh     000000014000d088 f   libucrt:osfinfo.obj
 0001:0000c0b0       _free_osfhnd               000000014000d0b0 f   libucrt:osfinfo.obj
 0001:0000c16c       _get_osfhandle             000000014000d16c f   libucrt:osfinfo.obj
 0001:0000c1e4       __pctype_func              000000014000d1e4 f   libucrt:ctype.obj
 0001:0000c214       iswctype                   000000014000d214 f   libucrt:iswctype.obj
 0001:0000c280       _isctype_l                 000000014000d280 f   libucrt:isctype.obj
 0001:0000c388       _isleadbyte_l              000000014000d388 f i libucrt:_wctype.obj
 0001:0000c3d4       __acrt_MultiByteToWideChar 000000014000d3d4 f   libucrt:multibytetowidechar.obj
 0001:0000c430       ?__mbrtowc_utf8@__crt_mbstring@@YA_KPEA_WPEBD_KPEAU_Mbstatet@@@Z 000000014000d430 f   libucrt:mbrtowc.obj
 0001:0000c46c       ?__mbsrtowcs_utf8@__crt_mbstring@@YA_KPEA_WPEAPEBD_KPEAU_Mbstatet@@@Z 000000014000d46c f   libucrt:mbrtowc.obj
 0001:0000c5e4       __acrt_WideCharToMultiByte 000000014000d5e4 f   libucrt:widechartomultibyte.obj
 0001:0000c694       ?__c32rtomb_utf8@__crt_mbstring@@YA_KPEAD_UPEAU_Mbstatet@@@Z 000000014000d694 f   libucrt:c32rtomb.obj
 0001:0000c748       __acrt_add_locale_ref      000000014000d748 f   libucrt:locale_refcounting.obj
 0001:0000c7d4       __acrt_free_locale         000000014000d7d4 f   libucrt:locale_refcounting.obj
 0001:0000c94c       __acrt_locale_add_lc_time_reference 000000014000d94c f   libucrt:locale_refcounting.obj
 0001:0000c974       __acrt_locale_free_lc_time_if_unreferenced 000000014000d974 f   libucrt:locale_refcounting.obj
 0001:0000c9ac       __acrt_locale_release_lc_time_reference 000000014000d9ac f   libucrt:locale_refcounting.obj
 0001:0000c9d4       __acrt_release_locale_ref  000000014000d9d4 f   libucrt:locale_refcounting.obj
 0001:0000ca7c       __acrt_update_thread_locale_data 000000014000da7c f   libucrt:locale_refcounting.obj
 0001:0000caec       _updatetlocinfoEx_nolock   000000014000daec f   libucrt:locale_refcounting.obj
 0001:0000d27c       __acrt_initialize_multibyte 000000014000e27c f   libucrt:mbctype.obj
 0001:0000d2dc       __acrt_update_thread_multibyte_data 000000014000e2dc f   libucrt:mbctype.obj
 0001:0000d2f8       _setmbcp_nolock            000000014000e2f8 f   libucrt:mbctype.obj
 0001:0000d5b4       _seh_filter_exe            000000014000e5b4 f   libucrt:exception_filter.obj
 0001:0000d738       __acrt_fp_strflt_to_string 000000014000e738 f   libucrt:_fptostr.obj
 0001:0000d8a0       ?divide@__crt_strtox@@YA_KAEAUbig_integer@1@AEBU21@@Z 000000014000e8a0 f i libucrt:cfout.obj
 0001:0000dccc       __acrt_fltout              000000014000eccc f   libucrt:cfout.obj
 0001:0000ef98       fegetround                 000000014000ff98 f   libucrt:fegetround.obj
 0001:0000f1f4       __acrt_stdio_flush_and_write_narrow_nolock 00000001400101f4 f   libucrt:_flsbuf.obj
 0001:0000f2ac       __acrt_stdio_flush_and_write_wide_nolock 00000001400102ac f   libucrt:_flsbuf.obj
 0001:0000f368       _isatty                    0000000140010368 f   libucrt:isatty.obj
 0001:0000f3c8       __acrt_locale_free_monetary 00000001400103c8 f   libucrt:initmon.obj
 0001:0000f4d4       __acrt_locale_free_numeric 00000001400104d4 f   libucrt:initnum.obj
 0001:0000f598       __acrt_locale_free_time    0000000140010598 f   libucrt:inittime.obj
 0001:0000f6a0       wcsncpy_s                  00000001400106a0 f   libucrt:wcsncpy_s.obj
 0001:0000f784       wcspbrk                    0000000140010784 f   libucrt:wcspbrk.obj
 0001:0000f7b8       __acrt_GetStringTypeA      00000001400107b8 f   libucrt:getstringtypea.obj
 0001:0000f948       _initterm                  0000000140010948 f   libucrt:initterm.obj
 0001:0000f9ac       _initterm_e                00000001400109ac f   libucrt:initterm.obj
 0001:0000fd2c       _crt_atexit                0000000140010d2c f   libucrt:onexit.obj
 0001:0000fd3c       _execute_onexit_table      0000000140010d3c f   libucrt:onexit.obj
 0001:0000fd78       _initialize_onexit_table   0000000140010d78 f   libucrt:onexit.obj
 0001:0000fda0       _register_onexit_function  0000000140010da0 f   libucrt:onexit.obj
 0001:0000fde8       terminate                  0000000140010de8 f   libucrt:terminate.obj
 0001:0000fe08       __ascii_wcsnicmp           0000000140010e08 f   libucrt:wcsnicmp.obj
 0001:0000fec8       _close                     0000000140010ec8 f   libucrt:close.obj
 0001:0000ff6c       _close_nolock              0000000140010f6c f   libucrt:close.obj
 0001:0001002c       ?__acrt_stdio_free_stream@@YAXV__crt_stdio_stream@@@Z 000000014001102c f   libucrt:stream.obj
 0001:000101d4       _lseeki64                  00000001400111d4 f   libucrt:lseek.obj
 0001:000101dc       _lseeki64_nolock           00000001400111dc f   libucrt:lseek.obj
 0001:000101e4       _putwch_nolock             00000001400111e4 f   libucrt:putwch.obj
 0001:00010220       __acrt_GetStringTypeW      0000000140011220 f   libucrt:getstringtypew.obj
 0001:00010228       ?__mbrtoc32_utf8@__crt_mbstring@@YA_KPEA_UPEBD_KPEAU_Mbstatet@@@Z 0000000140011228 f   libucrt:mbrtoc32.obj
 0001:00010718       __acrt_LCMapStringA        0000000140011718 f   libucrt:lcmapstringa.obj
 0001:000107c8       _controlfp_s               00000001400117c8 f   libucrt:contrlfp.obj
 0001:0001082c       fegetenv                   000000014001182c f   libucrt:fegetenv.obj
 0001:0001084c       fesetenv                   000000014001184c f   libucrt:fesetenv.obj
 0001:00010898       feholdexcept               0000000140011898 f   libucrt:feholdexcept.obj
 0001:000108e8       ceil                       00000001400118e8 f   libucrt:ceil.obj
 0001:000109b0       log10                      00000001400119b0 f   libucrt:log10.obj
 0001:00010f5c       __acrt_fenv_get_common_round_control 0000000140011f5c f   libucrt:_fenvutils.obj
 0001:00010f68       __acrt_fenv_get_control    0000000140011f68 f   libucrt:_fenvutils.obj
 0001:0001105c       __acrt_fenv_get_status     000000014001205c f   libucrt:_fenvutils.obj
 0001:000110b0       __acrt_fenv_set_control    00000001400120b0 f   libucrt:_fenvutils.obj
 0001:000111f8       __acrt_fenv_set_status     00000001400121f8 f   libucrt:_fenvutils.obj
 0001:0001127c       __acrt_stdio_allocate_buffer_nolock 000000014001227c f   libucrt:_getbuf.obj
 0001:000112e8       _recalloc_base             00000001400122e8 f   libucrt:recalloc.obj
 0001:00011380       __dcrt_lowio_ensure_console_output_initialized 0000000140012380 f   libucrt:initcon.obj
 0001:000113d4       __dcrt_terminate_console_output 00000001400123d4 f   libucrt:initcon.obj
 0001:000113f0       __dcrt_write_console       00000001400123f0 f   libucrt:initcon.obj
 0001:000114b0       __strncnt                  00000001400124b0 f   libucrt:strncnt.obj
 0001:000114c8       _clearfp                   00000001400124c8 f   libucrt:ieee.obj
 0001:00011538       _control87                 0000000140012538 f   libucrt:ieee.obj
 0001:00011924       _handle_error              0000000140012924 f   libucrt:libm_error.obj
 0001:00011a4c       _handle_nan                0000000140012a4c f   libucrt:libm_error.obj
 0001:00011a70       __acrt_initialize_fma3     0000000140012a70 f   libucrt:fma3_available.obj
 0001:00011ae0       _log10_special             0000000140012ae0 f   libucrt:log_special.obj
 0001:00011b98       _msize_base                0000000140012b98 f   libucrt:msize.obj
 0001:00011bd4       _realloc_base              0000000140012bd4 f   libucrt:realloc_base.obj
 0001:00011c60       _get_fpsr                  0000000140012c60 f   libucrt:fpsr.obj
 0001:00011c70       _set_fpsr                  0000000140012c70 f   libucrt:fpsr.obj
 0001:00011c7a       _fclrf                     0000000140012c7a f   libucrt:fpsr.obj
 0001:00011c8e       _frnd                      0000000140012c8e f   libucrt:fpsr.obj
 0001:00011cb0       __acrt_has_user_matherr    0000000140012cb0 f   libucrt:matherr.obj
 0001:00011cd0       __acrt_initialize_user_matherr 0000000140012cd0 f   libucrt:matherr.obj
 0001:00011cd8       __acrt_invoke_user_matherr 0000000140012cd8 f   libucrt:matherr.obj
 0001:00011d08       __setusermatherr           0000000140012d08 f   libucrt:matherr.obj
 0001:00011d30       _raise_exc                 0000000140012d30 f   libucrt:fpexcept.obj
 0001:00011d58       _raise_exc_ex              0000000140012d58 f   libucrt:fpexcept.obj
 0001:00012068       _set_errno_from_matherr    0000000140013068 f   libucrt:fpexcept.obj
 0001:00012098       _clrfp                     0000000140013098 f   libucrt:fpctrl.obj
 0001:000120b8       _ctrlfp                    00000001400130b8 f   libucrt:fpctrl.obj
 0001:00012134       _set_statfp                0000000140013134 f   libucrt:fpctrl.obj
 0001:00012154       _statfp                    0000000140013154 f   libucrt:fpctrl.obj
 0001:00012168       strstr                     0000000140013168 f   libvcruntime:strstr.obj
 0001:00012360       wcschr                     0000000140013360 f   libvcruntime:wcschr.obj
 0001:000123dc       __C_specific_handler       00000001400133dc f   libvcruntime:riscchandler.obj
 0001:000125f0       memcpy_repmovs             00000001400135f0 f   libvcruntime:memcpy.obj
 0001:00012610       memmove                    0000000140013610 f   libvcruntime:memcpy.obj
 0001:00012610       memcpy                     0000000140013610 f   libvcruntime:memcpy.obj
 0001:00012ca0       memset_repmovs             0000000140013ca0 f   libvcruntime:memset.obj
 0001:00012cc0       memset                     0000000140013cc0 f   libvcruntime:memset.obj
 0001:00012e50       strrchr                    0000000140013e50 f   libvcruntime:strrchr.obj
 0001:00012fa0       memcmp                     0000000140013fa0 f   libvcruntime:memcmp.obj
 0001:00013080       _NLG_Notify                0000000140014080 f   libvcruntime:notify.obj
 0001:000130a0       __NLG_Dispatch2            00000001400140a0 f   libvcruntime:notify.obj
 0001:000130b0       __NLG_Return2              00000001400140b0 f   libvcruntime:notify.obj
 0001:000130b4       _initialize_denormal_control 00000001400140b4 f i libcmt:denormal_control.obj
 0001:000130b4       _initialize_invalid_parameter_handler 00000001400140b4 f i libcmt:invalid_parameter_handler.obj
 0001:000130b4       _guard_check_icall_nop     00000001400140b4 f i libvcruntime:jbcxrval.obj
 0001:000130b8       __except_validate_context_record 00000001400140b8 f   libvcruntime:jbcxrval.obj
 0001:000130f0       __DestructExceptionObject  00000001400140f0 f   libvcruntime:ehhelpers.obj
 0001:00013160       ?_CallMemberFunction0@@YAXQEAX0@Z 0000000140014160 f i libvcruntime:ehhelpers.obj
 0001:00013164       __current_exception        0000000140014164 f   libvcruntime:ehhelpers.obj
 0001:00013178       __current_exception_context 0000000140014178 f   libvcruntime:ehhelpers.obj
 0001:0001318c       __vcrt_freefls             000000014001418c f   libvcruntime:per_thread_data.obj
 0001:000131ac       __vcrt_getptd              00000001400141ac f   libvcruntime:per_thread_data.obj
 0001:000131c8       __vcrt_getptd_noexit       00000001400141c8 f   libvcruntime:per_thread_data.obj
 0001:00013288       __vcrt_initialize_ptd      0000000140014288 f   libvcruntime:per_thread_data.obj
 0001:000132d0       __vcrt_uninitialize_ptd    00000001400142d0 f   libvcruntime:per_thread_data.obj
 0001:00013444       __vcrt_FlsAlloc            0000000140014444 f   libvcruntime:winapi_downlevel.obj
 0001:0001348c       __vcrt_FlsFree             000000014001448c f   libvcruntime:winapi_downlevel.obj
 0001:000134d4       __vcrt_FlsGetValue         00000001400144d4 f   libvcruntime:winapi_downlevel.obj
 0001:0001351c       __vcrt_FlsSetValue         000000014001451c f   libvcruntime:winapi_downlevel.obj
 0001:00013570       __vcrt_InitializeCriticalSectionEx 0000000140014570 f   libvcruntime:winapi_downlevel.obj
 0001:000135d4       __raise_securityfailure    00000001400145d4 f   libcmt:gs_report.obj
 0001:00013608       __report_gsfailure         0000000140014608 f   libcmt:gs_report.obj
 0001:000136dc       __report_rangecheckfailure 00000001400146dc f   libcmt:gs_report.obj
 0001:000136f0       __report_securityfailure   00000001400146f0 f   libcmt:gs_report.obj
 0001:00013870       __GSHandlerCheck           0000000140014870 f   libcmt:gshandler.obj
 0001:00013890       __GSHandlerCheckCommon     0000000140014890 f   libcmt:gshandler.obj
 0001:00013900       __security_check_cookie    0000000140014900 f   libcmt:amdsecgs.obj
 0001:00013b80       wmainCRTStartup            0000000140014b80 f   libcmt:exe_wmain.obj
 0001:00013b94       __crt_debugger_hook        0000000140014b94 f   libcmt:utility_desktop.obj
 0001:00013b9c       __scrt_fastfail            0000000140014b9c f   libcmt:utility_desktop.obj
 0001:00013ce8       __scrt_initialize_mta      0000000140014ce8 f   libcmt:utility_desktop.obj
 0001:00013cf0       _get_startup_thread_locale_mode 0000000140014cf0 f   libcmt:thread_locale.obj
 0001:00013cf0       __scrt_stub_for_initialize_mta 0000000140014cf0 f   libcmt:utility_desktop.obj
 0001:00013cf0       _matherr                   0000000140014cf0 f   libcmt:matherr.obj
 0001:00013cf0       _get_startup_commit_mode   0000000140014cf0 f   libcmt:commit_mode.obj
 0001:00013cf0       _get_startup_new_mode      0000000140014cf0 f   libcmt:new_mode.obj
 0001:00013cf0       __scrt_exe_initialize_mta  0000000140014cf0 f   libcmt:utility_desktop.obj
 0001:00013cf0       __scrt_initialize_winrt    0000000140014cf0 f   libcmt:utility_desktop.obj
 0001:00013cf4       __scrt_is_managed_app      0000000140014cf4 f   libcmt:utility_desktop.obj
 0001:00013d48       __scrt_set_unhandled_exception_filter 0000000140014d48 f   libcmt:utility_desktop.obj
 0001:00013d58       __scrt_unhandled_exception_filter 0000000140014d58 f   libcmt:utility_desktop.obj
 0001:00013db4       __isa_available_init       0000000140014db4 f   libcmt:cpu_disp.obj
 0001:00013f70       __chkstk                   0000000140014f70 f   libcmt:chkstk.obj
 0001:00013f70       _alloca_probe              0000000140014f70 f   libcmt:chkstk.obj
 0001:00013fc0       _FindPESection             0000000140014fc0 f   libcmt:pesect.obj
 0001:00014010       _IsNonwritableInCurrentImage 0000000140015010 f   libcmt:pesect.obj
 0001:00014060       _ValidateImageBase         0000000140015060 f   libcmt:pesect.obj
 0001:00014090       __scrt_acquire_startup_lock 0000000140015090 f   libcmt:utility.obj
 0001:000140cc       __scrt_initialize_crt      00000001400150cc f   libcmt:utility.obj
 0001:00014118       __scrt_initialize_onexit_tables 0000000140015118 f   libcmt:utility.obj
 0001:000141a4       __scrt_is_nonwritable_in_current_image 00000001400151a4 f   libcmt:utility.obj
 0001:0001423c       __scrt_release_startup_lock 000000014001523c f   libcmt:utility.obj
 0001:00014260       __scrt_uninitialize_crt    0000000140015260 f   libcmt:utility.obj
 0001:0001428c       _onexit                    000000014001528c f   libcmt:utility.obj
 0001:000142c8       atexit                     00000001400152c8 f   libcmt:utility.obj
 0001:000142e0       __security_init_cookie     00000001400152e0 f   libcmt:gs_support.obj
 0001:0001438c       _get_startup_argv_mode     000000014001538c f   libcmt:argv_mode.obj
 0001:00014394       _get_startup_file_mode     0000000140015394 f   libcmt:file_mode.obj
 0001:0001439c       ?__scrt_initialize_type_info@@YAXXZ 000000014001539c f   libcmt:tncleanup.obj
 0001:000143ac       __acrt_uninitialize_command_line 00000001400153ac f   libucrt:argv_data.obj
 0001:000143ac       _should_initialize_environment 00000001400153ac f   libcmt:env_mode.obj
 0001:000143b0       __local_stdio_scanf_options 00000001400153b0 f i libcmt:default_local_stdio_options.obj
 0001:000143b8       __scrt_initialize_default_local_stdio_options 00000001400153b8 f   libcmt:default_local_stdio_options.obj
 0001:000143d4       __scrt_is_user_matherr_present 00000001400153d4 f   libcmt:matherr_detection.obj
 0001:000143e0       __scrt_get_dyn_tls_init_callback 00000001400153e0 f   libcmt:dyn_tls_init.obj
 0001:000143e8       __scrt_get_dyn_tls_dtor_callback 00000001400153e8 f   libcmt:dyn_tls_dtor.obj
 0001:000143f0       _RTC_Initialize            00000001400153f0 f   libcmt:initsect.obj
 0001:0001442c       _RTC_Terminate             000000014001542c f   libcmt:initsect.obj
 0001:00014470       __scrt_is_ucrt_dll_in_use  0000000140015470 f   libcmt:ucrt_detection.obj
 0001:0001447c       calloc                     000000014001547c f   libucrt:calloc.obj
 0001:00014484       free                       0000000140015484 f   libucrt:free.obj
 0001:00014638       __acrt_allocate_buffer_for_argv 0000000140015638 f   libucrt:argv_parsing.obj
 0001:00014698       _configure_wide_argv       0000000140015698 f   libucrt:argv_parsing.obj
 0001:00014ac8       __dcrt_get_or_create_wide_environment_nolock 0000000140015ac8 f   libucrt:environment_initialization.obj
 0001:00014b04       __dcrt_uninitialize_environments_nolock 0000000140015b04 f   libucrt:environment_initialization.obj
 0001:00014b3c       _get_initial_wide_environment 0000000140015b3c f   libucrt:environment_initialization.obj
 0001:00014b8c       _initialize_wide_environment 0000000140015b8c f   libucrt:environment_initialization.obj
 0001:00014b94       _set_fmode                 0000000140015b94 f   libucrt:setmode.obj
 0001:00014bd4       __acrt_initialize_command_line 0000000140015bd4 f   libucrt:argv_data.obj
 0001:00014bfc       __p___argc                 0000000140015bfc f   libucrt:argv_data.obj
 0001:00014c04       __p___wargv                0000000140015c04 f   libucrt:argv_data.obj
 0001:00014c0c       __p__commode               0000000140015c0c f   libucrt:ncommode.obj
 0001:00014d40       __acrt_initialize          0000000140015d40 f   libucrt:initialization.obj
 0001:00014d54       __acrt_uninitialize        0000000140015d54 f   libucrt:initialization.obj
 0001:000152f8       __acrt_expand_wide_argv_wildcards 00000001400162f8 f   libucrt:argv_wildcards.obj
 0001:00015300       __dcrt_get_wide_environment_from_os 0000000140016300 f   libucrt:get_environment_from_os.obj
 0001:000157b4       __dcrt_set_variable_in_wide_environment_nolock 00000001400167b4 f   libucrt:setenv.obj
 0001:000157bc       __acrt_initialize_fmode    00000001400167bc f   libucrt:txtmode.obj
 0001:000157d8       __acrt_execute_initializers 00000001400167d8 f   libucrt:shared_initialization.obj
 0001:00015858       __acrt_execute_uninitializers 0000000140016858 f   libucrt:shared_initialization.obj
 0001:000158a0       qsort                      00000001400168a0 f   libucrt:qsort.obj
 0001:00015c40       _wcsnicoll                 0000000140016c40 f   libucrt:wcsnicol.obj
 0001:00015c90       _wcsnicoll_l               0000000140016c90 f   libucrt:wcsnicol.obj
 0001:00015d80       __acrt_CompareStringW      0000000140016d80 f   libucrt:comparestringw.obj
 0001:00015e40       __vcrt_initialize          0000000140016e40 f   libvcruntime:initialization.obj
 0001:00015e68       __vcrt_uninitialize        0000000140016e68 f   libvcruntime:initialization.obj
 0001:00015e84       __vcrt_initialize_locks    0000000140016e84 f   libvcruntime:locks.obj
 0001:00015ecc       __vcrt_uninitialize_locks  0000000140016ecc f   libvcruntime:locks.obj
 0001:00015f20       _CallSettingFrame          0000000140016f20 f   libvcruntime:handlers.obj
 0001:00015f70       _CallSettingFrame_LookupContinuationIndex 0000000140016f70 f   libvcruntime:handlers.obj
 0001:00015fa0       _CallSettingFrame_NotifyContinuationAddr 0000000140016fa0 f   libvcruntime:handlers.obj
 0001:00015fd0       _CallSettingFrameEncoded   0000000140016fd0 f   libvcruntime:handlers.obj
 0001:00016030       strncmp                    0000000140017030 f   libucrt:strncmp.obj
 0001:000160c0       _guard_dispatch_icall_nop  00000001400170c0 f   libcmt:guard_dispatch.obj
 0001:000160e0       _guard_xfg_dispatch_icall_nop 00000001400170e0 f   libcmt:guard_xfg_dispatch.obj
 0002:00000000       __imp_GetStdHandle         0000000140018000     kernel32:KERNEL32.dll
 0002:00000008       __imp_CreateFileW          0000000140018008     kernel32:KERNEL32.dll
 0002:00000010       __imp_FindClose            0000000140018010     kernel32:KERNEL32.dll
 0002:00000018       __imp_FindFirstFileW       0000000140018018     kernel32:KERNEL32.dll
 0002:00000020       __imp_FindNextFileW        0000000140018020     kernel32:KERNEL32.dll
 0002:00000028       __imp_GetFileSizeEx        0000000140018028     kernel32:KERNEL32.dll
 0002:00000030       __imp_GetFullPathNameW     0000000140018030     kernel32:KERNEL32.dll
 0002:00000038       __imp_WriteFile            0000000140018038     kernel32:KERNEL32.dll
 0002:00000040       __imp_CloseHandle          0000000140018040     kernel32:KERNEL32.dll
 0002:00000048       __imp_GetLastError         0000000140018048     kernel32:KERNEL32.dll
 0002:00000050       __imp_VirtualAlloc         0000000140018050     kernel32:KERNEL32.dll
 0002:00000058       __imp_VirtualFree          0000000140018058     kernel32:KERNEL32.dll
 0002:00000060       __imp_CreateFileMappingW   0000000140018060     kernel32:KERNEL32.dll
 0002:00000068       __imp_MapViewOfFile        0000000140018068     kernel32:KERNEL32.dll
 0002:00000070       __imp_UnmapViewOfFile      0000000140018070     kernel32:KERNEL32.dll
 0002:00000078       __imp_MultiByteToWideChar  0000000140018078     kernel32:KERNEL32.dll
 0002:00000080       __imp_GetConsoleMode       0000000140018080     kernel32:KERNEL32.dll
 0002:00000088       __imp_SetConsoleMode       0000000140018088     kernel32:KERNEL32.dll
 0002:00000090       __imp_WriteConsoleW        0000000140018090     kernel32:KERNEL32.dll
 0002:00000098       __imp_EnterCriticalSection 0000000140018098     kernel32:KERNEL32.dll
 0002:000000a0       __imp_LeaveCriticalSection 00000001400180a0     kernel32:KERNEL32.dll
 0002:000000a8       __imp_DeleteCriticalSection 00000001400180a8     kernel32:KERNEL32.dll
 0002:000000b0       __imp_GetFileType          00000001400180b0     kernel32:KERNEL32.dll
 0002:000000b8       __imp_GetModuleFileNameW   00000001400180b8     kernel32:KERNEL32.dll
 0002:000000c0       __imp_GetModuleHandleExW   00000001400180c0     kernel32:KERNEL32.dll
 0002:000000c8       __imp_RtlCaptureContext    00000001400180c8     kernel32:KERNEL32.dll
 0002:000000d0       __imp_RtlLookupFunctionEntry 00000001400180d0     kernel32:KERNEL32.dll
 0002:000000d8       __imp_RtlVirtualUnwind     00000001400180d8     kernel32:KERNEL32.dll
 0002:000000e0       __imp_IsDebuggerPresent    00000001400180e0     kernel32:KERNEL32.dll
 0002:000000e8       __imp_UnhandledExceptionFilter 00000001400180e8     kernel32:KERNEL32.dll
 0002:000000f0       __imp_SetUnhandledExceptionFilter 00000001400180f0     kernel32:KERNEL32.dll
 0002:000000f8       __imp_GetCurrentProcess    00000001400180f8     kernel32:KERNEL32.dll
 0002:00000100       __imp_TerminateProcess     0000000140018100     kernel32:KERNEL32.dll
 0002:00000108       __imp_IsProcessorFeaturePresent 0000000140018108     kernel32:KERNEL32.dll
 0002:00000110       __imp_HeapAlloc            0000000140018110     kernel32:KERNEL32.dll
 0002:00000118       __imp_HeapFree             0000000140018118     kernel32:KERNEL32.dll
 0002:00000120       __imp_InitializeCriticalSectionAndSpinCount 0000000140018120     kernel32:KERNEL32.dll
 0002:00000128       __imp_TlsAlloc             0000000140018128     kernel32:KERNEL32.dll
 0002:00000130       __imp_TlsGetValue          0000000140018130     kernel32:KERNEL32.dll
 0002:00000138       __imp_TlsSetValue          0000000140018138     kernel32:KERNEL32.dll
 0002:00000140       __imp_TlsFree              0000000140018140     kernel32:KERNEL32.dll
 0002:00000148       __imp_GetSystemTimeAsFileTime 0000000140018148     kernel32:KERNEL32.dll
 0002:00000150       __imp_FreeLibrary          0000000140018150     kernel32:KERNEL32.dll
 0002:00000158       __imp_GetProcAddress       0000000140018158     kernel32:KERNEL32.dll
 0002:00000160       __imp_LoadLibraryExW       0000000140018160     kernel32:KERNEL32.dll
 0002:00000168       __imp_CompareStringW       0000000140018168     kernel32:KERNEL32.dll
 0002:00000170       __imp_LCMapStringW         0000000140018170     kernel32:KERNEL32.dll
 0002:00000178       __imp_GetStartupInfoW      0000000140018178     kernel32:KERNEL32.dll
 0002:00000180       __imp_SetLastError         0000000140018180     kernel32:KERNEL32.dll
 0002:00000188       __imp_GetCurrentThreadId   0000000140018188     kernel32:KERNEL32.dll
 0002:00000190       __imp_ExitProcess          0000000140018190     kernel32:KERNEL32.dll
 0002:00000198       __imp_GetModuleHandleW     0000000140018198     kernel32:KERNEL32.dll
 0002:000001a0       __imp_OutputDebugStringW   00000001400181a0     kernel32:KERNEL32.dll
 0002:000001a8       __imp_GetProcessHeap       00000001400181a8     kernel32:KERNEL32.dll
 0002:000001b0       __imp_FlushFileBuffers     00000001400181b0     kernel32:KERNEL32.dll
 0002:000001b8       __imp_GetConsoleOutputCP   00000001400181b8     kernel32:KERNEL32.dll
 0002:000001c0       __imp_SetStdHandle         00000001400181c0     kernel32:KERNEL32.dll
 0002:000001c8       __imp_GetCPInfo            00000001400181c8     kernel32:KERNEL32.dll
 0002:000001d0       __imp_WideCharToMultiByte  00000001400181d0     kernel32:KERNEL32.dll
 0002:000001d8       __imp_IsValidCodePage      00000001400181d8     kernel32:KERNEL32.dll
 0002:000001e0       __imp_GetACP               00000001400181e0     kernel32:KERNEL32.dll
 0002:000001e8       __imp_GetOEMCP             00000001400181e8     kernel32:KERNEL32.dll
 0002:000001f0       __imp_SetFilePointerEx     00000001400181f0     kernel32:KERNEL32.dll
 0002:000001f8       __imp_GetStringTypeW       00000001400181f8     kernel32:KERNEL32.dll
 0002:00000200       __imp_HeapSize             0000000140018200     kernel32:KERNEL32.dll
 0002:00000208       __imp_HeapReAlloc          0000000140018208     kernel32:KERNEL32.dll
 0002:00000210       __imp_RaiseException       0000000140018210     kernel32:KERNEL32.dll
 0002:00000218       __imp_RtlUnwindEx          0000000140018218     kernel32:KERNEL32.dll
 0002:00000220       __imp_QueryPerformanceCounter 0000000140018220     kernel32:KERNEL32.dll
 0002:00000228       __imp_GetCurrentProcessId  0000000140018228     kernel32:KERNEL32.dll
 0002:00000230       __imp_InitializeSListHead  0000000140018230     kernel32:KERNEL32.dll
 0002:00000238       __imp_GetCommandLineA      0000000140018238     kernel32:KERNEL32.dll
 0002:00000240       __imp_GetCommandLineW      0000000140018240     kernel32:KERNEL32.dll
 0002:00000248       __imp_FindFirstFileExW     0000000140018248     kernel32:KERNEL32.dll
 0002:00000250       __imp_GetEnvironmentStringsW 0000000140018250     kernel32:KERNEL32.dll
 0002:00000258       __imp_FreeEnvironmentStringsW 0000000140018258     kernel32:KERNEL32.dll
 0002:00000260       __imp_SetEnvironmentVariableW 0000000140018260     kernel32:KERNEL32.dll
 0002:00000268       \177KERNEL32_NULL_THUNK_DATA 0000000140018268     kernel32:KERNEL32.dll
 0002:00000270       __imp_PathIsDirectoryW     0000000140018270     shlwapi:SHLWAPI.dll
 0002:00000278       \177SHLWAPI_NULL_THUNK_DATA 0000000140018278     shlwapi:SHLWAPI.dll
 0002:00000280       __guard_check_icall_fptr   0000000140018280     libvcruntime:jbcxrval.obj
 0002:00000288       __guard_xfg_check_icall_fptr 0000000140018288     libcmt:guard_support.obj
 0002:00000290       __guard_dispatch_icall_fptr 0000000140018290     libcmt:guard_support.obj
 0002:00000298       __guard_xfg_dispatch_icall_fptr 0000000140018298     libcmt:guard_support.obj
 0002:000002a0       __guard_xfg_table_dispatch_icall_fptr 00000001400182a0     libcmt:guard_support.obj
 0002:000002a8       __castguard_check_failure_os_handled_fptr 00000001400182a8     libcmt:guard_support.obj
 0002:000002b0       __xc_a                     00000001400182b0     libcmt:initializers.obj
 0002:000002c0       __xc_z                     00000001400182c0     libcmt:initializers.obj
 0002:000002c8       __xi_a                     00000001400182c8     libcmt:initializers.obj
 0002:000002e0       __acrt_stdio_initializer   00000001400182e0     libucrt:stdio_initializer.obj
 0002:000002e8       __acrt_multibyte_initializer 00000001400182e8     libucrt:multibyte_initializer.obj
 0002:000002f0       __acrt_tran_fma3_initializer 00000001400182f0     libucrt:fma3_initializer.obj
 0002:000002f8       __acrt_fmode_initializer   00000001400182f8     libucrt:fmode_initializer.obj
 0002:00000300       __xi_z                     0000000140018300     libcmt:initializers.obj
 0002:00000308       __xp_a                     0000000140018308     libcmt:initializers.obj
 0002:00000310       __acrt_locale_terminator   0000000140018310     libucrt:locale_initializer.obj
 0002:00000318       __dcrt_console_output_terminator 0000000140018318     libucrt:console_output_initializer.obj
 0002:00000320       __acrt_stdio_terminator    0000000140018320     libucrt:stdio_initializer.obj
 0002:00000328       __xp_z                     0000000140018328     libcmt:initializers.obj
 0002:00000330       __xt_a                     0000000140018330     libcmt:initializers.obj
 0002:00000338       __xt_z                     0000000140018338     libcmt:initializers.obj
 0002:00000b90       ??_C@_1EE@CPHCOECC@?$AAE?$AA?3?$AA?2?$AAd?$AAe?$AAv?$AA?2?$AAc?$AAp?$AAp?$AA?2?$AAp?$AAa?$AAr?$AAs@ 0000000140018b90     main.obj
 0002:00000bd8       ??_C@_1BI@BJEPMCGD@?$AAm?$AA_?$AAh?$AAa?$AAs?$AA_?$AAv?$AAa?$AAl?$AAu?$AAe@ 0000000140018bd8     main.obj
 0002:00000bf0       ?standard_lookup_table_spectre@__crt_stdio_output@@3V?$spectre_mitigated_lookup_table@Ustate_transition_pair@__crt_stdio_output@@$0IA@@1@B 0000000140018bf0     libucrt:output.obj
 0002:00000ff0       ??_C@_1O@CEDCILHN@?$AA?$CI?$AAn?$AAu?$AAl?$AAl?$AA?$CJ@ 0000000140018ff0     libucrt:output.obj
 0002:00001000       ??_C@_06OJHGLDPL@?$CInull?$CJ@ 0000000140019000     libucrt:output.obj
 0002:00001010       ??_C@_1FE@LHBLIKM@?$AAA?$AAs?$AAs?$AAe?$AAr?$AAt?$AAi?$AAo?$AAn?$AA?5?$AAf?$AAa?$AAi?$AAl?$AAe@ 0000000140019010     libucrt:assert.obj
 0002:00001070       ??_C@_1EK@MBDPDCGA@?$AAM?$AAi?$AAc?$AAr?$AAo?$AAs?$AAo?$AAf?$AAt?$AA?5?$AAV?$AAi?$AAs?$AAu?$AAa@ 0000000140019070     libucrt:assert.obj
 0002:000010c0       ??_C@_1CE@OJBNHDMO@?$AAA?$AAs?$AAs?$AAe?$AAr?$AAt?$AAi?$AAo?$AAn?$AA?5?$AAf?$AAa?$AAi?$AAl?$AAe@ 00000001400190c0     libucrt:assert.obj
 0002:000010e8       ??_C@_1BE@PHKBBGE@?$AAP?$AAr?$AAo?$AAg?$AAr?$AAa?$AAm?$AA?3?$AA?5@ 00000001400190e8     libucrt:assert.obj
 0002:00001100       ??_C@_1O@HEMHKNDC@?$AAF?$AAi?$AAl?$AAe?$AA?3?$AA?5@ 0000000140019100     libucrt:assert.obj
 0002:00001110       ??_C@_1O@KCAFKHJE@?$AAL?$AAi?$AAn?$AAe?$AA?3?$AA?5@ 0000000140019110     libucrt:assert.obj
 0002:00001120       ??_C@_1BK@PEDCIPMA@?$AAE?$AAx?$AAp?$AAr?$AAe?$AAs?$AAs?$AAi?$AAo?$AAn?$AA?3?$AA?5@ 0000000140019120     libucrt:assert.obj
 0002:00001140       ??_C@_1OA@EGMLFBHJ@?$AAF?$AAo?$AAr?$AA?5?$AAi?$AAn?$AAf?$AAo?$AAr?$AAm?$AAa?$AAt?$AAi?$AAo?$AAn@ 0000000140019140     libucrt:assert.obj
 0002:00001220       ??_C@_1HK@POCJMFGK@?$AA?$CI?$AAP?$AAr?$AAe?$AAs?$AAs?$AA?5?$AAR?$AAe?$AAt?$AAr?$AAy?$AA?5?$AAt?$AAo@ 0000000140019220     libucrt:assert.obj
 0002:000012a0       ??_C@_17LGKOMLJ@?$AA?4?$AA?4?$AA?4@ 00000001400192a0     libucrt:assert.obj
 0002:000012a8       ??_C@_13LBAGMAIH@?$AA?6@   00000001400192a8     libucrt:assert.obj
 0002:000012ac       ??_C@_15IABLJNFO@?$AA?6?$AA?6@ 00000001400192ac     libucrt:assert.obj
 0002:000012b8       ??_C@_1CO@EAEJAADC@?$AA?$DM?$AAp?$AAr?$AAo?$AAg?$AAr?$AAa?$AAm?$AA?5?$AAn?$AAa?$AAm?$AAe?$AA?5?$AAu@ 00000001400192b8     libucrt:assert.obj
 0002:00001500       ??_C@_1EA@JGEFHKEI@?$AAa?$AAp?$AAi?$AA?9?$AAm?$AAs?$AA?9?$AAw?$AAi?$AAn?$AA?9?$AAc?$AAo?$AAr?$AAe@ 0000000140019500     libucrt:winapi_thunks.obj
 0002:00001540       ??_C@_1DM@KHCHBNEB@?$AAa?$AAp?$AAi?$AA?9?$AAm?$AAs?$AA?9?$AAw?$AAi?$AAn?$AA?9?$AAc?$AAo?$AAr?$AAe@ 0000000140019540     libucrt:winapi_thunks.obj
 0002:00001580       ??_C@_1DI@IJCEHOCB@?$AAa?$AAp?$AAi?$AA?9?$AAm?$AAs?$AA?9?$AAw?$AAi?$AAn?$AA?9?$AAc?$AAo?$AAr?$AAe@ 0000000140019580     libucrt:winapi_thunks.obj
 0002:000015c0       ??_C@_1EI@MPIAOHOC@?$AAa?$AAp?$AAi?$AA?9?$AAm?$AAs?$AA?9?$AAw?$AAi?$AAn?$AA?9?$AAc?$AAo?$AAr?$AAe@ 00000001400195c0     libucrt:winapi_thunks.obj
 0002:00001610       ??_C@_1FK@FPHCKFIE@?$AAa?$AAp?$AAi?$AA?9?$AAm?$AAs?$AA?9?$AAw?$AAi?$AAn?$AA?9?$AAc?$AAo?$AAr?$AAe@ 0000000140019610     libucrt:winapi_thunks.obj
 0002:00001670       ??_C@_1EM@DILCGIIO@?$AAa?$AAp?$AAi?$AA?9?$AAm?$AAs?$AA?9?$AAw?$AAi?$AAn?$AA?9?$AAc?$AAo?$AAr?$AAe@ 0000000140019670     libucrt:winapi_thunks.obj
 0002:000016c0       ??_C@_1DM@LNCGDDPN@?$AAa?$AAp?$AAi?$AA?9?$AAm?$AAs?$AA?9?$AAw?$AAi?$AAn?$AA?9?$AAc?$AAo?$AAr?$AAe@ 00000001400196c0     libucrt:winapi_thunks.obj
 0002:00001700       ??_C@_1DK@LPPGFMPP@?$AAa?$AAp?$AAi?$AA?9?$AAm?$AAs?$AA?9?$AAw?$AAi?$AAn?$AA?9?$AAc?$AAo?$AAr?$AAe@ 0000000140019700     libucrt:winapi_thunks.obj
 0002:00001740       ??_C@_1DO@FPAPJEMD@?$AAa?$AAp?$AAi?$AA?9?$AAm?$AAs?$AA?9?$AAw?$AAi?$AAn?$AA?9?$AAc?$AAo?$AAr?$AAe@ 0000000140019740     libucrt:winapi_thunks.obj
 0002:00001780       ??_C@_1DK@NDHNAHIO@?$AAa?$AAp?$AAi?$AA?9?$AAm?$AAs?$AA?9?$AAw?$AAi?$AAn?$AA?9?$AAc?$AAo?$AAr?$AAe@ 0000000140019780     libucrt:winapi_thunks.obj
 0002:000017c0       ??_C@_1DM@KGHDGBCM@?$AAa?$AAp?$AAi?$AA?9?$AAm?$AAs?$AA?9?$AAw?$AAi?$AAn?$AA?9?$AAc?$AAo?$AAr?$AAe@ 00000001400197c0     libucrt:winapi_thunks.obj
 0002:00001800       ??_C@_1EO@IJIOEFOH@?$AAa?$AAp?$AAi?$AA?9?$AAm?$AAs?$AA?9?$AAw?$AAi?$AAn?$AA?9?$AAr?$AAt?$AAc?$AAo@ 0000000140019800     libucrt:winapi_thunks.obj
 0002:00001850       ??_C@_1FG@HHGEKANL@?$AAa?$AAp?$AAi?$AA?9?$AAm?$AAs?$AA?9?$AAw?$AAi?$AAn?$AA?9?$AAs?$AAe?$AAc?$AAu@ 0000000140019850     libucrt:winapi_thunks.obj
 0002:000018b0       ??_C@_1EG@DBIOJECG@?$AAe?$AAx?$AAt?$AA?9?$AAm?$AAs?$AA?9?$AAw?$AAi?$AAn?$AA?9?$AAn?$AAt?$AAu?$AAs@ 00000001400198b0     libucrt:winapi_thunks.obj
 0002:00001900       ??_C@_1EO@FIHMJCLF@?$AAe?$AAx?$AAt?$AA?9?$AAm?$AAs?$AA?9?$AAw?$AAi?$AAn?$AA?9?$AAn?$AAt?$AAu?$AAs@ 0000000140019900     libucrt:winapi_thunks.obj
 0002:00001950       ??_C@_1BC@DNHGCMLG@?$AAa?$AAd?$AAv?$AAa?$AAp?$AAi?$AA3?$AA2@ 0000000140019950     libucrt:winapi_thunks.obj
 0002:00001968       ??_C@_1BC@GDMECMAK@?$AAk?$AAe?$AAr?$AAn?$AAe?$AAl?$AA3?$AA2@ 0000000140019968     libucrt:winapi_thunks.obj
 0002:00001980       ??_C@_1M@OAIMIKLP@?$AAn?$AAt?$AAd?$AAl?$AAl@ 0000000140019980     libucrt:winapi_thunks.obj
 0002:00001990       ??_C@_1EG@DPGNFKGC@?$AAa?$AAp?$AAi?$AA?9?$AAm?$AAs?$AA?9?$AAw?$AAi?$AAn?$AA?9?$AAa?$AAp?$AAp?$AAm@ 0000000140019990     libucrt:winapi_thunks.obj
 0002:000019d8       ??_C@_1O@BCCLBEOE@?$AAu?$AAs?$AAe?$AAr?$AA3?$AA2@ 00000001400199d8     libucrt:winapi_thunks.obj
 0002:000019e8       ??_C@_1BA@PFFKHIOG@?$AAa?$AAp?$AAi?$AA?9?$AAm?$AAs?$AA?9@ 00000001400199e8     libucrt:winapi_thunks.obj
 0002:000019f8       ??_C@_1BA@IAIFMGEF@?$AAe?$AAx?$AAt?$AA?9?$AAm?$AAs?$AA?9@ 00000001400199f8     libucrt:winapi_thunks.obj
 0002:00001a10       ??_C@_0BA@IHGNDAEB@CompareStringEx@ 0000000140019a10     libucrt:winapi_thunks.obj
 0002:00001a28       ??_C@_08KNHFBNJ@FlsAlloc@  0000000140019a28     libucrt:winapi_thunks.obj
 0002:00001a40       ??_C@_07PEJMOBNF@FlsFree@  0000000140019a40     libucrt:winapi_thunks.obj
 0002:00001a50       ??_C@_0M@GDNOONDI@FlsGetValue@ 0000000140019a50     libucrt:winapi_thunks.obj
 0002:00001a68       ??_C@_0M@JCPCPOEF@FlsSetValue@ 0000000140019a68     libucrt:winapi_thunks.obj
 0002:00001a80       ??_C@_0BA@HNOPNCHB@GetActiveWindow@ 0000000140019a80     libucrt:winapi_thunks.obj
 0002:00001a98       ??_C@_0BD@HHGDFDBJ@GetLastActivePopup@ 0000000140019a98     libucrt:winapi_thunks.obj
 0002:00001ab8       ??_C@_0BI@DFKBFLJE@GetProcessWindowStation@ 0000000140019ab8     libucrt:winapi_thunks.obj
 0002:00001ad8       ??_C@_0BK@DEKFELLI@GetUserObjectInformationW@ 0000000140019ad8     libucrt:winapi_thunks.obj
 0002:00001b00       ??_C@_0BM@HCFOFFN@InitializeCriticalSectionEx@ 0000000140019b00     libucrt:winapi_thunks.obj
 0002:00001b28       ??_C@_0O@KKBNKAPF@LCMapStringEx@ 0000000140019b28     libucrt:winapi_thunks.obj
 0002:00001b40       ??_C@_0BB@HBDEELFH@LocaleNameToLCID@ 0000000140019b40     libucrt:winapi_thunks.obj
 0002:00001b60       ??_C@_0M@CHKKJDAI@MessageBoxA@ 0000000140019b60     libucrt:winapi_thunks.obj
 0002:00001b78       ??_C@_0M@DLDCCGNP@MessageBoxW@ 0000000140019b78     libucrt:winapi_thunks.obj
 0002:00001b88       ??_C@_0CF@OJOFEIGO@AppPolicyGetProcessTerminationM@ 0000000140019b88     libucrt:winapi_thunks.obj
 0002:00001bb8       ??_C@_0CE@OICFMIKE@AppPolicyGetShowDeveloperDiagno@ 0000000140019bb8     libucrt:winapi_thunks.obj
 0002:00001be0       ??_C@_0BL@ODDJNEDA@AppPolicyGetWindowingModel@ 0000000140019be0     libucrt:winapi_thunks.obj
 0002:00001c80       ??_C@_03OEIAHPBN@INF@      0000000140019c80     libucrt:cvt.obj
 0002:00001c84       ??_C@_03OJHLLCGB@inf@      0000000140019c84     libucrt:cvt.obj
 0002:00001c88       ??_C@_03LKNCIKJB@NAN@      0000000140019c88     libucrt:cvt.obj
 0002:00001c8c       ??_C@_03LHCJEHON@nan@      0000000140019c8c     libucrt:cvt.obj
 0002:00001c90       ??_C@_09OFJJIMPC@NAN?$CISNAN?$CJ@ 0000000140019c90     libucrt:cvt.obj
 0002:00001ca0       ??_C@_09IPFBKMDL@nan?$CIsnan?$CJ@ 0000000140019ca0     libucrt:cvt.obj
 0002:00001cb0       ??_C@_08IKHNHAJ@NAN?$CIIND?$CJ@ 0000000140019cb0     libucrt:cvt.obj
 0002:00001cc0       ??_C@_08OFCDMILK@nan?$CIind?$CJ@ 0000000140019cc0     libucrt:cvt.obj
 0002:00001ccc       ??_C@_05KLBDPFGC@e?$CL000@ 0000000140019ccc     libucrt:cvt.obj
 0002:00001ce0       __lc_time_c                0000000140019ce0     libucrt:nlsdata.obj
 0002:00001fa0       ??_C@_03KOEHGMDN@Sun@      0000000140019fa0     libucrt:nlsdata.obj
 0002:00001fa4       ??_C@_03PDAGKDH@Mon@       0000000140019fa4     libucrt:nlsdata.obj
 0002:00001fa8       ??_C@_03NAGEINEP@Tue@      0000000140019fa8     libucrt:nlsdata.obj
 0002:00001fac       ??_C@_03MHOMLAJA@Wed@      0000000140019fac     libucrt:nlsdata.obj
 0002:00001fb0       ??_C@_03IOFIKPDN@Thu@      0000000140019fb0     libucrt:nlsdata.obj
 0002:00001fb4       ??_C@_03IDIOELNC@Fri@      0000000140019fb4     libucrt:nlsdata.obj
 0002:00001fb8       ??_C@_03FEFJNEK@Sat@       0000000140019fb8     libucrt:nlsdata.obj
 0002:00001fbc       ??_C@_06OOPIFAJ@Sunday@    0000000140019fbc     libucrt:nlsdata.obj
 0002:00001fc4       ??_C@_06JLEDEDGH@Monday@   0000000140019fc4     libucrt:nlsdata.obj
 0002:00001fd0       ??_C@_07BAAGCFCM@Tuesday@  0000000140019fd0     libucrt:nlsdata.obj
 0002:00001fd8       ??_C@_09DLIGFAKA@Wednesday@ 0000000140019fd8     libucrt:nlsdata.obj
 0002:00001fe8       ??_C@_08HACCIKIA@Thursday@ 0000000140019fe8     libucrt:nlsdata.obj
 0002:00001ff4       ??_C@_06JECMNKMI@Friday@   0000000140019ff4     libucrt:nlsdata.obj
 0002:00002000       ??_C@_08INBOOONO@Saturday@ 000000014001a000     libucrt:nlsdata.obj
 0002:0000200c       ??_C@_03JIHJHPIE@Jan@      000000014001a00c     libucrt:nlsdata.obj
 0002:00002010       ??_C@_03HJBDCHOM@Feb@      000000014001a010     libucrt:nlsdata.obj
 0002:00002014       ??_C@_03ODNJBKGA@Mar@      000000014001a014     libucrt:nlsdata.obj
 0002:00002018       ??_C@_03LEOLGMJP@Apr@      000000014001a018     libucrt:nlsdata.obj
 0002:0000201c       ??_C@_03CNMDKL@May@        000000014001a01c     libucrt:nlsdata.obj
 0002:00002020       ??_C@_03IDFGHECI@Jun@      000000014001a020     libucrt:nlsdata.obj
 0002:00002024       ??_C@_03LBGABGKK@Jul@      000000014001a024     libucrt:nlsdata.obj
 0002:00002028       ??_C@_03IFJFEIGA@Aug@      000000014001a028     libucrt:nlsdata.obj
 0002:0000202c       ??_C@_03GGCAPAJC@Sep@      000000014001a02c     libucrt:nlsdata.obj
 0002:00002030       ??_C@_03BMAOKBAD@Oct@      000000014001a030     libucrt:nlsdata.obj
 0002:00002034       ??_C@_03JPJOFNIA@Nov@      000000014001a034     libucrt:nlsdata.obj
 0002:00002038       ??_C@_03MKABNOCG@Dec@      000000014001a038     libucrt:nlsdata.obj
 0002:00002040       ??_C@_07CGJPFGJA@January@  000000014001a040     libucrt:nlsdata.obj
 0002:00002048       ??_C@_08GNJGEPFN@February@ 000000014001a048     libucrt:nlsdata.obj
 0002:00002054       ??_C@_05HPCKOFNC@March@    000000014001a054     libucrt:nlsdata.obj
 0002:0000205c       ??_C@_05DMJDNLEJ@April@    000000014001a05c     libucrt:nlsdata.obj
 0002:00002064       ??_C@_04CNLMGBGM@June@     000000014001a064     libucrt:nlsdata.obj
 0002:0000206c       ??_C@_04MIEPOIFP@July@     000000014001a06c     libucrt:nlsdata.obj
 0002:00002074       ??_C@_06LBBHFDDG@August@   000000014001a074     libucrt:nlsdata.obj
 0002:00002080       ??_C@_09BHHEALKD@September@ 000000014001a080     libucrt:nlsdata.obj
 0002:00002090       ??_C@_07JJNFCEND@October@  000000014001a090     libucrt:nlsdata.obj
 0002:00002098       ??_C@_08HCHEGEOA@November@ 000000014001a098     libucrt:nlsdata.obj
 0002:000020a8       ??_C@_08EDHMEBNP@December@ 000000014001a0a8     libucrt:nlsdata.obj
 0002:000020b4       ??_C@_02DEDBPAFC@AM@       000000014001a0b4     libucrt:nlsdata.obj
 0002:000020b8       ??_C@_02CJNFDJBF@PM@       000000014001a0b8     libucrt:nlsdata.obj
 0002:000020c0       ??_C@_08BPBNCDIB@MM?1dd?1yy@ 000000014001a0c0     libucrt:nlsdata.obj
 0002:000020d0       ??_C@_0BE@CKGJFCPC@dddd?0?5MMMM?5dd?0?5yyyy@ 000000014001a0d0     libucrt:nlsdata.obj
 0002:000020e8       ??_C@_08JCCMCCIL@HH?3mm?3ss@ 000000014001a0e8     libucrt:nlsdata.obj
 0002:000020f8       ??_C@_17MBGCMIPB@?$AAS?$AAu?$AAn@ 000000014001a0f8     libucrt:nlsdata.obj
 0002:00002100       ??_C@_17KBOMKBF@?$AAM?$AAo?$AAn@ 000000014001a100     libucrt:nlsdata.obj
 0002:00002108       ??_C@_17BMKGEGOJ@?$AAT?$AAu?$AAe@ 000000014001a108     libucrt:nlsdata.obj
 0002:00002110       ??_C@_17CJEDCEPE@?$AAW?$AAe?$AAd@ 000000014001a110     libucrt:nlsdata.obj
 0002:00002118       ??_C@_17PDPHAADD@?$AAT?$AAh?$AAu@ 000000014001a118     libucrt:nlsdata.obj
 0002:00002120       ??_C@_17HFOLPPLP@?$AAF?$AAr?$AAi@ 000000014001a120     libucrt:nlsdata.obj
 0002:00002128       ??_C@_17GGIBDPIH@?$AAS?$AAa?$AAt@ 000000014001a128     libucrt:nlsdata.obj
 0002:00002130       ??_C@_1O@IHNHDHPB@?$AAS?$AAu?$AAn?$AAd?$AAa?$AAy@ 000000014001a130     libucrt:nlsdata.obj
 0002:00002140       ??_C@_1O@MMNBFLIA@?$AAM?$AAo?$AAn?$AAd?$AAa?$AAy@ 000000014001a140     libucrt:nlsdata.obj
 0002:00002150       ??_C@_1BA@ENFBFFEK@?$AAT?$AAu?$AAe?$AAs?$AAd?$AAa?$AAy@ 000000014001a150     libucrt:nlsdata.obj
 0002:00002160       ??_C@_1BE@EBOGMDOH@?$AAW?$AAe?$AAd?$AAn?$AAe?$AAs?$AAd?$AAa?$AAy@ 000000014001a160     libucrt:nlsdata.obj
 0002:00002178       ??_C@_1BC@HHMNLIHE@?$AAT?$AAh?$AAu?$AAr?$AAs?$AAd?$AAa?$AAy@ 000000014001a178     libucrt:nlsdata.obj
 0002:00002190       ??_C@_1O@PDICJHAG@?$AAF?$AAr?$AAi?$AAd?$AAa?$AAy@ 000000014001a190     libucrt:nlsdata.obj
 0002:000021a0       ??_C@_1BC@ENMNNPAJ@?$AAS?$AAa?$AAt?$AAu?$AAr?$AAd?$AAa?$AAy@ 000000014001a1a0     libucrt:nlsdata.obj
 0002:000021b8       ??_C@_17DKNBKCHM@?$AAJ?$AAa?$AAn@ 000000014001a1b8     libucrt:nlsdata.obj
 0002:000021c0       ??_C@_17LMDJEKJN@?$AAF?$AAe?$AAb@ 000000014001a1c0     libucrt:nlsdata.obj
 0002:000021c8       ??_C@_17CKNLEDEC@?$AAM?$AAa?$AAr@ 000000014001a1c8     libucrt:nlsdata.obj
 0002:000021d0       ??_C@_17LFPOIHDD@?$AAA?$AAp?$AAr@ 000000014001a1d0     libucrt:nlsdata.obj
 0002:000021d8       ??_C@_17PNNKMEED@?$AAM?$AAa?$AAy@ 000000014001a1d8     libucrt:nlsdata.obj
 0002:000021e0       ??_C@_17KCJGOCPB@?$AAJ?$AAu?$AAn@ 000000014001a1e0     libucrt:nlsdata.obj
 0002:000021e8       ??_C@_17IJPCKHK@?$AAJ?$AAu?$AAl@ 000000014001a1e8     libucrt:nlsdata.obj
 0002:000021f0       ??_C@_17ICPELBCN@?$AAA?$AAu?$AAg@ 000000014001a1f0     libucrt:nlsdata.obj
 0002:000021f8       ??_C@_17HCHCOKMG@?$AAS?$AAe?$AAp@ 000000014001a1f8     libucrt:nlsdata.obj
 0002:00002200       ??_C@_17FNLKOI@?$AAO?$AAc?$AAt@ 000000014001a200     libucrt:nlsdata.obj
 0002:00002208       ??_C@_17BBDMLCIG@?$AAN?$AAo?$AAv@ 000000014001a208     libucrt:nlsdata.obj
 0002:00002210       ??_C@_17EGKACKIF@?$AAD?$AAe?$AAc@ 000000014001a210     libucrt:nlsdata.obj
 0002:00002218       ??_C@_1BA@EFMEIEBA@?$AAJ?$AAa?$AAn?$AAu?$AAa?$AAr?$AAy@ 000000014001a218     libucrt:nlsdata.obj
 0002:00002228       ??_C@_1BC@JGDDFFAM@?$AAF?$AAe?$AAb?$AAr?$AAu?$AAa?$AAr?$AAy@ 000000014001a228     libucrt:nlsdata.obj
 0002:00002240       ??_C@_1M@IKEENEDF@?$AAM?$AAa?$AAr?$AAc?$AAh@ 000000014001a240     libucrt:nlsdata.obj
 0002:00002250       ??_C@_1M@GJNLMHFD@?$AAA?$AAp?$AAr?$AAi?$AAl@ 000000014001a250     libucrt:nlsdata.obj
 0002:00002260       ??_C@_19EPFLPGAP@?$AAJ?$AAu?$AAn?$AAe@ 000000014001a260     libucrt:nlsdata.obj
 0002:00002270       ??_C@_19BIFMLPCD@?$AAJ?$AAu?$AAl?$AAy@ 000000014001a270     libucrt:nlsdata.obj
 0002:00002280       ??_C@_1O@PAHLKOAC@?$AAA?$AAu?$AAg?$AAu?$AAs?$AAt@ 000000014001a280     libucrt:nlsdata.obj
 0002:00002290       ??_C@_1BE@DKAAMBJL@?$AAS?$AAe?$AAp?$AAt?$AAe?$AAm?$AAb?$AAe?$AAr@ 000000014001a290     libucrt:nlsdata.obj
 0002:000022a8       ??_C@_1BA@EPANDLNG@?$AAO?$AAc?$AAt?$AAo?$AAb?$AAe?$AAr@ 000000014001a2a8     libucrt:nlsdata.obj
 0002:000022b8       ??_C@_1BC@BGLIFPF@?$AAN?$AAo?$AAv?$AAe?$AAm?$AAb?$AAe?$AAr@ 000000014001a2b8     libucrt:nlsdata.obj
 0002:000022d0       ??_C@_1BC@FEMKIFH@?$AAD?$AAe?$AAc?$AAe?$AAm?$AAb?$AAe?$AAr@ 000000014001a2d0     libucrt:nlsdata.obj
 0002:000022e4       ??_C@_15ODEHAHHF@?$AAA?$AAM@ 000000014001a2e4     libucrt:nlsdata.obj
 0002:000022ec       ??_C@_15CLMNNGEL@?$AAP?$AAM@ 000000014001a2ec     libucrt:nlsdata.obj
 0002:000022f8       ??_C@_1BC@IEBCMHCM@?$AAM?$AAM?$AA?1?$AAd?$AAd?$AA?1?$AAy?$AAy@ 000000014001a2f8     libucrt:nlsdata.obj
 0002:00002310       ??_C@_1CI@KNAKOEBC@?$AAd?$AAd?$AAd?$AAd?$AA?0?$AA?5?$AAM?$AAM?$AAM?$AAM?$AA?5?$AAd?$AAd?$AA?0?$AA?5@ 000000014001a310     libucrt:nlsdata.obj
 0002:00002338       ??_C@_1BC@GDGBMEMK@?$AAH?$AAH?$AA?3?$AAm?$AAm?$AA?3?$AAs?$AAs@ 000000014001a338     libucrt:nlsdata.obj
 0002:00002350       ??_C@_1M@BMHNFIME@?$AAe?$AAn?$AA?9?$AAU?$AAS@ 000000014001a350     libucrt:nlsdata.obj
 0002:00002360       ??_C@_1BI@BGOHAHKC@?$AAm?$AAs?$AAc?$AAo?$AAr?$AAe?$AAe?$AA?4?$AAd?$AAl?$AAl@ 000000014001a360     libucrt:exit.obj
 0002:00002378       ??_C@_0P@MIGLKIOC@CorExitProcess@ 000000014001a378     libucrt:exit.obj
 0002:000031d0       ??_C@_15EMKDOKLE@?$AAa?$AAr@ 000000014001b1d0     libucrt:lcidtoname_downlevel.obj
 0002:000031d8       ??_C@_15KNPADPLH@?$AAb?$AAg@ 000000014001b1d8     libucrt:lcidtoname_downlevel.obj
 0002:000031e0       ??_C@_15EDMHLDMO@?$AAc?$AAa@ 000000014001b1e0     libucrt:lcidtoname_downlevel.obj
 0002:000031e8       ??_C@_1O@BPEAJADD@?$AAz?$AAh?$AA?9?$AAC?$AAH?$AAS@ 000000014001b1e8     libucrt:lcidtoname_downlevel.obj
 0002:000031f8       ??_C@_15LJNHCMNK@?$AAc?$AAs@ 000000014001b1f8     libucrt:lcidtoname_downlevel.obj
 0002:00003200       ??_C@_15FOMCIDHG@?$AAd?$AAa@ 000000014001b200     libucrt:lcidtoname_downlevel.obj
 0002:00003208       ??_C@_15NBKABECB@?$AAd?$AAe@ 000000014001b208     libucrt:lcidtoname_downlevel.obj
 0002:00003210       ??_C@_15GHPEIIAO@?$AAe?$AAl@ 000000014001b210     libucrt:lcidtoname_downlevel.obj
 0002:00003218       ??_C@_15MNPNEAIF@?$AAe?$AAn@ 000000014001b218     libucrt:lcidtoname_downlevel.obj
 0002:00003220       ??_C@_15GPIOMPMH@?$AAe?$AAs@ 000000014001b220     libucrt:lcidtoname_downlevel.obj
 0002:00003228       ??_C@_15NGLOAKJC@?$AAf?$AAi@ 000000014001b228     libucrt:lcidtoname_downlevel.obj
 0002:00003230       ??_C@_15FBKGNKAM@?$AAf?$AAr@ 000000014001b230     libucrt:lcidtoname_downlevel.obj
 0002:00003238       ??_C@_15KGGCNEFK@?$AAh?$AAe@ 000000014001b238     libucrt:lcidtoname_downlevel.obj
 0002:00003240       ??_C@_15PGHLIDMF@?$AAh?$AAu@ 000000014001b240     libucrt:lcidtoname_downlevel.obj
 0002:00003248       ??_C@_15BIEMAPLM@?$AAi?$AAs@ 000000014001b248     libucrt:lcidtoname_downlevel.obj
[...]
 0002:0000a058       $unwind$??$common_xtox@K_W@@YAHKQEA_W_KI_N@Z 0000000140022058     libucrt:xtoa.obj
 0002:0000a058       $unwind$__acrt_DownlevelLocaleNameToLCID 0000000140022058     libucrt:lcidtoname_downlevel.obj
 0002:0000a058       $unwind$??R<lambda_f03950bc5685219e0bcd2087efbe011e>@@QEBAHXZ 0000000140022058     libucrt:onexit.obj
 0002:0000a070       $unwind$?common_exit@@YAXHW4_crt_exit_cleanup_mode@@W4_crt_exit_return_mode@@@Z 0000000140022070     libucrt:exit.obj
 0002:0000a07c       $unwind$??R<lambda_6e4b09c48022b2350581041d5f6b0c4c>@@QEBA@XZ 000000014002207c     libucrt:exit.obj
 0002:0000a09c       $unwind$??$?RV<lambda_d80eeec6fff315bfe5c115232f3240e3>@@AEAV<lambda_6e4b09c48022b2350581041d5f6b0c4c>@@V<lambda_2358e3775559c9db80273638284d5e45>@@@?$__crt_seh_guarded_call@X@@QEAAX$$QEAV<lambda_d80eeec6fff315bfe5c115232f3240e3>@@AEAV<lambda_6e4b09c48022b2350581041d5f6b0c4c>@@$$QEAV<lambda_2358e3775559c9db80273638284d5e45>@@@Z 000000014002209c     libucrt:exit.obj
 0002:0000a0c0       $unwind$setvbuf            00000001400220c0     libucrt:setvbuf.obj
 0002:0000a0c8       $unwind$??$?RV<lambda_c8e61daa512c69656564d9dbd35486e8>@@AEAV<lambda_b4f66040be5f354a654fb75160c27bfc>@@V<lambda_2ca749746f96040ea1ff4296b14379df>@@@?$__crt_seh_guarded_call@H@@QEAAH$$QEAV<lambda_c8e61daa512c69656564d9dbd35486e8>@@AEAV<lambda_b4f66040be5f354a654fb75160c27bfc>@@$$QEAV<lambda_2ca749746f96040ea1ff4296b14379df>@@@Z 00000001400220c8     libucrt:setvbuf.obj
 0002:0000a0ec       $unwind$raise              00000001400220ec     libucrt:signal.obj
 0002:0000a128       $unwind$??$?RV<lambda_450d765d439847d4c735a33c368b5fc0>@@AEAV<lambda_44731a7d0e6d81c3e6aa82d741081786>@@V<lambda_601a2a7da3b7a96e9554ac7215c4b07c>@@@?$__crt_seh_guarded_call@P6AXH@Z@@QEAAP6AXH@Z$$QEAV<lambda_450d765d439847d4c735a33c368b5fc0>@@AEAV<lambda_44731a7d0e6d81c3e6aa82d741081786>@@$$QEAV<lambda_601a2a7da3b7a96e9554ac7215c4b07c>@@@Z 0000000140022128     libucrt:signal.obj
 0002:0000a14c       $unwind$_query_new_handler 000000014002214c     libucrt:new_handler.obj
 0002:0000a16c       $unwind$fclose             000000014002216c     libucrt:fclose.obj
 0002:0000a190       $unwind$_close             0000000140022190     libucrt:close.obj
 0002:0000a190       $unwind$_commit            0000000140022190     libucrt:commit.obj
 0002:0000a198       $unwind$??$?RV<lambda_a37b2b86f63e897a80ea819b0eb08c01>@@AEAV<lambda_38ce7e780aa69e748d6df282ebc68efe>@@V<lambda_99fb1378e971ab6e7edea83e3a7a83a2>@@@?$__crt_seh_guarded_call@H@@QEAAH$$QEAV<lambda_a37b2b86f63e897a80ea819b0eb08c01>@@AEAV<lambda_38ce7e780aa69e748d6df282ebc68efe>@@$$QEAV<lambda_99fb1378e971ab6e7edea83e3a7a83a2>@@@Z 0000000140022198     libucrt:commit.obj
 0002:0000a1bc       $unwind$_write             00000001400221bc     libucrt:write.obj
 0002:0000a1ec       $unwind$_write_nolock      00000001400221ec     libucrt:write.obj
 0002:0000a204       $unwind$?write_double_translated_ansi_nolock@@YA?AUwrite_result@?A0x17268360@@HQEBDI@Z 0000000140022204     libucrt:write.obj
 0002:0000a228       $unwind$?write_text_ansi_nolock@@YA?AUwrite_result@?A0x17268360@@HQEBDI@Z 0000000140022228     libucrt:write.obj
 0002:0000a228       $unwind$?write_text_utf16le_nolock@@YA?AUwrite_result@?A0x17268360@@HQEBDI@Z 0000000140022228     libucrt:write.obj
 0002:0000a248       $unwind$?write_text_utf8_nolock@@YA?AUwrite_result@?A0x17268360@@HQEBDI@Z 0000000140022248     libucrt:write.obj
 0002:0000a26c       $unwind$_free_osfhnd       000000014002226c     libucrt:osfinfo.obj
 0002:0000a280       $unwind$__acrt_lowio_destroy_handle_array 0000000140022280     libucrt:osfinfo.obj
 0002:0000a290       $unwind$__acrt_lowio_ensure_fh_exists 0000000140022290     libucrt:osfinfo.obj
 0002:0000a2bc       $unwind$iswctype           00000001400222bc     libucrt:iswctype.obj
 0002:0000a2c8       $unwind$_isctype_l         00000001400222c8     libucrt:isctype.obj
 0002:0000a2e4       $unwind$__dcrt_lowio_ensure_console_output_initialized 00000001400222e4     libucrt:initcon.obj
 0002:0000a2e4       $unwind$_isleadbyte_l      00000001400222e4     libucrt:_wctype.obj
 0002:0000a2e4       $unwind$?getSystemCP@@YAHH@Z 00000001400222e4     libucrt:mbctype.obj
 0002:0000a2ec       $unwind$?__mbsrtowcs_utf8@__crt_mbstring@@YA_KPEA_WPEAPEBD_KPEAU_Mbstatet@@@Z 00000001400222ec     libucrt:mbrtowc.obj
 0002:0000a304       $unwind$__acrt_WideCharToMultiByte 0000000140022304     libucrt:widechartomultibyte.obj
 0002:0000a310       $unwind$__acrt_update_thread_locale_data 0000000140022310     libucrt:locale_refcounting.obj
 0002:0000a334       $unwind$_setmbcp_nolock    0000000140022334     libucrt:mbctype.obj
 0002:0000a354       $unwind$?update_thread_multibyte_data_internal@@YAPEAU__crt_multibyte_data@@QEAU__acrt_ptd@@QEAPEAU1@@Z 0000000140022354     libucrt:mbctype.obj
 0002:0000a37c       $unwind$?setmbcp_internal@@YAHH_NQEAU__acrt_ptd@@QEAPEAU__crt_multibyte_data@@@Z 000000014002237c     libucrt:mbctype.obj
 0002:0000a38c       $unwind$?setSBUpLow@@YAXPEAU__crt_multibyte_data@@@Z 000000014002238c     libucrt:mbctype.obj
 0002:0000a3a8       $unwind$??$?RV<lambda_efdfa57d1f175319df784efa44bb7b81>@@AEAV<lambda_5f0a4c1567f8adc6734073e5d1e1b35c>@@V<lambda_2e8a7d3640ea6ccb4c2413664c2db6fd>@@@?$__crt_seh_guarded_call@X@@QEAAX$$QEAV<lambda_efdfa57d1f175319df784efa44bb7b81>@@AEAV<lambda_5f0a4c1567f8adc6734073e5d1e1b35c>@@$$QEAV<lambda_2e8a7d3640ea6ccb4c2413664c2db6fd>@@@Z 00000001400223a8     libucrt:mbctype.obj
 0002:0000a3cc       $unwind$__acrt_fltout      00000001400223cc     libucrt:cfout.obj
 0002:0000a3ec       $unwind$?divide@__crt_strtox@@YA_KAEAUbig_integer@1@AEBU21@@Z 00000001400223ec     libucrt:cfout.obj
 0002:0000a404       $chain$0$?divide@__crt_strtox@@YA_KAEAUbig_integer@1@AEBU21@@Z 0000000140022404     libucrt:cfout.obj
 0002:0000a418       $chain$1$?divide@__crt_strtox@@YA_KAEAUbig_integer@1@AEBU21@@Z 0000000140022418     libucrt:cfout.obj
 0002:0000a428       $unwind$??$write_buffer_nolock@D@@YA_NDV__crt_stdio_stream@@@Z 0000000140022428     libucrt:_flsbuf.obj
 0002:0000a438       $unwind$??$write_buffer_nolock@_W@@YA_N_WV__crt_stdio_stream@@@Z 0000000140022438     libucrt:_flsbuf.obj
 0002:0000a448       $unwind$__acrt_locale_free_monetary 0000000140022448     libucrt:initmon.obj
 0002:0000a450       $unwind$__acrt_locale_free_time 0000000140022450     libucrt:inittime.obj
 0002:0000a460       $unwind$__acrt_GetStringTypeA 0000000140022460     libucrt:getstringtypea.obj
 0002:0000a488       $unwind$_register_onexit_function 0000000140022488     libucrt:onexit.obj
 0002:0000a490       $unwind$_execute_onexit_table 0000000140022490     libucrt:onexit.obj
 0002:0000a498       $unwind$??R<lambda_22ebabd17bc4fa466a2aca6d8deb888d>@@QEBAHXZ 0000000140022498     libucrt:onexit.obj
 0002:0000a4b0       $unwind$??$?RV<lambda_638799b9deba96c50f710eeac98168cd>@@AEAV<lambda_22ebabd17bc4fa466a2aca6d8deb888d>@@V<lambda_a6f7d7db0129f75315ebf26d50c089f1>@@@?$__crt_seh_guarded_call@H@@QEAAH$$QEAV<lambda_638799b9deba96c50f710eeac98168cd>@@AEAV<lambda_22ebabd17bc4fa466a2aca6d8deb888d>@@$$QEAV<lambda_a6f7d7db0129f75315ebf26d50c089f1>@@@Z 00000001400224b0     libucrt:onexit.obj
 0002:0000a4d4       $unwind$??$?RV<lambda_7777bce6b2f8c936911f934f8298dc43>@@AEAV<lambda_f03950bc5685219e0bcd2087efbe011e>@@V<lambda_3883c3dff614d5e0c5f61bb1ac94921c>@@@?$__crt_seh_guarded_call@H@@QEAAH$$QEAV<lambda_7777bce6b2f8c936911f934f8298dc43>@@AEAV<lambda_f03950bc5685219e0bcd2087efbe011e>@@$$QEAV<lambda_3883c3dff614d5e0c5f61bb1ac94921c>@@@Z 00000001400224d4     libucrt:onexit.obj
 0002:0000a4f8       $unwind$terminate          00000001400224f8     libucrt:terminate.obj
 0002:0000a518       $unwind$??$?RV<lambda_751a882b2c74d4b022dec766aa51a29a>@@AEAV<lambda_628dfdc04ba53c8bfc02c9951375f3f5>@@V<lambda_f6c7be5f7998530c34de24c7437d6b54>@@@?$__crt_seh_guarded_call@H@@QEAAH$$QEAV<lambda_751a882b2c74d4b022dec766aa51a29a>@@AEAV<lambda_628dfdc04ba53c8bfc02c9951375f3f5>@@$$QEAV<lambda_f6c7be5f7998530c34de24c7437d6b54>@@@Z 0000000140022518     libucrt:close.obj
 0002:0000a53c       $unwind$??$common_lseek@_J@@YA_JH_JH@Z 000000014002253c     libucrt:lseek.obj
 0002:0000a56c       $unwind$?__mbrtoc32_utf8@__crt_mbstring@@YA_KPEA_UPEBD_KPEAU_Mbstatet@@@Z 000000014002256c     libucrt:mbrtoc32.obj
 0002:0000a588       $unwind$__acrt_LCMapStringA 0000000140022588     libucrt:lcmapstringa.obj
 0002:0000a598       $unwind$?__acrt_LCMapStringA_stat@@YAHPEAU__crt_locale_pointers@@PEB_WKPEBDHPEADHHH@Z 0000000140022598     libucrt:lcmapstringa.obj
 0002:0000a5c0       $xdatasym                  00000001400225c0     libucrt:log10.obj
 0002:0000a5cc       $unwind$__acrt_fenv_set_control 00000001400225cc     libucrt:_fenvutils.obj
 0002:0000a5dc       $unwind$__dcrt_write_console 00000001400225dc     libucrt:initcon.obj
 0002:0000a5f0       $unwind$common_control87   00000001400225f0     libucrt:ieee.obj
 0002:0000a61c       $unwind$_call_matherr      000000014002261c     libucrt:libm_error.obj
 0002:0000a624       $unwind$_handle_error      0000000140022624     libucrt:libm_error.obj
 0002:0000a644       $unwind$__acrt_initialize_fma3 0000000140022644     libucrt:fma3_available.obj
 0002:0000a64c       $unwind$_log_special_common 000000014002264c     libucrt:log_special.obj
 0002:0000a658       $xdatasym                  0000000140022658     libucrt:fpsr.obj
 0002:0000a660       $unwind$_raise_exc         0000000140022660     libucrt:fpexcept.obj
 0002:0000a668       $unwind$_raise_exc_ex      0000000140022668     libucrt:fpexcept.obj
 0002:0000a67c       $unwind$_ctrlfp            000000014002267c     libucrt:fpctrl.obj
 0002:0000a6a4       $unwind$strstr             00000001400226a4     libvcruntime:strstr.obj
 0002:0000a6b4       $unwind$__C_specific_handler 00000001400226b4     libvcruntime:riscchandler.obj
 0002:0000a6d0       $xdatasym                  00000001400226d0     libvcruntime:memcpy.obj
 0002:0000a6e0       $xdatasym                  00000001400226e0     libvcruntime:memset.obj
 0002:0000a6f0       $xdatasym                  00000001400226f0     libvcruntime:memcmp.obj
 0002:0000a6f8       $xdatasym                  00000001400226f8     libvcruntime:notify.obj
 0002:0000a704       $unwind$__DestructExceptionObject 0000000140022704     libvcruntime:ehhelpers.obj
 0002:0000a724       $unwind$__DestructExceptionObject$filt$0 0000000140022724     libvcruntime:ehhelpers.obj
 0002:0000a730       $unwind$__report_securityfailure 0000000140022730     libcmt:gs_report.obj
 0002:0000a738       $unwind$__report_gsfailure 0000000140022738     libcmt:gs_report.obj
 0002:0000a740       $unwind$capture_current_context 0000000140022740     libcmt:gs_report.obj
 0002:0000a74c       $unwind$capture_previous_context 000000014002274c     libcmt:gs_report.obj
 0002:0000a758       $unwind$__GSHandlerCheckCommon 0000000140022758     libcmt:gshandler.obj
 0002:0000a760       $xdatasym                  0000000140022760     libcmt:amdsecgs.obj
 0002:0000a764       $unwind$?__scrt_common_main_seh@@YAHXZ 0000000140022764     libcmt:exe_wmain.obj
 0002:0000a79c       $unwind$__scrt_fastfail    000000014002279c     libcmt:utility_desktop.obj
 0002:0000a7ac       $unwind$__isa_available_init 00000001400227ac     libcmt:cpu_disp.obj
 0002:0000a7c0       $xdatasym                  00000001400227c0     libcmt:chkstk.obj
 0002:0000a7c8       $unwind$_IsNonwritableInCurrentImage 00000001400227c8     libcmt:pesect.obj
 0002:0000a7ec       $unwind$__scrt_is_nonwritable_in_current_image 00000001400227ec     libcmt:utility.obj
 0002:0000a80c       $unwind$__scrt_is_nonwritable_in_current_image$filt$0 000000014002280c     libcmt:utility.obj
 0002:0000a814       $unwind$__security_init_cookie 0000000140022814     libcmt:gs_support.obj
 0002:0000a820       $xdatasym                  0000000140022820     libcmt:guard_dispatch.obj
 0002:0000a828       $xdatasym                  0000000140022828     libcmt:guard_xfg_dispatch.obj
 0002:0000a82c       $unwind$_configure_wide_argv 000000014002282c     libucrt:argv_parsing.obj
 0002:0000a840       $unwind$??$parse_command_line@_W@@YAXPEA_WPEAPEA_W0PEA_K2@Z 0000000140022840     libucrt:argv_parsing.obj
 0002:0000a858       $unwind$??$free_environment@D@@YAXQEAPEAD@Z 0000000140022858     libucrt:environment_initialization.obj
 0002:0000a858       $unwind$??$free_environment@_W@@YAXQEAPEA_W@Z 0000000140022858     libucrt:environment_initialization.obj
 0002:0000a864       $unwind$??$create_environment@_W@@YAQEAPEA_WQEA_W@Z 0000000140022864     libucrt:environment_initialization.obj
 0002:0000a87c       $unwind$??$initialize_environment_by_cloning_nolock@_W@@YAHXZ 000000014002287c     libucrt:environment_initialization.obj
 0002:0000a88c       $unwind$??$common_expand_argv_wildcards@_W@@YAHQEAPEA_WQEAPEAPEA_W@Z 000000014002288c     libucrt:argv_wildcards.obj
 0002:0000a8b0       $unwind$??$common_set_variable_in_environment_nolock@_W@@YAHQEA_WH@Z 00000001400228b0     libucrt:setenv.obj
 0002:0000a8b0       $unwind$??$copy_and_add_argument_to_buffer@_W@@YAHQEB_W0_KAEAV?$argument_list@_W@?A0x5f5c8891@@@Z 00000001400228b0     libucrt:argv_wildcards.obj
 0002:0000a8cc       $unwind$??$copy_environment@_W@@YAPEAPEA_WQEAPEA_W@Z 00000001400228cc     libucrt:setenv.obj
 0002:0000a8e4       $unwind$qsort              00000001400228e4     libucrt:qsort.obj
 0002:0000a8fc       $chain$4$qsort             00000001400228fc     libucrt:qsort.obj
 0002:0000a920       $chain$5$qsort             0000000140022920     libucrt:qsort.obj
 0002:0000a930       $unwind$__acrt_CompareStringW 0000000140022930     libucrt:comparestringw.obj
 0002:0000a948       $xdatasym                  0000000140022948     libvcruntime:handlers.obj
 0002:0000a968       $xdatasym                  0000000140022968     libucrt:strncmp.obj
 0002:0000ad6a       .idata$6                   0000000140022d6a     kernel32:KERNEL32.dll
 0002:0000ad8c       .idata$6                   0000000140022d8c     shlwapi:SHLWAPI.dll
 0003:00000108       ?errno_no_memory@@3HA      0000000140024108     libucrt:errno.obj
 0003:0000010c       ?doserrno_no_memory@@3KA   000000014002410c     libucrt:errno.obj
 0003:00000158       ?__acrt_flsindex@@3KA      0000000140024158     libucrt:per_thread_data.obj
 0003:00000510       _mbctypes                  0000000140024510     libucrt:mbctype.obj
 0003:00000620       _mbcasemaps                0000000140024620     libucrt:mbctype.obj
 0003:00000720       ?__rgctypeflag@@3PADA      0000000140024720     libucrt:mbctype.obj
 0003:00000730       ?__rgcode_page_info@@3PAUcode_page_info@@A 0000000140024730     libucrt:mbctype.obj
 0003:000009d0       ?__dcrt_lowio_console_output_handle@@3PEAXEA 00000001400249d0     libucrt:initcon.obj
 0003:000009d8       ?dazSupported@?1??common_control87@@9@9 00000001400249d8     libucrt:ieee.obj
 0003:000009e0       ?dazSupported@?1??_ctrlfp@@9@9 00000001400249e0     libucrt:fpctrl.obj
 0003:000009f0       ?__vcrt_flsindex@@3KA      00000001400249f0     libvcruntime:per_thread_data.obj
 0003:00000a68       ?__acrt_invalid_parameter_handler@@3V?$dual_state_global@P6AXPEB_W00I_K@Z@__crt_state_management@@A 0000000140024a68     libucrt:invalid_parameter.obj
 0003:00000a70       ?module_handles@@3PAPEAUHINSTANCE__@@A 0000000140024a70     libucrt:winapi_thunks.obj
 0003:00000b10       ?encoded_function_pointers@@3PAPEAXA 0000000140024b10     libucrt:winapi_thunks.obj
 0003:00001028       ?internal_state@?1??_mbtowc_l@@9@4U_Mbstatet@@A 0000000140025028     libucrt:mbtowc.obj
 0003:00001030       ?enable_percent_n@@3_KA    0000000140025030     libucrt:printf_count_output.obj
 0003:00001058       ?__acrt_app_type@@3W4_crt_app_type@@A 0000000140025058     libucrt:report_runtime_error.obj
 0003:0000105c       ?c_termination_complete@@3JA 000000014002505c     libucrt:exit.obj
 0003:00001060       ?thread_local_exit_callback_func@@3P6AXPEAXK0@ZEA 0000000140025060     libucrt:exit.obj
 0003:0000106c       __acrt_error_mode          000000014002506c     libucrt:set_error_mode.obj
 0003:00001070       ?ctrlc_action@@3V?$dual_state_global@P6AXH@Z@__crt_state_management@@A 0000000140025070     libucrt:signal.obj
 0003:00001078       ?ctrlbreak_action@@3V?$dual_state_global@P6AXH@Z@__crt_state_management@@A 0000000140025078     libucrt:signal.obj
 0003:00001080       ?abort_action@@3V?$dual_state_global@P6AXH@Z@__crt_state_management@@A 0000000140025080     libucrt:signal.obj
 0003:00001088       ?term_action@@3V?$dual_state_global@P6AXH@Z@__crt_state_management@@A 0000000140025088     libucrt:signal.obj
 0003:00001090       ?__acrt_new_handler@@3V?$dual_state_global@P6AH_K@Z@__crt_state_management@@A 0000000140025090     libucrt:new_handler.obj
 0003:00001098       ?__acrt_global_new_mode@@3V?$dual_state_global@J@__crt_state_management@@A 0000000140025098     libucrt:new_mode.obj
 0003:000010b0       ?__acrt_lock_table@@3PAU_RTL_CRITICAL_SECTION@@A 00000001400250b0     libucrt:locks.obj
 0003:000012e0       ?__acrt_locks_initialized@@3IA 00000001400252e0     libucrt:locks.obj
 0003:000012e4       ?state_cache@?1???$get_cached_win_policy@Udeveloper_information_policy_properties@?1??__acrt_get_developer_information_policy@@YA?AW4developer_information_policy@@XZ@@@YA?AW4developer_information_policy@@W4AppPolicyShowDeveloperDiagnostic@@@Z@4JA 00000001400252e4     libucrt:win_policies.obj
 0003:000012e8       ?state_cache@?1???$get_cached_win_policy@Uwindowing_model_policy_properties@?1??__acrt_get_windowing_model_policy@@YA?AW4windowing_model_policy@@XZ@@@YA?AW4windowing_model_policy@@W4AppPolicyWindowingModel@@@Z@4JA 00000001400252e8     libucrt:win_policies.obj
 0003:00001308       ?fSystemSet@@3HA           0000000140025308     libucrt:mbctype.obj
 0003:0000130c       ?initialized@?1??__acrt_initialize_multibyte@@9@4_NA 000000014002530c     libucrt:mbctype.obj
 0003:00001348       ?internal_pst@?1??__mbrtoc32_utf8@__crt_mbstring@@YA_KPEA_UPEBD_KPEAU_Mbstatet@@@Z@4U3@A 0000000140025348     libucrt:mbrtoc32.obj
 0003:00001358       ?user_matherr@@3V?$dual_state_global@P6AHPEAU_exception@@@Z@__crt_state_management@@A 0000000140025358     libucrt:matherr.obj
 0003:00001370       ?__vcrt_startup_thread_ptd@@3U__vcrt_ptd@@A 0000000140025370     libvcruntime:per_thread_data.obj
 0003:000013f0       ?module_handles@@3PAPEAUHINSTANCE__@@A 00000001400253f0     libvcruntime:winapi_downlevel.obj
 0003:00001408       ?function_pointers@@3PAPEAXA 0000000140025408     libvcruntime:winapi_downlevel.obj
 0003:00001430       GS_ExceptionRecord         0000000140025430     libcmt:gs_report.obj
 0003:000014d0       GS_ContextRecord           00000001400254d0     libcmt:gs_report.obj
 0003:000019b8       ?is_initialized_as_dll@@3_NA 00000001400259b8     libcmt:utility.obj
 0003:000019b9       ?module_local_atexit_table_initialized@@3_NA 00000001400259b9     libcmt:utility.obj
 0003:000019c0       ?module_local_atexit_table@@3U_onexit_table_t@@A 00000001400259c0     libcmt:utility.obj
 0003:000019d8       ?module_local_at_quick_exit_table@@3U_onexit_table_t@@A 00000001400259d8     libcmt:utility.obj
 0003:00001a10       ?program_name@?1???$common_configure_argv@_W@@YAHW4_crt_argv_mode@@@Z@4PA_WA 0000000140025a10     libucrt:argv_parsing.obj
 0003:00001c78       __vcrt_lock_table          0000000140025c78     libvcruntime:locks.obj
 0003:00001ca0       __vcrt_locks_initialized   0000000140025ca0     libvcruntime:locks.obj
 0003:00001ce8       ?heap@@3V_HeapManager@@A   0000000140025ce8     libvcruntime:undname.obj
 0005:00000000       MoveSmall                  0000000140028000     libvcruntime:memcpy.obj
 0005:00000040       MoveSmallYmm               0000000140028040     libvcruntime:memcpy.obj
 0005:00000064       MoveSmallYmmNT             0000000140028064     libvcruntime:memcpy.obj
 0005:00000088       MoveSmallXmm               0000000140028088     libvcruntime:memcpy.obj
 0005:000000b0       MsetTab                    00000001400280b0     libvcruntime:memset.obj
