 parsa

 Timestamp is 612ebee8 (Wed Sep  1 00:44:40 2021)

 Preferred load address is 0000000140000000

 Start         Length     Name                   Class
 0001:00000000 00015530H .text$mn                CODE
 0001:00015530 00000040H .text$mn$00             CODE
 0001:00015570 00000288H .text$x                 CODE
 0002:00000000 00000260H .idata$5                DATA
 0002:00000260 00000030H .00cfg                  DATA
 0002:00000290 00000008H .CRT$XCA                DATA
 0002:00000298 00000008H .CRT$XCAA               DATA
 0002:000002a0 00000008H .CRT$XCZ                DATA
 0002:000002a8 00000008H .CRT$XIA                DATA
 0002:000002b0 00000008H .CRT$XIAA               DATA
 0002:000002b8 00000008H .CRT$XIAC               DATA
 0002:000002c0 00000020H .CRT$XIC                DATA
 0002:000002e0 00000008H .CRT$XIZ                DATA
 0002:000002e8 00000008H .CRT$XPA                DATA
 0002:000002f0 00000010H .CRT$XPX                DATA
 0002:00000300 00000008H .CRT$XPXA               DATA
 0002:00000308 00000008H .CRT$XPZ                DATA
 0002:00000310 00000008H .CRT$XTA                DATA
 0002:00000318 00000008H .CRT$XTZ                DATA
 0002:00000320 00000000H .gehcont$y              DATA
 0002:00000320 00000000H .gfids$y                DATA
 0002:00000320 00008c60H .rdata                  DATA
 0002:00008f80 00000000H .rdata$CastGuardVftablesA DATA
 0002:00008f80 00000000H .rdata$CastGuardVftablesC DATA
 0002:00008f80 00000000H .rdata$r                DATA
 0002:00008f80 000000f4H .rdata$voltmd           DATA
 0002:00009074 000002fcH .rdata$zzzdbg           DATA
 0002:00009370 00000008H .rtc$IAA                DATA
 0002:00009378 00000008H .rtc$IZZ                DATA
 0002:00009380 00000008H .rtc$TAA                DATA
 0002:00009388 00000008H .rtc$TZZ                DATA
 0002:00009390 00000f48H .xdata                  DATA
 0002:0000a2d8 00000000H .xdata$x                DATA
 0002:0000a2d8 00000000H .edata                  DATA
 0002:0000a2d8 00000014H .idata$2                DATA
 0002:0000a2ec 00000014H .idata$3                DATA
 0002:0000a300 00000260H .idata$4                DATA
 0002:0000a560 00000586H .idata$6                DATA
 0003:00000000 00000a40H .data                   DATA
 0003:00000a40 00000000H .data$r                 DATA
 0003:00000a40 00000000H .data$rs                DATA
 0003:00000a40 000011d8H .bss                    DATA
 0004:00000000 00001284H .pdata                  DATA
 0005:00000000 000000f4H _RDATA                  DATA

  Address         Publics by Value              Rva+Base               Lib:Object

 0000:00000000       __guard_longjmp_table      0000000000000000     <absolute>
 0000:00000000       __x64_code_ranges_to_entry_points 0000000000000000     <absolute>
 0000:00000000       __x64_code_ranges_to_entry_points_count 0000000000000000     <absolute>
 0000:00000000       __guard_fids_count         0000000000000000     <absolute>
 0000:00000000       __arm64x_redirection_metadata 0000000000000000     <absolute>
 0000:00000000       __guard_iat_table          0000000000000000     <absolute>
 0000:00000000       __arm64x_extra_rfe_table   0000000000000000     <absolute>
 0000:00000000       __hybrid_code_map          0000000000000000     <absolute>
 0000:00000000       __guard_iat_count          0000000000000000     <absolute>
 0000:00000000       __guard_longjmp_count      0000000000000000     <absolute>
 0000:00000000       __arm64x_extra_rfe_table_size 0000000000000000     <absolute>
 0000:00000000       ___safe_se_handler_count   0000000000000000     <absolute>
 0000:00000000       __dynamic_value_reloc_table 0000000000000000     <absolute>
 0000:00000000       ___safe_se_handler_table   0000000000000000     <absolute>
 0000:00000000       __hybrid_auxiliary_iat     0000000000000000     <absolute>
 0000:00000000       __hybrid_auxiliary_iat_copy 0000000000000000     <absolute>
 0000:00000000       __AbsoluteZero             0000000000000000     <absolute>
 0000:00000000       __guard_eh_cont_count      0000000000000000     <absolute>
 0000:00000000       __guard_check_icall_a64n_fptr 0000000000000000     <absolute>
 0000:00000000       __guard_fids_table         0000000000000000     <absolute>
 0000:00000000       __arm64x_redirection_metadata_count 0000000000000000     <absolute>
 0000:00000000       __enclave_config           0000000000000000     <absolute>
 0000:00000000       __guard_eh_cont_table      0000000000000000     <absolute>
 0000:00000000       __arm64x_native_entrypoint 0000000000000000     <absolute>
 0000:00000000       __hybrid_code_map_count    0000000000000000     <absolute>
 0000:00000100       __guard_flags              0000000000000100     <absolute>
 0000:00000000       __ImageBase                0000000140000000     <linker-defined>
 0001:00000270       ?print_usage@@YAXPEBUArgEntry@@H@Z 0000000140001270 f   main.obj
 0001:000005d0       ?get_arg_entry_value@@YAPEBDPEBUArgEntry@@HPEBD@Z 00000001400015d0 f   main.obj
 0001:000006b0       ?parse_args@@YA_NPEAUArgEntry@@HHPEAPEBD@Z 00000001400016b0 f   main.obj
 0001:00000a20       ?create_wo_file@@YAPEAXPEB_W@Z 0000000140001a20 f   main.obj
 0001:00000ad0       ?write_file@@YA_NQEAXPEB_WPEBX_K@Z 0000000140001ad0 f   main.obj
 0001:00000bc0       ?open_ro_file@@YAPEAXPEB_W@Z 0000000140001bc0 f   main.obj
 0001:00000c70       ?get_file_size@@YA_KQEAX@Z 0000000140001c70 f   main.obj
 0001:00000cb0       ?create_ro_file_view@@YA?BUFileView@@PEB_W@Z 0000000140001cb0 f   main.obj
 0001:00000ea0       ?read_file_view_to_unix_buffer@@YA_KPEADUFileView@@PEB_W@Z 0000000140001ea0 f   main.obj
 0001:000010d0       ?read_file_to_unix_buffer@@YA?BUFileBuffer@@PEB_W@Z 00000001400020d0 f   main.obj
 0001:00001230       ?get_last_slash@@YAPEB_WPEB_W@Z 0000000140002230 f   main.obj
 0001:000012a0       ?get_out_file_path@@YA_NPEA_W_KPEB_W2_N@Z 00000001400022a0 f   main.obj
 0001:00001340       ?process_include_statements@@YA?BUProcessResult@@PEAUIncludeStatement@@AEBUFileBuffer@@@Z 0000000140002340 f   main.obj
 0001:000016b0       main                       00000001400026b0 f   main.obj
 0001:00002120       ?StringCchCatW@@YAJPEA_W_KPEB_W@Z 0000000140003120 f i main.obj
 0001:000021a0       ?max@?$numeric_limits@H@std@@SAHXZ 00000001400031a0 f i main.obj
 0001:000021b0       ?max@?$numeric_limits@K@std@@SAKXZ 00000001400031b0 f i main.obj
 0001:000021c0       ?strstr@@YAPEADQEADQEBD@Z  00000001400031c0 f i main.obj
 0001:000021f0       __local_stdio_printf_options 00000001400031f0 f i main.obj
 0001:00002200       _vfprintf_l                0000000140003200 f i main.obj
 0001:00002250       _vfwprintf_l               0000000140003250 f i main.obj
 0001:000022a0       printf                     00000001400032a0 f i main.obj
 0001:00002310       wprintf                    0000000140003310 f i main.obj
 0001:00002378       __acrt_initialize_stdio    0000000140003378 f   libucrt:_file.obj
 0001:00002498       __acrt_iob_func            0000000140003498 f   libucrt:_file.obj
 0001:000024ac       __acrt_uninitialize_stdio  00000001400034ac f   libucrt:_file.obj
 0001:00002508       _lock_file                 0000000140003508 f   libucrt:_file.obj
 0001:00002514       _unlock_file               0000000140003514 f   libucrt:_file.obj
 0001:000025a0       ??$ensure_buffer_is_big_enough@D@formatting_buffer@__crt_stdio_output@@QEAA_N_K@Z 00000001400035a0 f i libucrt:output.obj
 0001:00002648       ??$ensure_buffer_is_big_enough@_W@formatting_buffer@__crt_stdio_output@@QEAA_N_K@Z 0000000140003648 f i libucrt:output.obj
 0001:000026f4       ??$is_wide_character_specifier@_W@__crt_stdio_output@@YA_N_K_WW4length_modifier@0@@Z 00000001400036f4 f i libucrt:output.obj
 0001:00002734       ??$type_case_integer_parse_into_buffer@I@?$output_processor@DV?$stream_output_adapter@D@__crt_stdio_output@@V?$standard_base@DV?$stream_output_adapter@D@__crt_stdio_output@@@2@@__crt_stdio_output@@AEAAXII_N@Z 0000000140003734 f i libucrt:output.obj
 0001:000027bc       ??$type_case_integer_parse_into_buffer@I@?$output_processor@_WV?$stream_output_adapter@_W@__crt_stdio_output@@V?$standard_base@_WV?$stream_output_adapter@_W@__crt_stdio_output@@@2@@__crt_stdio_output@@AEAAXII_N@Z 00000001400037bc f i libucrt:output.obj
 0001:00002860       ??$type_case_integer_parse_into_buffer@_K@?$output_processor@DV?$stream_output_adapter@D@__crt_stdio_output@@V?$standard_base@DV?$stream_output_adapter@D@__crt_stdio_output@@@2@@__crt_stdio_output@@AEAAX_KI_N@Z 0000000140003860 f i libucrt:output.obj
 0001:000028f0       ??$type_case_integer_parse_into_buffer@_K@?$output_processor@_WV?$stream_output_adapter@_W@__crt_stdio_output@@V?$standard_base@_WV?$stream_output_adapter@_W@__crt_stdio_output@@@2@@__crt_stdio_output@@AEAAX_KI_N@Z 00000001400038f0 f i libucrt:output.obj
 0001:00002994       ??$write_multiple_characters@V?$stream_output_adapter@D@__crt_stdio_output@@D@__crt_stdio_output@@YAXAEBV?$stream_output_adapter@D@0@DHQEAH@Z 0000000140003994 f i libucrt:output.obj
 0001:00002a20       ??$write_multiple_characters@V?$stream_output_adapter@_W@__crt_stdio_output@@D@__crt_stdio_output@@YAXAEBV?$stream_output_adapter@_W@0@DHQEAH@Z 0000000140003a20 f i libucrt:output.obj
 0001:00002ab4       ??0_LocaleUpdate@@QEAA@QEAU__crt_locale_pointers@@@Z 0000000140003ab4 f i libucrt:output.obj
 0001:00002dc0       ?crop_zeroes@__crt_stdio_output@@YAXPEADQEAU__crt_locale_pointers@@@Z 0000000140003dc0 f i libucrt:output.obj
 0001:00002e60       ?force_decimal_point@__crt_stdio_output@@YAXPEADQEAU__crt_locale_pointers@@@Z 0000000140003e60 f i libucrt:output.obj
 0001:00002ed8       ?parse_int_from_format_string@?$output_processor@DV?$stream_output_adapter@D@__crt_stdio_output@@V?$standard_base@DV?$stream_output_adapter@D@__crt_stdio_output@@@2@@__crt_stdio_output@@AEAA_NQEAH@Z 0000000140003ed8 f i libucrt:output.obj
 0001:00002f7c       ?parse_int_from_format_string@?$output_processor@_WV?$stream_output_adapter@_W@__crt_stdio_output@@V?$standard_base@_WV?$stream_output_adapter@_W@__crt_stdio_output@@@2@@__crt_stdio_output@@AEAA_NQEAH@Z 0000000140003f7c f i libucrt:output.obj
 0001:00003020       ?process@?$output_processor@DV?$stream_output_adapter@D@__crt_stdio_output@@V?$standard_base@DV?$stream_output_adapter@D@__crt_stdio_output@@@2@@__crt_stdio_output@@QEAAHXZ 0000000140004020 f i libucrt:output.obj
 0001:00003234       ?process@?$output_processor@_WV?$stream_output_adapter@_W@__crt_stdio_output@@V?$standard_base@_WV?$stream_output_adapter@_W@__crt_stdio_output@@@2@@__crt_stdio_output@@QEAAHXZ 0000000140004234 f i libucrt:output.obj
 0001:000034ac       ?state_case_normal@?$output_processor@DV?$stream_output_adapter@D@__crt_stdio_output@@V?$standard_base@DV?$stream_output_adapter@D@__crt_stdio_output@@@2@@__crt_stdio_output@@AEAA_NXZ 00000001400044ac f i libucrt:output.obj
 0001:0000351c       ?state_case_normal_tchar@?$output_processor@DV?$stream_output_adapter@D@__crt_stdio_output@@V?$standard_base@DV?$stream_output_adapter@D@__crt_stdio_output@@@2@@__crt_stdio_output@@AEAA_ND@Z 000000014000451c f i libucrt:output.obj
 0001:000035c0       ?state_case_size@?$output_processor@DV?$stream_output_adapter@D@__crt_stdio_output@@V?$standard_base@DV?$stream_output_adapter@D@__crt_stdio_output@@@2@@__crt_stdio_output@@AEAA_NXZ 00000001400045c0 f i libucrt:output.obj
 0001:00003730       ?state_case_size@?$output_processor@_WV?$stream_output_adapter@_W@__crt_stdio_output@@V?$standard_base@_WV?$stream_output_adapter@_W@__crt_stdio_output@@@2@@__crt_stdio_output@@AEAA_NXZ 0000000140004730 f i libucrt:output.obj
 0001:000038c4       ?state_case_type@?$output_processor@DV?$stream_output_adapter@D@__crt_stdio_output@@V?$standard_base@DV?$stream_output_adapter@D@__crt_stdio_output@@@2@@__crt_stdio_output@@AEAA_NXZ 00000001400048c4 f i libucrt:output.obj
 0001:00003b48       ?state_case_type@?$output_processor@_WV?$stream_output_adapter@_W@__crt_stdio_output@@V?$standard_base@_WV?$stream_output_adapter@_W@__crt_stdio_output@@@2@@__crt_stdio_output@@AEAA_NXZ 0000000140004b48 f i libucrt:output.obj
 0001:00003e30       ?to_integer_size@__crt_stdio_output@@YA_KW4length_modifier@1@@Z 0000000140004e30 f i libucrt:output.obj
 0001:00003e98       ?type_case_Z@?$output_processor@DV?$stream_output_adapter@D@__crt_stdio_output@@V?$standard_base@DV?$stream_output_adapter@D@__crt_stdio_output@@@2@@__crt_stdio_output@@AEAA_NXZ 0000000140004e98 f i libucrt:output.obj
 0001:00003f0c       ?type_case_Z@?$output_processor@_WV?$stream_output_adapter@_W@__crt_stdio_output@@V?$standard_base@_WV?$stream_output_adapter@_W@__crt_stdio_output@@@2@@__crt_stdio_output@@AEAA_NXZ 0000000140004f0c f i libucrt:output.obj
 0001:00003f88       ?type_case_a@?$output_processor@DV?$stream_output_adapter@D@__crt_stdio_output@@V?$standard_base@DV?$stream_output_adapter@D@__crt_stdio_output@@@2@@__crt_stdio_output@@AEAA_NXZ 0000000140004f88 f i libucrt:output.obj
 0001:00004144       ?type_case_a@?$output_processor@_WV?$stream_output_adapter@_W@__crt_stdio_output@@V?$standard_base@_WV?$stream_output_adapter@_W@__crt_stdio_output@@@2@@__crt_stdio_output@@AEAA_NXZ 0000000140005144 f i libucrt:output.obj
 0001:00004324       ?type_case_c_tchar@?$output_processor@DV?$stream_output_adapter@D@__crt_stdio_output@@V?$standard_base@DV?$stream_output_adapter@D@__crt_stdio_output@@@2@@__crt_stdio_output@@AEAA_ND@Z 0000000140005324 f i libucrt:output.obj
 0001:000043ec       ?type_case_c_tchar@?$output_processor@_WV?$stream_output_adapter@_W@__crt_stdio_output@@V?$standard_base@_WV?$stream_output_adapter@_W@__crt_stdio_output@@@2@@__crt_stdio_output@@AEAA_N_W@Z 00000001400053ec f i libucrt:output.obj
 0001:00004494       ?type_case_integer@?$output_processor@DV?$stream_output_adapter@D@__crt_stdio_output@@V?$standard_base@DV?$stream_output_adapter@D@__crt_stdio_output@@@2@@__crt_stdio_output@@AEAA_NI_N@Z 0000000140005494 f i libucrt:output.obj
 0001:00004614       ?type_case_integer@?$output_processor@_WV?$stream_output_adapter@_W@__crt_stdio_output@@V?$standard_base@_WV?$stream_output_adapter@_W@__crt_stdio_output@@@2@@__crt_stdio_output@@AEAA_NI_N@Z 0000000140005614 f i libucrt:output.obj
 0001:0000479c       ?type_case_n@?$output_processor@_WV?$stream_output_adapter@_W@__crt_stdio_output@@V?$standard_base@_WV?$stream_output_adapter@_W@__crt_stdio_output@@@2@@__crt_stdio_output@@AEAA_NXZ 000000014000579c f i libucrt:output.obj
 0001:0000479c       ?type_case_n@?$output_processor@DV?$stream_output_adapter@D@__crt_stdio_output@@V?$standard_base@DV?$stream_output_adapter@D@__crt_stdio_output@@@2@@__crt_stdio_output@@AEAA_NXZ 000000014000579c f i libucrt:output.obj
 0001:00004824       ?type_case_s@?$output_processor@DV?$stream_output_adapter@D@__crt_stdio_output@@V?$standard_base@DV?$stream_output_adapter@D@__crt_stdio_output@@@2@@__crt_stdio_output@@AEAA_NXZ 0000000140005824 f i libucrt:output.obj
 0001:000048bc       ?type_case_s@?$output_processor@_WV?$stream_output_adapter@_W@__crt_stdio_output@@V?$standard_base@_WV?$stream_output_adapter@_W@__crt_stdio_output@@@2@@__crt_stdio_output@@AEAA_NXZ 00000001400058bc f i libucrt:output.obj
 0001:00004984       ?validate_stream_is_ansi_if_required@?$__acrt_stdio_char_traits@D@@SA_NQEAU_iobuf@@@Z 0000000140005984 f i libucrt:output.obj
 0001:00004a20       ?write_stored_string_tchar@?$output_processor@DV?$stream_output_adapter@D@__crt_stdio_output@@V?$standard_base@DV?$stream_output_adapter@D@__crt_stdio_output@@@2@@__crt_stdio_output@@AEAA_ND@Z 0000000140005a20 f i libucrt:output.obj
 0001:00004b44       ?write_stored_string_tchar@?$output_processor@_WV?$stream_output_adapter@_W@__crt_stdio_output@@V?$standard_base@_WV?$stream_output_adapter@_W@__crt_stdio_output@@@2@@__crt_stdio_output@@AEAA_N_W@Z 0000000140005b44 f i libucrt:output.obj
 0001:00004c48       ?write_string_impl@?$output_adapter_common@DV?$stream_output_adapter@D@__crt_stdio_output@@@__crt_stdio_output@@IEBAXQEBDHQEAHAEAV__crt_deferred_errno_cache@@@Z 0000000140005c48 f i libucrt:output.obj
 0001:00004d40       ?write_string_impl@?$output_adapter_common@_WV?$stream_output_adapter@_W@__crt_stdio_output@@@__crt_stdio_output@@IEBAXQEB_WHQEAHAEAV__crt_deferred_errno_cache@@@Z 0000000140005d40 f i libucrt:output.obj
 0001:00004e40       __stdio_common_vfprintf    0000000140005e40 f   libucrt:output.obj
 0001:00004ecc       __stdio_common_vfwprintf   0000000140005ecc f   libucrt:output.obj
 0001:00004f58       wcsncpy                    0000000140005f58 f   libucrt:wcsncpy.obj
 0001:00004fa0       __acrt_call_reportfault    0000000140005fa0 f   libucrt:invalid_parameter.obj
 0001:000050fc       __acrt_initialize_invalid_parameter_handler 00000001400060fc f   libucrt:invalid_parameter.obj
 0001:00005104       _invalid_parameter         0000000140006104 f   libucrt:invalid_parameter.obj
 0001:000051b4       _invalid_parameter_noinfo  00000001400061b4 f   libucrt:invalid_parameter.obj
 0001:000051d4       _invoke_watson             00000001400061d4 f   libucrt:invalid_parameter.obj
 0001:0000521c       __acrt_errno_from_os_error 000000014000621c f   libucrt:errno.obj
 0001:00005264       __acrt_errno_map_os_error  0000000140006264 f   libucrt:errno.obj
 0001:000052b4       __doserrno                 00000001400062b4 f   libucrt:errno.obj
 0001:000052d4       _errno                     00000001400062d4 f   libucrt:errno.obj
 0001:000052f4       _calloc_base               00000001400062f4 f   libucrt:calloc_base.obj
 0001:0000536c       _free_base                 000000014000636c f   libucrt:free_base.obj
 0001:00005584       __acrt_AppPolicyGetProcessTerminationMethodInternal 0000000140006584 f   libucrt:winapi_thunks.obj
 0001:000055d4       __acrt_AreFileApisANSI     00000001400065d4 f   libucrt:winapi_thunks.obj
 0001:00005610       __acrt_CompareStringEx     0000000140006610 f   libucrt:winapi_thunks.obj
 0001:000056ec       __acrt_FlsAlloc            00000001400066ec f   libucrt:winapi_thunks.obj
 0001:00005734       __acrt_FlsFree             0000000140006734 f   libucrt:winapi_thunks.obj
 0001:0000577c       __acrt_FlsGetValue         000000014000677c f   libucrt:winapi_thunks.obj
 0001:000057c4       __acrt_FlsSetValue         00000001400067c4 f   libucrt:winapi_thunks.obj
 0001:00005818       __acrt_InitializeCriticalSectionEx 0000000140006818 f   libucrt:winapi_thunks.obj
 0001:0000587c       __acrt_LCMapStringEx       000000014000687c f   libucrt:winapi_thunks.obj
 0001:00005958       __acrt_LocaleNameToLCID    0000000140006958 f   libucrt:winapi_thunks.obj
 0001:000059a8       __acrt_initialize_winapi_thunks 00000001400069a8 f   libucrt:winapi_thunks.obj
 0001:000059dc       __acrt_uninitialize_winapi_thunks 00000001400069dc f   libucrt:winapi_thunks.obj
 0001:00005a20       _fcloseall                 0000000140006a20 f   libucrt:closeall.obj
 0001:00005cb0       __acrt_stdio_flush_nolock  0000000140006cb0 f   libucrt:fflush.obj
 0001:00005d2c       _fflush_nolock             0000000140006d2c f   libucrt:fflush.obj
 0001:00005d78       _flushall                  0000000140006d78 f   libucrt:fflush.obj
 0001:00005d80       __acrt_stdio_free_buffer_nolock 0000000140006d80 f   libucrt:_freebuf.obj
 0001:00005fbc       __acrt_initialize_lowio    0000000140006fbc f   libucrt:ioinit.obj
 0001:00005ff8       __acrt_uninitialize_lowio  0000000140006ff8 f   libucrt:ioinit.obj
 0001:00006038       _malloc_base               0000000140007038 f   libucrt:malloc_base.obj
 0001:00006098       ??$parse_integer@KV?$c_string_character_source@D@__crt_strtox@@@__crt_strtox@@YAKQEAU__crt_locale_pointers@@V?$c_string_character_source@D@0@H_N@Z 0000000140007098 f i libucrt:strtox.obj
 0001:0000639c       ??$parse_integer@KV?$c_string_character_source@_W@__crt_strtox@@@__crt_strtox@@YAKQEAU__crt_locale_pointers@@V?$c_string_character_source@_W@0@H_N@Z 000000014000739c f i libucrt:strtox.obj
 0001:00006a44       _ischartype_l              0000000140007a44 f i libucrt:strtox.obj
 0001:00006abc       strtol                     0000000140007abc f   libucrt:strtox.obj
 0001:00006ae8       wcstol                     0000000140007ae8 f   libucrt:strtox.obj
 0001:00006b14       _mbtowc_l                  0000000140007b14 f   libucrt:mbtowc.obj
 0001:00006c94       mbtowc                     0000000140007c94 f   libucrt:mbtowc.obj
 0001:00006c9c       _wctomb_s_l                0000000140007c9c f   libucrt:wctomb.obj
 0001:00006e38       wctomb_s                   0000000140007e38 f   libucrt:wctomb.obj
 0001:00006e4c       strnlen                    0000000140007e4c f   libucrt:strnlen.obj
 0001:00006f9c       wcsnlen                    0000000140007f9c f   libucrt:strnlen.obj
 0001:000074ec       __acrt_getptd              00000001400084ec f   libucrt:per_thread_data.obj
 0001:000075c0       __acrt_getptd_head         00000001400085c0 f   libucrt:per_thread_data.obj
 0001:00007668       __acrt_getptd_noexit       0000000140008668 f   libucrt:per_thread_data.obj
 0001:00007734       __acrt_initialize_ptd      0000000140008734 f   libucrt:per_thread_data.obj
 0001:00007770       __acrt_uninitialize_ptd    0000000140008770 f   libucrt:per_thread_data.obj
 0001:00007794       __acrt_update_locale_info  0000000140008794 f   libucrt:locale_update.obj
 0001:000077c8       __acrt_update_multibyte_info 00000001400087c8 f   libucrt:locale_update.obj
 0001:00008208       __acrt_fp_format           0000000140009208 f   libucrt:cvt.obj
 0001:00008540       _fputwc_nolock             0000000140009540 f   libucrt:fputwc.obj
 0001:000086bc       _fileno                    00000001400096bc f   libucrt:fileno.obj
 0001:000086e4       _fputc_nolock              00000001400096e4 f   libucrt:fputc.obj
 0001:000086fc       _get_printf_count_output   00000001400096fc f   libucrt:printf_count_output.obj
 0001:00008714       __acrt_should_use_temporary_buffer 0000000140009714 f   libucrt:_sftbuf.obj
 0001:0000875c       __acrt_stdio_begin_temporary_buffering_nolock 000000014000975c f   libucrt:_sftbuf.obj
 0001:00008824       __acrt_stdio_end_temporary_buffering_nolock 0000000140009824 f   libucrt:_sftbuf.obj
 0001:000088d0       __acrt_set_locale_changed  00000001400098d0 f   libucrt:wsetlocale.obj
 0001:000088dc       __acrt_uninitialize_locale 00000001400098dc f   libucrt:wsetlocale.obj
 0001:0000890c       _configthreadlocale        000000014000990c f   libucrt:wsetlocale.obj
 0001:00008978       __acrt_initialize_new_handler 0000000140009978 f   libucrt:new_handler.obj
 0001:00008980       _callnewh                  0000000140009980 f   libucrt:new_handler.obj
 0001:000089b0       _query_new_handler         00000001400099b0 f   libucrt:new_handler.obj
 0001:000089e4       _query_new_mode            00000001400099e4 f   libucrt:new_mode.obj
 0001:000089ec       _set_new_mode              00000001400099ec f   libucrt:new_mode.obj
 0001:00008a18       __acrt_initialize_heap     0000000140009a18 f   libucrt:heap_handle.obj
 0001:00008a34       __acrt_uninitialize_heap   0000000140009a34 f   libucrt:heap_handle.obj
 0001:00008a40       wcsncmp                    0000000140009a40 f   libucrt:wcsncmp.obj
 0001:00008a6c       abort                      0000000140009a6c f   libucrt:abort.obj
 0001:00008ac4       __acrt_initialize_locks    0000000140009ac4 f   libucrt:locks.obj
 0001:00008b0c       __acrt_lock                0000000140009b0c f   libucrt:locks.obj
 0001:00008b28       __acrt_uninitialize_locks  0000000140009b28 f   libucrt:locks.obj
 0001:00008b60       __acrt_unlock              0000000140009b60 f   libucrt:locks.obj
 0001:00008b7c       __acrt_DownlevelLocaleNameToLCID 0000000140009b7c f   libucrt:lcidtoname_downlevel.obj
 0001:00008c2c       __acrt_get_process_end_policy 0000000140009c2c f   libucrt:win_policies.obj
 0001:00008c68       _fclose_nolock             0000000140009c68 f   libucrt:fclose.obj
 0001:00008cec       fclose                     0000000140009cec f   libucrt:fclose.obj
 0001:00008ddc       _commit                    0000000140009ddc f   libucrt:commit.obj
 0001:000096ec       _write                     000000014000a6ec f   libucrt:write.obj
 0001:000097d8       _write_nolock              000000014000a7d8 f   libucrt:write.obj
 0001:00009abc       __acrt_lowio_create_handle_array 000000014000aabc f   libucrt:osfinfo.obj
 0001:00009b64       __acrt_lowio_destroy_handle_array 000000014000ab64 f   libucrt:osfinfo.obj
 0001:00009bb4       __acrt_lowio_ensure_fh_exists 000000014000abb4 f   libucrt:osfinfo.obj
 0001:00009c5c       __acrt_lowio_lock_fh       000000014000ac5c f   libucrt:osfinfo.obj
 0001:00009c84       __acrt_lowio_unlock_fh     000000014000ac84 f   libucrt:osfinfo.obj
 0001:00009cac       _free_osfhnd               000000014000acac f   libucrt:osfinfo.obj
 0001:00009d68       _get_osfhandle             000000014000ad68 f   libucrt:osfinfo.obj
 0001:00009de0       __pctype_func              000000014000ade0 f   libucrt:ctype.obj
 0001:00009e10       iswctype                   000000014000ae10 f   libucrt:iswctype.obj
 0001:00009e7c       _isctype_l                 000000014000ae7c f   libucrt:isctype.obj
 0001:00009f84       _isleadbyte_l              000000014000af84 f i libucrt:_wctype.obj
 0001:00009fd0       __acrt_MultiByteToWideChar 000000014000afd0 f   libucrt:multibytetowidechar.obj
 0001:0000a02c       ?__mbrtowc_utf8@__crt_mbstring@@YA_KPEA_WPEBD_KPEAU_Mbstatet@@@Z 000000014000b02c f   libucrt:mbrtowc.obj
 0001:0000a068       ?__mbsrtowcs_utf8@__crt_mbstring@@YA_KPEA_WPEAPEBD_KPEAU_Mbstatet@@@Z 000000014000b068 f   libucrt:mbrtowc.obj
 0001:0000a1e0       __acrt_WideCharToMultiByte 000000014000b1e0 f   libucrt:widechartomultibyte.obj
 0001:0000a290       ?__c32rtomb_utf8@__crt_mbstring@@YA_KPEAD_UPEAU_Mbstatet@@@Z 000000014000b290 f   libucrt:c32rtomb.obj
 0001:0000a344       __acrt_add_locale_ref      000000014000b344 f   libucrt:locale_refcounting.obj
 0001:0000a3d0       __acrt_free_locale         000000014000b3d0 f   libucrt:locale_refcounting.obj
 0001:0000a548       __acrt_locale_add_lc_time_reference 000000014000b548 f   libucrt:locale_refcounting.obj
 0001:0000a570       __acrt_locale_free_lc_time_if_unreferenced 000000014000b570 f   libucrt:locale_refcounting.obj
 0001:0000a5a8       __acrt_locale_release_lc_time_reference 000000014000b5a8 f   libucrt:locale_refcounting.obj
 0001:0000a5d0       __acrt_release_locale_ref  000000014000b5d0 f   libucrt:locale_refcounting.obj
 0001:0000a678       __acrt_update_thread_locale_data 000000014000b678 f   libucrt:locale_refcounting.obj
 0001:0000a6e8       _updatetlocinfoEx_nolock   000000014000b6e8 f   libucrt:locale_refcounting.obj
 0001:0000ae78       __acrt_initialize_multibyte 000000014000be78 f   libucrt:mbctype.obj
 0001:0000aed8       __acrt_update_thread_multibyte_data 000000014000bed8 f   libucrt:mbctype.obj
 0001:0000aef4       _setmbcp_nolock            000000014000bef4 f   libucrt:mbctype.obj
 0001:0000b1b0       _seh_filter_exe            000000014000c1b0 f   libucrt:exception_filter.obj
 0001:0000b334       strcpy_s                   000000014000c334 f   libucrt:strcpy_s.obj
 0001:0000b394       __acrt_fp_strflt_to_string 000000014000c394 f   libucrt:_fptostr.obj
 0001:0000b4f0       ?divide@__crt_strtox@@YA_KAEAUbig_integer@1@AEBU21@@Z 000000014000c4f0 f i libucrt:cfout.obj
 0001:0000b91c       __acrt_fltout              000000014000c91c f   libucrt:cfout.obj
 0001:0000cbe8       fegetround                 000000014000dbe8 f   libucrt:fegetround.obj
 0001:0000ce44       __acrt_stdio_flush_and_write_narrow_nolock 000000014000de44 f   libucrt:_flsbuf.obj
 0001:0000cefc       __acrt_stdio_flush_and_write_wide_nolock 000000014000defc f   libucrt:_flsbuf.obj
 0001:0000cfb8       _isatty                    000000014000dfb8 f   libucrt:isatty.obj
 0001:0000d018       __acrt_locale_free_monetary 000000014000e018 f   libucrt:initmon.obj
 0001:0000d124       __acrt_locale_free_numeric 000000014000e124 f   libucrt:initnum.obj
 0001:0000d1e8       __acrt_locale_free_time    000000014000e1e8 f   libucrt:inittime.obj
 0001:0000d2f0       __acrt_GetStringTypeA      000000014000e2f0 f   libucrt:getstringtypea.obj
 0001:0000d6ec       __acrt_initialize_thread_local_exit_callback 000000014000e6ec f   libucrt:exit.obj
 0001:0000d6f4       _c_exit                    000000014000e6f4 f   libucrt:exit.obj
 0001:0000d704       _cexit                     000000014000e704 f   libucrt:exit.obj
 0001:0000d714       _exit                      000000014000e714 f   libucrt:exit.obj
 0001:0000d720       _register_thread_local_exe_atexit_callback 000000014000e720 f   libucrt:exit.obj
 0001:0000d75c       exit                       000000014000e75c f   libucrt:exit.obj
 0001:0000d7b0       __acrt_get_sigabrt_handler 000000014000e7b0 f   libucrt:signal.obj
 0001:0000d7e0       __acrt_initialize_signal_handlers 000000014000e7e0 f   libucrt:signal.obj
 0001:0000d800       raise                      000000014000e800 f   libucrt:signal.obj
 0001:0000da6c       __ascii_wcsnicmp           000000014000ea6c f   libucrt:wcsnicmp.obj
 0001:0000db2c       _close                     000000014000eb2c f   libucrt:close.obj
 0001:0000dbd0       _close_nolock              000000014000ebd0 f   libucrt:close.obj
 0001:0000dc90       ?__acrt_stdio_free_stream@@YAXV__crt_stdio_stream@@@Z 000000014000ec90 f   libucrt:stream.obj
 0001:0000de38       _lseeki64                  000000014000ee38 f   libucrt:lseek.obj
 0001:0000de40       _lseeki64_nolock           000000014000ee40 f   libucrt:lseek.obj
 0001:0000de48       _putwch_nolock             000000014000ee48 f   libucrt:putwch.obj
 0001:0000de84       _query_app_type            000000014000ee84 f   libucrt:report_runtime_error.obj
 0001:0000de8c       _set_app_type              000000014000ee8c f   libucrt:report_runtime_error.obj
 0001:0000de94       __acrt_GetStringTypeW      000000014000ee94 f   libucrt:getstringtypew.obj
 0001:0000de9c       ?__mbrtoc32_utf8@__crt_mbstring@@YA_KPEA_UPEBD_KPEAU_Mbstatet@@@Z 000000014000ee9c f   libucrt:mbrtoc32.obj
 0001:0000e38c       __acrt_LCMapStringA        000000014000f38c f   libucrt:lcmapstringa.obj
 0001:0000e43c       _controlfp_s               000000014000f43c f   libucrt:contrlfp.obj
 0001:0000e4a0       fegetenv                   000000014000f4a0 f   libucrt:fegetenv.obj
 0001:0000e4c0       fesetenv                   000000014000f4c0 f   libucrt:fesetenv.obj
 0001:0000e50c       feholdexcept               000000014000f50c f   libucrt:feholdexcept.obj
 0001:0000e55c       ceil                       000000014000f55c f   libucrt:ceil.obj
 0001:0000e620       log10                      000000014000f620 f   libucrt:log10.obj
 0001:0000ebcc       __acrt_fenv_get_common_round_control 000000014000fbcc f   libucrt:_fenvutils.obj
 0001:0000ebd8       __acrt_fenv_get_control    000000014000fbd8 f   libucrt:_fenvutils.obj
 0001:0000eccc       __acrt_fenv_get_status     000000014000fccc f   libucrt:_fenvutils.obj
 0001:0000ed20       __acrt_fenv_set_control    000000014000fd20 f   libucrt:_fenvutils.obj
 0001:0000ee68       __acrt_fenv_set_status     000000014000fe68 f   libucrt:_fenvutils.obj
 0001:0000eeec       __acrt_stdio_allocate_buffer_nolock 000000014000feec f   libucrt:_getbuf.obj
 0001:0000ef58       _initterm                  000000014000ff58 f   libucrt:initterm.obj
 0001:0000efbc       _initterm_e                000000014000ffbc f   libucrt:initterm.obj
 0001:0000f33c       _crt_atexit                000000014001033c f   libucrt:onexit.obj
 0001:0000f34c       _execute_onexit_table      000000014001034c f   libucrt:onexit.obj
 0001:0000f388       _initialize_onexit_table   0000000140010388 f   libucrt:onexit.obj
 0001:0000f3b0       _register_onexit_function  00000001400103b0 f   libucrt:onexit.obj
 0001:0000f3f8       terminate                  00000001400103f8 f   libucrt:terminate.obj
 0001:0000f418       __dcrt_lowio_ensure_console_output_initialized 0000000140010418 f   libucrt:initcon.obj
 0001:0000f46c       __dcrt_terminate_console_output 000000014001046c f   libucrt:initcon.obj
 0001:0000f488       __dcrt_write_console       0000000140010488 f   libucrt:initcon.obj
 0001:0000f548       strncpy_s                  0000000140010548 f   libucrt:strncpy_s.obj
 0001:0000f61c       __strncnt                  000000014001061c f   libucrt:strncnt.obj
 0001:0000f634       _clearfp                   0000000140010634 f   libucrt:ieee.obj
 0001:0000f6a4       _control87                 00000001400106a4 f   libucrt:ieee.obj
 0001:0000fa90       _handle_error              0000000140010a90 f   libucrt:libm_error.obj
 0001:0000fbb8       _handle_nan                0000000140010bb8 f   libucrt:libm_error.obj
 0001:0000fbe0       __acrt_initialize_fma3     0000000140010be0 f   libucrt:fma3_available.obj
 0001:0000fc50       _log10_special             0000000140010c50 f   libucrt:log_special.obj
 0001:0000fd08       _recalloc_base             0000000140010d08 f   libucrt:recalloc.obj
 0001:0000fdb0       _get_fpsr                  0000000140010db0 f   libucrt:fpsr.obj
 0001:0000fdc0       _set_fpsr                  0000000140010dc0 f   libucrt:fpsr.obj
 0001:0000fdca       _fclrf                     0000000140010dca f   libucrt:fpsr.obj
 0001:0000fdde       _frnd                      0000000140010dde f   libucrt:fpsr.obj
 0001:0000fe00       __acrt_has_user_matherr    0000000140010e00 f   libucrt:matherr.obj
 0001:0000fe20       __acrt_initialize_user_matherr 0000000140010e20 f   libucrt:matherr.obj
 0001:0000fe28       __acrt_invoke_user_matherr 0000000140010e28 f   libucrt:matherr.obj
 0001:0000fe58       __setusermatherr           0000000140010e58 f   libucrt:matherr.obj
 0001:0000fe80       _raise_exc                 0000000140010e80 f   libucrt:fpexcept.obj
 0001:0000fea8       _raise_exc_ex              0000000140010ea8 f   libucrt:fpexcept.obj
 0001:000101b8       _set_errno_from_matherr    00000001400111b8 f   libucrt:fpexcept.obj
 0001:000101e8       _clrfp                     00000001400111e8 f   libucrt:fpctrl.obj
 0001:00010208       _ctrlfp                    0000000140011208 f   libucrt:fpctrl.obj
 0001:00010284       _set_statfp                0000000140011284 f   libucrt:fpctrl.obj
 0001:000102a4       _statfp                    00000001400112a4 f   libucrt:fpctrl.obj
 0001:000102b8       _msize_base                00000001400112b8 f   libucrt:msize.obj
 0001:000102f4       _realloc_base              00000001400112f4 f   libucrt:realloc_base.obj
 0001:00010370       strstr                     0000000140011370 f   libvcruntime:strstr.obj
 0001:00010568       __C_specific_handler       0000000140011568 f   libvcruntime:riscchandler.obj
 0001:00010770       memcpy_repmovs             0000000140011770 f   libvcruntime:memcpy.obj
 0001:00010790       memmove                    0000000140011790 f   libvcruntime:memcpy.obj
 0001:00010790       memcpy                     0000000140011790 f   libvcruntime:memcpy.obj
 0001:00010e20       memset_repmovs             0000000140011e20 f   libvcruntime:memset.obj
 0001:00010e40       memset                     0000000140011e40 f   libvcruntime:memset.obj
 0001:00010fd0       strrchr                    0000000140011fd0 f   libvcruntime:strrchr.obj
 0001:00011120       memcmp                     0000000140012120 f   libvcruntime:memcmp.obj
 0001:00011200       _NLG_Notify                0000000140012200 f   libvcruntime:notify.obj
 0001:00011220       __NLG_Dispatch2            0000000140012220 f   libvcruntime:notify.obj
 0001:00011230       __NLG_Return2              0000000140012230 f   libvcruntime:notify.obj
 0001:00011234       _initialize_invalid_parameter_handler 0000000140012234 f i libcmt:invalid_parameter_handler.obj
 0001:00011234       _initialize_denormal_control 0000000140012234 f i libcmt:denormal_control.obj
 0001:00011234       _guard_check_icall_nop     0000000140012234 f i libvcruntime:jbcxrval.obj
 0001:00011238       __except_validate_context_record 0000000140012238 f   libvcruntime:jbcxrval.obj
 0001:00011270       __DestructExceptionObject  0000000140012270 f   libvcruntime:ehhelpers.obj
 0001:000112e0       ?_CallMemberFunction0@@YAXQEAX0@Z 00000001400122e0 f i libvcruntime:ehhelpers.obj
 0001:000112e4       __current_exception        00000001400122e4 f   libvcruntime:ehhelpers.obj
 0001:000112f8       __current_exception_context 00000001400122f8 f   libvcruntime:ehhelpers.obj
 0001:0001130c       __vcrt_freefls             000000014001230c f   libvcruntime:per_thread_data.obj
 0001:0001132c       __vcrt_getptd              000000014001232c f   libvcruntime:per_thread_data.obj
 0001:00011348       __vcrt_getptd_noexit       0000000140012348 f   libvcruntime:per_thread_data.obj
 0001:00011408       __vcrt_initialize_ptd      0000000140012408 f   libvcruntime:per_thread_data.obj
 0001:00011450       __vcrt_uninitialize_ptd    0000000140012450 f   libvcruntime:per_thread_data.obj
 0001:000115c4       __vcrt_FlsAlloc            00000001400125c4 f   libvcruntime:winapi_downlevel.obj
 0001:0001160c       __vcrt_FlsFree             000000014001260c f   libvcruntime:winapi_downlevel.obj
 0001:00011654       __vcrt_FlsGetValue         0000000140012654 f   libvcruntime:winapi_downlevel.obj
 0001:0001169c       __vcrt_FlsSetValue         000000014001269c f   libvcruntime:winapi_downlevel.obj
 0001:000116f0       __vcrt_InitializeCriticalSectionEx 00000001400126f0 f   libvcruntime:winapi_downlevel.obj
 0001:00011754       __raise_securityfailure    0000000140012754 f   libcmt:gs_report.obj
 0001:00011788       __report_gsfailure         0000000140012788 f   libcmt:gs_report.obj
 0001:0001185c       __report_rangecheckfailure 000000014001285c f   libcmt:gs_report.obj
 0001:00011870       __report_securityfailure   0000000140012870 f   libcmt:gs_report.obj
 0001:000119f0       __GSHandlerCheck           00000001400129f0 f   libcmt:gshandler.obj
 0001:00011a10       __GSHandlerCheckCommon     0000000140012a10 f   libcmt:gshandler.obj
 0001:00011a80       __security_check_cookie    0000000140012a80 f   libcmt:amdsecgs.obj
 0001:00011d00       mainCRTStartup             0000000140012d00 f   libcmt:exe_main.obj
 0001:00011d14       __crt_debugger_hook        0000000140012d14 f   libcmt:utility_desktop.obj
 0001:00011d1c       __scrt_fastfail            0000000140012d1c f   libcmt:utility_desktop.obj
 0001:00011e68       __scrt_initialize_mta      0000000140012e68 f   libcmt:utility_desktop.obj
 0001:00011e70       __scrt_exe_initialize_mta  0000000140012e70 f   libcmt:utility_desktop.obj
 0001:00011e70       _get_startup_thread_locale_mode 0000000140012e70 f   libcmt:thread_locale.obj
 0001:00011e70       _matherr                   0000000140012e70 f   libcmt:matherr.obj
 0001:00011e70       __scrt_initialize_winrt    0000000140012e70 f   libcmt:utility_desktop.obj
 0001:00011e70       _get_startup_commit_mode   0000000140012e70 f   libcmt:commit_mode.obj
 0001:00011e70       __scrt_stub_for_initialize_mta 0000000140012e70 f   libcmt:utility_desktop.obj
 0001:00011e70       _get_startup_new_mode      0000000140012e70 f   libcmt:new_mode.obj
 0001:00011e74       __scrt_is_managed_app      0000000140012e74 f   libcmt:utility_desktop.obj
 0001:00011ec8       __scrt_set_unhandled_exception_filter 0000000140012ec8 f   libcmt:utility_desktop.obj
 0001:00011ed8       __scrt_unhandled_exception_filter 0000000140012ed8 f   libcmt:utility_desktop.obj
 0001:00011f34       __isa_available_init       0000000140012f34 f   libcmt:cpu_disp.obj
 0001:000120f0       _alloca_probe              00000001400130f0 f   libcmt:chkstk.obj
 0001:000120f0       __chkstk                   00000001400130f0 f   libcmt:chkstk.obj
 0001:00012140       _FindPESection             0000000140013140 f   libcmt:pesect.obj
 0001:00012190       _IsNonwritableInCurrentImage 0000000140013190 f   libcmt:pesect.obj
 0001:000121e0       _ValidateImageBase         00000001400131e0 f   libcmt:pesect.obj
 0001:00012210       __scrt_acquire_startup_lock 0000000140013210 f   libcmt:utility.obj
 0001:0001224c       __scrt_initialize_crt      000000014001324c f   libcmt:utility.obj
 0001:00012298       __scrt_initialize_onexit_tables 0000000140013298 f   libcmt:utility.obj
 0001:00012324       __scrt_is_nonwritable_in_current_image 0000000140013324 f   libcmt:utility.obj
 0001:000123bc       __scrt_release_startup_lock 00000001400133bc f   libcmt:utility.obj
 0001:000123e0       __scrt_uninitialize_crt    00000001400133e0 f   libcmt:utility.obj
 0001:0001240c       _onexit                    000000014001340c f   libcmt:utility.obj
 0001:00012448       atexit                     0000000140013448 f   libcmt:utility.obj
 0001:00012460       __security_init_cookie     0000000140013460 f   libcmt:gs_support.obj
 0001:0001250c       _get_startup_argv_mode     000000014001350c f   libcmt:argv_mode.obj
 0001:00012514       _get_startup_file_mode     0000000140013514 f   libcmt:file_mode.obj
 0001:0001251c       ?__scrt_initialize_type_info@@YAXXZ 000000014001351c f   libcmt:tncleanup.obj
 0001:0001252c       __acrt_uninitialize_command_line 000000014001352c f   libucrt:argv_data.obj
 0001:0001252c       _should_initialize_environment 000000014001352c f   libcmt:env_mode.obj
 0001:00012530       __local_stdio_scanf_options 0000000140013530 f i libcmt:default_local_stdio_options.obj
 0001:00012538       __scrt_initialize_default_local_stdio_options 0000000140013538 f   libcmt:default_local_stdio_options.obj
 0001:00012554       __scrt_is_user_matherr_present 0000000140013554 f   libcmt:matherr_detection.obj
 0001:00012560       __scrt_get_dyn_tls_init_callback 0000000140013560 f   libcmt:dyn_tls_init.obj
 0001:00012568       __scrt_get_dyn_tls_dtor_callback 0000000140013568 f   libcmt:dyn_tls_dtor.obj
 0001:00012570       _RTC_Initialize            0000000140013570 f   libcmt:initsect.obj
 0001:000125ac       _RTC_Terminate             00000001400135ac f   libcmt:initsect.obj
 0001:000125f0       __scrt_is_ucrt_dll_in_use  00000001400135f0 f   libcmt:ucrt_detection.obj
 0001:000125fc       calloc                     00000001400135fc f   libucrt:calloc.obj
 0001:00012604       free                       0000000140013604 f   libucrt:free.obj
 0001:000127d8       __acrt_allocate_buffer_for_argv 00000001400137d8 f   libucrt:argv_parsing.obj
 0001:00012838       _configure_narrow_argv     0000000140013838 f   libucrt:argv_parsing.obj
 0001:00012c84       __dcrt_get_or_create_narrow_environment_nolock 0000000140013c84 f   libucrt:environment_initialization.obj
 0001:00012cc0       __dcrt_uninitialize_environments_nolock 0000000140013cc0 f   libucrt:environment_initialization.obj
 0001:00012cf8       _get_initial_narrow_environment 0000000140013cf8 f   libucrt:environment_initialization.obj
 0001:00012d48       _initialize_narrow_environment 0000000140013d48 f   libucrt:environment_initialization.obj
 0001:00012d50       _set_fmode                 0000000140013d50 f   libucrt:setmode.obj
 0001:00012d90       __acrt_initialize_command_line 0000000140013d90 f   libucrt:argv_data.obj
 0001:00012db8       __p___argc                 0000000140013db8 f   libucrt:argv_data.obj
 0001:00012dc0       __p___argv                 0000000140013dc0 f   libucrt:argv_data.obj
 0001:00012dc8       __p__commode               0000000140013dc8 f   libucrt:ncommode.obj
 0001:00012efc       __acrt_initialize          0000000140013efc f   libucrt:initialization.obj
 0001:00012f10       __acrt_uninitialize        0000000140013f10 f   libucrt:initialization.obj
 0001:00012f5c       ??$__acrt_mbs_to_wcs_cp@U__crt_win32_buffer_internal_dynamic_resizing@@@@YAHQEBDAEAV?$__crt_win32_buffer@_WU__crt_win32_buffer_internal_dynamic_resizing@@@@I@Z 0000000140013f5c f i libucrt:argv_wildcards.obj
 0001:000130d4       ??$__acrt_wcs_to_mbs_cp@U__crt_win32_buffer_internal_dynamic_resizing@@@@YAHQEB_WAEAV?$__crt_win32_buffer@DU__crt_win32_buffer_internal_dynamic_resizing@@@@I@Z 00000001400140d4 f i libucrt:argv_wildcards.obj
 0001:00013904       __acrt_expand_narrow_argv_wildcards 0000000140014904 f   libucrt:argv_wildcards.obj
 0001:0001390c       ??$__acrt_wcs_to_mbs_cp@U__crt_win32_buffer_no_resizing@@@@YAHQEB_WAEAV?$__crt_win32_buffer@DU__crt_win32_buffer_no_resizing@@@@I@Z 000000014001490c f i libucrt:getmodulefilenamea.obj
 0001:00013a20       __acrt_GetModuleFileNameA  0000000140014a20 f   libucrt:getmodulefilenamea.obj
 0001:00013bb8       _ismbblead                 0000000140014bb8 f   libucrt:ismbbyte.obj
 0001:00013bcc       __dcrt_get_narrow_environment_from_os 0000000140014bcc f   libucrt:get_environment_from_os.obj
 0001:000140d8       __dcrt_set_variable_in_narrow_environment_nolock 00000001400150d8 f   libucrt:setenv.obj
 0001:000140e0       __acrt_initialize_fmode    00000001400150e0 f   libucrt:txtmode.obj
 0001:000140fc       __acrt_execute_initializers 00000001400150fc f   libucrt:shared_initialization.obj
 0001:0001417c       __acrt_execute_uninitializers 000000014001517c f   libucrt:shared_initialization.obj
 0001:000141c0       qsort                      00000001400151c0 f   libucrt:qsort.obj
 0001:00014600       strpbrk                    0000000140015600 f   libucrt:strpbrk.obj
 0001:000149c8       _mbsdec                    00000001400159c8 f   libucrt:mbsdec.obj
 0001:000149d0       _mbsdec_l                  00000001400159d0 f   libucrt:mbsdec.obj
 0001:00014a64       _strnicoll                 0000000140015a64 f   libucrt:strnicol.obj
 0001:00014a7c       _strnicoll_l               0000000140015a7c f   libucrt:strnicol.obj
 0001:00014b7c       __acrt_SetEnvironmentVariableA 0000000140015b7c f   libucrt:setenvironmentvariablea.obj
 0001:00014d14       __ascii_strnicmp           0000000140015d14 f   libucrt:strnicmp.obj
 0001:00014d60       _strnicmp                  0000000140015d60 f   libucrt:strnicmp.obj
 0001:00014db0       _strnicmp_l                0000000140015db0 f   libucrt:strnicmp.obj
 0001:000151c0       __acrt_CompareStringA      00000001400161c0 f   libucrt:comparestringa.obj
 0001:0001524c       __vcrt_initialize          000000014001624c f   libvcruntime:initialization.obj
 0001:00015274       __vcrt_uninitialize        0000000140016274 f   libvcruntime:initialization.obj
 0001:00015290       strchr                     0000000140016290 f   libvcruntime:strchr.obj
 0001:00015310       __vcrt_initialize_locks    0000000140016310 f   libvcruntime:locks.obj
 0001:00015358       __vcrt_uninitialize_locks  0000000140016358 f   libvcruntime:locks.obj
 0001:000153a0       _CallSettingFrame          00000001400163a0 f   libvcruntime:handlers.obj
 0001:000153f0       _CallSettingFrame_LookupContinuationIndex 00000001400163f0 f   libvcruntime:handlers.obj
 0001:00015420       _CallSettingFrame_NotifyContinuationAddr 0000000140016420 f   libvcruntime:handlers.obj
 0001:00015450       _CallSettingFrameEncoded   0000000140016450 f   libvcruntime:handlers.obj
 0001:000154b0       strncmp                    00000001400164b0 f   libucrt:strncmp.obj
 0001:00015540       _guard_dispatch_icall_nop  0000000140016540 f   libcmt:guard_dispatch.obj
 0001:00015560       _guard_xfg_dispatch_icall_nop 0000000140016560 f   libcmt:guard_xfg_dispatch.obj
 0002:00000000       __imp_GetStdHandle         0000000140017000     kernel32:KERNEL32.dll
 0002:00000008       __imp_CreateFileW          0000000140017008     kernel32:KERNEL32.dll
 0002:00000010       __imp_FindClose            0000000140017010     kernel32:KERNEL32.dll
 0002:00000018       __imp_FindFirstFileW       0000000140017018     kernel32:KERNEL32.dll
 0002:00000020       __imp_FindNextFileW        0000000140017020     kernel32:KERNEL32.dll
 0002:00000028       __imp_GetFileSizeEx        0000000140017028     kernel32:KERNEL32.dll
 0002:00000030       __imp_WriteFile            0000000140017030     kernel32:KERNEL32.dll
 0002:00000038       __imp_CloseHandle          0000000140017038     kernel32:KERNEL32.dll
 0002:00000040       __imp_GetLastError         0000000140017040     kernel32:KERNEL32.dll
 0002:00000048       __imp_VirtualAlloc         0000000140017048     kernel32:KERNEL32.dll
 0002:00000050       __imp_VirtualFree          0000000140017050     kernel32:KERNEL32.dll
 0002:00000058       __imp_CreateFileMappingW   0000000140017058     kernel32:KERNEL32.dll
 0002:00000060       __imp_MapViewOfFile        0000000140017060     kernel32:KERNEL32.dll
 0002:00000068       __imp_UnmapViewOfFile      0000000140017068     kernel32:KERNEL32.dll
 0002:00000070       __imp_MultiByteToWideChar  0000000140017070     kernel32:KERNEL32.dll
 0002:00000078       __imp_GetConsoleMode       0000000140017078     kernel32:KERNEL32.dll
 0002:00000080       __imp_SetConsoleMode       0000000140017080     kernel32:KERNEL32.dll
 0002:00000088       __imp_EnterCriticalSection 0000000140017088     kernel32:KERNEL32.dll
 0002:00000090       __imp_LeaveCriticalSection 0000000140017090     kernel32:KERNEL32.dll
 0002:00000098       __imp_DeleteCriticalSection 0000000140017098     kernel32:KERNEL32.dll
 0002:000000a0       __imp_RtlCaptureContext    00000001400170a0     kernel32:KERNEL32.dll
 0002:000000a8       __imp_RtlLookupFunctionEntry 00000001400170a8     kernel32:KERNEL32.dll
 0002:000000b0       __imp_RtlVirtualUnwind     00000001400170b0     kernel32:KERNEL32.dll
 0002:000000b8       __imp_IsDebuggerPresent    00000001400170b8     kernel32:KERNEL32.dll
 0002:000000c0       __imp_UnhandledExceptionFilter 00000001400170c0     kernel32:KERNEL32.dll
 0002:000000c8       __imp_SetUnhandledExceptionFilter 00000001400170c8     kernel32:KERNEL32.dll
 0002:000000d0       __imp_GetCurrentProcess    00000001400170d0     kernel32:KERNEL32.dll
 0002:000000d8       __imp_TerminateProcess     00000001400170d8     kernel32:KERNEL32.dll
 0002:000000e0       __imp_IsProcessorFeaturePresent 00000001400170e0     kernel32:KERNEL32.dll
 0002:000000e8       __imp_HeapAlloc            00000001400170e8     kernel32:KERNEL32.dll
 0002:000000f0       __imp_HeapFree             00000001400170f0     kernel32:KERNEL32.dll
 0002:000000f8       __imp_InitializeCriticalSectionAndSpinCount 00000001400170f8     kernel32:KERNEL32.dll
 0002:00000100       __imp_TlsAlloc             0000000140017100     kernel32:KERNEL32.dll
 0002:00000108       __imp_TlsGetValue          0000000140017108     kernel32:KERNEL32.dll
 0002:00000110       __imp_TlsSetValue          0000000140017110     kernel32:KERNEL32.dll
 0002:00000118       __imp_TlsFree              0000000140017118     kernel32:KERNEL32.dll
 0002:00000120       __imp_GetSystemTimeAsFileTime 0000000140017120     kernel32:KERNEL32.dll
 0002:00000128       __imp_FreeLibrary          0000000140017128     kernel32:KERNEL32.dll
 0002:00000130       __imp_GetProcAddress       0000000140017130     kernel32:KERNEL32.dll
 0002:00000138       __imp_LoadLibraryExW       0000000140017138     kernel32:KERNEL32.dll
 0002:00000140       __imp_CompareStringW       0000000140017140     kernel32:KERNEL32.dll
 0002:00000148       __imp_LCMapStringW         0000000140017148     kernel32:KERNEL32.dll
 0002:00000150       __imp_GetFileType          0000000140017150     kernel32:KERNEL32.dll
 0002:00000158       __imp_GetStartupInfoW      0000000140017158     kernel32:KERNEL32.dll
 0002:00000160       __imp_SetLastError         0000000140017160     kernel32:KERNEL32.dll
 0002:00000168       __imp_GetCurrentThreadId   0000000140017168     kernel32:KERNEL32.dll
 0002:00000170       __imp_GetProcessHeap       0000000140017170     kernel32:KERNEL32.dll
 0002:00000178       __imp_FlushFileBuffers     0000000140017178     kernel32:KERNEL32.dll
 0002:00000180       __imp_GetConsoleOutputCP   0000000140017180     kernel32:KERNEL32.dll
 0002:00000188       __imp_SetStdHandle         0000000140017188     kernel32:KERNEL32.dll
 0002:00000190       __imp_GetCPInfo            0000000140017190     kernel32:KERNEL32.dll
 0002:00000198       __imp_WideCharToMultiByte  0000000140017198     kernel32:KERNEL32.dll
 0002:000001a0       __imp_IsValidCodePage      00000001400171a0     kernel32:KERNEL32.dll
 0002:000001a8       __imp_GetACP               00000001400171a8     kernel32:KERNEL32.dll
 0002:000001b0       __imp_GetOEMCP             00000001400171b0     kernel32:KERNEL32.dll
 0002:000001b8       __imp_SetFilePointerEx     00000001400171b8     kernel32:KERNEL32.dll
 0002:000001c0       __imp_GetStringTypeW       00000001400171c0     kernel32:KERNEL32.dll
 0002:000001c8       __imp_ExitProcess          00000001400171c8     kernel32:KERNEL32.dll
 0002:000001d0       __imp_GetModuleHandleW     00000001400171d0     kernel32:KERNEL32.dll
 0002:000001d8       __imp_GetModuleHandleExW   00000001400171d8     kernel32:KERNEL32.dll
 0002:000001e0       __imp_GetModuleFileNameW   00000001400171e0     kernel32:KERNEL32.dll
 0002:000001e8       __imp_WriteConsoleW        00000001400171e8     kernel32:KERNEL32.dll
 0002:000001f0       __imp_RaiseException       00000001400171f0     kernel32:KERNEL32.dll
 0002:000001f8       __imp_HeapSize             00000001400171f8     kernel32:KERNEL32.dll
 0002:00000200       __imp_HeapReAlloc          0000000140017200     kernel32:KERNEL32.dll
 0002:00000208       __imp_RtlUnwindEx          0000000140017208     kernel32:KERNEL32.dll
 0002:00000210       __imp_QueryPerformanceCounter 0000000140017210     kernel32:KERNEL32.dll
 0002:00000218       __imp_GetCurrentProcessId  0000000140017218     kernel32:KERNEL32.dll
 0002:00000220       __imp_InitializeSListHead  0000000140017220     kernel32:KERNEL32.dll
 0002:00000228       __imp_GetCommandLineA      0000000140017228     kernel32:KERNEL32.dll
 0002:00000230       __imp_GetCommandLineW      0000000140017230     kernel32:KERNEL32.dll
 0002:00000238       __imp_FindFirstFileExW     0000000140017238     kernel32:KERNEL32.dll
 0002:00000240       __imp_GetEnvironmentStringsW 0000000140017240     kernel32:KERNEL32.dll
 0002:00000248       __imp_FreeEnvironmentStringsW 0000000140017248     kernel32:KERNEL32.dll
 0002:00000250       __imp_SetEnvironmentVariableW 0000000140017250     kernel32:KERNEL32.dll
 0002:00000258       \177KERNEL32_NULL_THUNK_DATA 0000000140017258     kernel32:KERNEL32.dll
 0002:00000260       __guard_check_icall_fptr   0000000140017260     libvcruntime:jbcxrval.obj
 0002:00000268       __guard_xfg_check_icall_fptr 0000000140017268     libcmt:guard_support.obj
 0002:00000270       __guard_dispatch_icall_fptr 0000000140017270     libcmt:guard_support.obj
 0002:00000278       __guard_xfg_dispatch_icall_fptr 0000000140017278     libcmt:guard_support.obj
 0002:00000280       __guard_xfg_table_dispatch_icall_fptr 0000000140017280     libcmt:guard_support.obj
 0002:00000288       __castguard_check_failure_os_handled_fptr 0000000140017288     libcmt:guard_support.obj
 0002:00000290       __xc_a                     0000000140017290     libcmt:initializers.obj
 0002:000002a0       __xc_z                     00000001400172a0     libcmt:initializers.obj
 0002:000002a8       __xi_a                     00000001400172a8     libcmt:initializers.obj
 0002:000002c0       __acrt_stdio_initializer   00000001400172c0     libucrt:stdio_initializer.obj
 0002:000002c8       __acrt_multibyte_initializer 00000001400172c8     libucrt:multibyte_initializer.obj
 0002:000002d0       __acrt_tran_fma3_initializer 00000001400172d0     libucrt:fma3_initializer.obj
 0002:000002d8       __acrt_fmode_initializer   00000001400172d8     libucrt:fmode_initializer.obj
 0002:000002e0       __xi_z                     00000001400172e0     libcmt:initializers.obj
 0002:000002e8       __xp_a                     00000001400172e8     libcmt:initializers.obj
 0002:000002f0       __acrt_locale_terminator   00000001400172f0     libucrt:locale_initializer.obj
 0002:000002f8       __dcrt_console_output_terminator 00000001400172f8     libucrt:console_output_initializer.obj
 0002:00000300       __acrt_stdio_terminator    0000000140017300     libucrt:stdio_initializer.obj
 0002:00000308       __xp_z                     0000000140017308     libcmt:initializers.obj
 0002:00000310       __xt_a                     0000000140017310     libcmt:initializers.obj
 0002:00000318       __xt_z                     0000000140017318     libcmt:initializers.obj
 0002:000009b0       ?standard_lookup_table_spectre@__crt_stdio_output@@3V?$spectre_mitigated_lookup_table@Ustate_transition_pair@__crt_stdio_output@@$0IA@@1@B 00000001400179b0     libucrt:output.obj
 0002:00000db0       ??_C@_1O@CEDCILHN@?$AA?$CI?$AAn?$AAu?$AAl?$AAl?$AA?$CJ@ 0000000140017db0     libucrt:output.obj
 0002:00000dc0       ??_C@_06OJHGLDPL@?$CInull?$CJ@ 0000000140017dc0     libucrt:output.obj
 0002:00000fe0       ??_C@_1EA@JGEFHKEI@?$AAa?$AAp?$AAi?$AA?9?$AAm?$AAs?$AA?9?$AAw?$AAi?$AAn?$AA?9?$AAc?$AAo?$AAr?$AAe@ 0000000140017fe0     libucrt:winapi_thunks.obj
 0002:00001020       ??_C@_1DM@KHCHBNEB@?$AAa?$AAp?$AAi?$AA?9?$AAm?$AAs?$AA?9?$AAw?$AAi?$AAn?$AA?9?$AAc?$AAo?$AAr?$AAe@ 0000000140018020     libucrt:winapi_thunks.obj
 0002:00001060       ??_C@_1DI@IJCEHOCB@?$AAa?$AAp?$AAi?$AA?9?$AAm?$AAs?$AA?9?$AAw?$AAi?$AAn?$AA?9?$AAc?$AAo?$AAr?$AAe@ 0000000140018060     libucrt:winapi_thunks.obj
 0002:000010a0       ??_C@_1EI@MPIAOHOC@?$AAa?$AAp?$AAi?$AA?9?$AAm?$AAs?$AA?9?$AAw?$AAi?$AAn?$AA?9?$AAc?$AAo?$AAr?$AAe@ 00000001400180a0     libucrt:winapi_thunks.obj
 0002:000010f0       ??_C@_1FK@FPHCKFIE@?$AAa?$AAp?$AAi?$AA?9?$AAm?$AAs?$AA?9?$AAw?$AAi?$AAn?$AA?9?$AAc?$AAo?$AAr?$AAe@ 00000001400180f0     libucrt:winapi_thunks.obj
 0002:00001150       ??_C@_1EM@DILCGIIO@?$AAa?$AAp?$AAi?$AA?9?$AAm?$AAs?$AA?9?$AAw?$AAi?$AAn?$AA?9?$AAc?$AAo?$AAr?$AAe@ 0000000140018150     libucrt:winapi_thunks.obj
 0002:000011a0       ??_C@_1DM@LNCGDDPN@?$AAa?$AAp?$AAi?$AA?9?$AAm?$AAs?$AA?9?$AAw?$AAi?$AAn?$AA?9?$AAc?$AAo?$AAr?$AAe@ 00000001400181a0     libucrt:winapi_thunks.obj
 0002:000011e0       ??_C@_1DK@LPPGFMPP@?$AAa?$AAp?$AAi?$AA?9?$AAm?$AAs?$AA?9?$AAw?$AAi?$AAn?$AA?9?$AAc?$AAo?$AAr?$AAe@ 00000001400181e0     libucrt:winapi_thunks.obj
 0002:00001220       ??_C@_1DO@FPAPJEMD@?$AAa?$AAp?$AAi?$AA?9?$AAm?$AAs?$AA?9?$AAw?$AAi?$AAn?$AA?9?$AAc?$AAo?$AAr?$AAe@ 0000000140018220     libucrt:winapi_thunks.obj
 0002:00001260       ??_C@_1DK@NDHNAHIO@?$AAa?$AAp?$AAi?$AA?9?$AAm?$AAs?$AA?9?$AAw?$AAi?$AAn?$AA?9?$AAc?$AAo?$AAr?$AAe@ 0000000140018260     libucrt:winapi_thunks.obj
 0002:000012a0       ??_C@_1DM@KGHDGBCM@?$AAa?$AAp?$AAi?$AA?9?$AAm?$AAs?$AA?9?$AAw?$AAi?$AAn?$AA?9?$AAc?$AAo?$AAr?$AAe@ 00000001400182a0     libucrt:winapi_thunks.obj
 0002:000012e0       ??_C@_1EO@IJIOEFOH@?$AAa?$AAp?$AAi?$AA?9?$AAm?$AAs?$AA?9?$AAw?$AAi?$AAn?$AA?9?$AAr?$AAt?$AAc?$AAo@ 00000001400182e0     libucrt:winapi_thunks.obj
 0002:00001330       ??_C@_1FG@HHGEKANL@?$AAa?$AAp?$AAi?$AA?9?$AAm?$AAs?$AA?9?$AAw?$AAi?$AAn?$AA?9?$AAs?$AAe?$AAc?$AAu@ 0000000140018330     libucrt:winapi_thunks.obj
 0002:00001390       ??_C@_1EG@DBIOJECG@?$AAe?$AAx?$AAt?$AA?9?$AAm?$AAs?$AA?9?$AAw?$AAi?$AAn?$AA?9?$AAn?$AAt?$AAu?$AAs@ 0000000140018390     libucrt:winapi_thunks.obj
 0002:000013e0       ??_C@_1EO@FIHMJCLF@?$AAe?$AAx?$AAt?$AA?9?$AAm?$AAs?$AA?9?$AAw?$AAi?$AAn?$AA?9?$AAn?$AAt?$AAu?$AAs@ 00000001400183e0     libucrt:winapi_thunks.obj
 0002:00001430       ??_C@_1BC@DNHGCMLG@?$AAa?$AAd?$AAv?$AAa?$AAp?$AAi?$AA3?$AA2@ 0000000140018430     libucrt:winapi_thunks.obj
 0002:00001448       ??_C@_1BC@GDMECMAK@?$AAk?$AAe?$AAr?$AAn?$AAe?$AAl?$AA3?$AA2@ 0000000140018448     libucrt:winapi_thunks.obj
 0002:00001460       ??_C@_1M@OAIMIKLP@?$AAn?$AAt?$AAd?$AAl?$AAl@ 0000000140018460     libucrt:winapi_thunks.obj
 0002:00001470       ??_C@_1EG@DPGNFKGC@?$AAa?$AAp?$AAi?$AA?9?$AAm?$AAs?$AA?9?$AAw?$AAi?$AAn?$AA?9?$AAa?$AAp?$AAp?$AAm@ 0000000140018470     libucrt:winapi_thunks.obj
 0002:000014b8       ??_C@_1O@BCCLBEOE@?$AAu?$AAs?$AAe?$AAr?$AA3?$AA2@ 00000001400184b8     libucrt:winapi_thunks.obj
 0002:000014c8       ??_C@_1BA@PFFKHIOG@?$AAa?$AAp?$AAi?$AA?9?$AAm?$AAs?$AA?9@ 00000001400184c8     libucrt:winapi_thunks.obj
 0002:000014d8       ??_C@_1BA@IAIFMGEF@?$AAe?$AAx?$AAt?$AA?9?$AAm?$AAs?$AA?9@ 00000001400184d8     libucrt:winapi_thunks.obj
 0002:000014f0       ??_C@_0BA@FHFNEAED@AreFileApisANSI@ 00000001400184f0     libucrt:winapi_thunks.obj
 0002:00001508       ??_C@_0BA@IHGNDAEB@CompareStringEx@ 0000000140018508     libucrt:winapi_thunks.obj
 0002:00001520       ??_C@_08KNHFBNJ@FlsAlloc@  0000000140018520     libucrt:winapi_thunks.obj
 0002:00001538       ??_C@_07PEJMOBNF@FlsFree@  0000000140018538     libucrt:winapi_thunks.obj
 0002:00001548       ??_C@_0M@GDNOONDI@FlsGetValue@ 0000000140018548     libucrt:winapi_thunks.obj
 0002:00001560       ??_C@_0M@JCPCPOEF@FlsSetValue@ 0000000140018560     libucrt:winapi_thunks.obj
 0002:00001578       ??_C@_0BM@HCFOFFN@InitializeCriticalSectionEx@ 0000000140018578     libucrt:winapi_thunks.obj
 0002:000015a0       ??_C@_0O@KKBNKAPF@LCMapStringEx@ 00000001400185a0     libucrt:winapi_thunks.obj
 0002:000015b8       ??_C@_0BB@HBDEELFH@LocaleNameToLCID@ 00000001400185b8     libucrt:winapi_thunks.obj
 0002:000015d0       ??_C@_0CF@OJOFEIGO@AppPolicyGetProcessTerminationM@ 00000001400185d0     libucrt:winapi_thunks.obj
 0002:00001680       ??_C@_03OEIAHPBN@INF@      0000000140018680     libucrt:cvt.obj
 0002:00001684       ??_C@_03OJHLLCGB@inf@      0000000140018684     libucrt:cvt.obj
 0002:00001688       ??_C@_03LKNCIKJB@NAN@      0000000140018688     libucrt:cvt.obj
 0002:0000168c       ??_C@_03LHCJEHON@nan@      000000014001868c     libucrt:cvt.obj
 0002:00001690       ??_C@_09OFJJIMPC@NAN?$CISNAN?$CJ@ 0000000140018690     libucrt:cvt.obj
 0002:000016a0       ??_C@_09IPFBKMDL@nan?$CIsnan?$CJ@ 00000001400186a0     libucrt:cvt.obj
 0002:000016b0       ??_C@_08IKHNHAJ@NAN?$CIIND?$CJ@ 00000001400186b0     libucrt:cvt.obj
 0002:000016c0       ??_C@_08OFCDMILK@nan?$CIind?$CJ@ 00000001400186c0     libucrt:cvt.obj
 0002:000016cc       ??_C@_05KLBDPFGC@e?$CL000@ 00000001400186cc     libucrt:cvt.obj
 0002:000016e0       __lc_time_c                00000001400186e0     libucrt:nlsdata.obj
 0002:000019a0       ??_C@_03KOEHGMDN@Sun@      00000001400189a0     libucrt:nlsdata.obj
 0002:000019a4       ??_C@_03PDAGKDH@Mon@       00000001400189a4     libucrt:nlsdata.obj
 0002:000019a8       ??_C@_03NAGEINEP@Tue@      00000001400189a8     libucrt:nlsdata.obj
 0002:000019ac       ??_C@_03MHOMLAJA@Wed@      00000001400189ac     libucrt:nlsdata.obj
 0002:000019b0       ??_C@_03IOFIKPDN@Thu@      00000001400189b0     libucrt:nlsdata.obj
 0002:000019b4       ??_C@_03IDIOELNC@Fri@      00000001400189b4     libucrt:nlsdata.obj
 0002:000019b8       ??_C@_03FEFJNEK@Sat@       00000001400189b8     libucrt:nlsdata.obj
 0002:000019bc       ??_C@_06OOPIFAJ@Sunday@    00000001400189bc     libucrt:nlsdata.obj
 0002:000019c4       ??_C@_06JLEDEDGH@Monday@   00000001400189c4     libucrt:nlsdata.obj
 0002:000019d0       ??_C@_07BAAGCFCM@Tuesday@  00000001400189d0     libucrt:nlsdata.obj
 0002:000019d8       ??_C@_09DLIGFAKA@Wednesday@ 00000001400189d8     libucrt:nlsdata.obj
 0002:000019e8       ??_C@_08HACCIKIA@Thursday@ 00000001400189e8     libucrt:nlsdata.obj
 0002:000019f4       ??_C@_06JECMNKMI@Friday@   00000001400189f4     libucrt:nlsdata.obj
 0002:00001a00       ??_C@_08INBOOONO@Saturday@ 0000000140018a00     libucrt:nlsdata.obj
 0002:00001a0c       ??_C@_03JIHJHPIE@Jan@      0000000140018a0c     libucrt:nlsdata.obj
 0002:00001a10       ??_C@_03HJBDCHOM@Feb@      0000000140018a10     libucrt:nlsdata.obj
 0002:00001a14       ??_C@_03ODNJBKGA@Mar@      0000000140018a14     libucrt:nlsdata.obj
 0002:00001a18       ??_C@_03LEOLGMJP@Apr@      0000000140018a18     libucrt:nlsdata.obj
 0002:00001a1c       ??_C@_03CNMDKL@May@        0000000140018a1c     libucrt:nlsdata.obj
 0002:00001a20       ??_C@_03IDFGHECI@Jun@      0000000140018a20     libucrt:nlsdata.obj
 0002:00001a24       ??_C@_03LBGABGKK@Jul@      0000000140018a24     libucrt:nlsdata.obj
 0002:00001a28       ??_C@_03IFJFEIGA@Aug@      0000000140018a28     libucrt:nlsdata.obj
 0002:00001a2c       ??_C@_03GGCAPAJC@Sep@      0000000140018a2c     libucrt:nlsdata.obj
 0002:00001a30       ??_C@_03BMAOKBAD@Oct@      0000000140018a30     libucrt:nlsdata.obj
 0002:00001a34       ??_C@_03JPJOFNIA@Nov@      0000000140018a34     libucrt:nlsdata.obj
 0002:00001a38       ??_C@_03MKABNOCG@Dec@      0000000140018a38     libucrt:nlsdata.obj
 0002:00001a40       ??_C@_07CGJPFGJA@January@  0000000140018a40     libucrt:nlsdata.obj
 0002:00001a48       ??_C@_08GNJGEPFN@February@ 0000000140018a48     libucrt:nlsdata.obj
 0002:00001a54       ??_C@_05HPCKOFNC@March@    0000000140018a54     libucrt:nlsdata.obj
 0002:00001a5c       ??_C@_05DMJDNLEJ@April@    0000000140018a5c     libucrt:nlsdata.obj
 0002:00001a64       ??_C@_04CNLMGBGM@June@     0000000140018a64     libucrt:nlsdata.obj
 0002:00001a6c       ??_C@_04MIEPOIFP@July@     0000000140018a6c     libucrt:nlsdata.obj
 0002:00001a74       ??_C@_06LBBHFDDG@August@   0000000140018a74     libucrt:nlsdata.obj
 0002:00001a80       ??_C@_09BHHEALKD@September@ 0000000140018a80     libucrt:nlsdata.obj
 0002:00001a90       ??_C@_07JJNFCEND@October@  0000000140018a90     libucrt:nlsdata.obj
 0002:00001a98       ??_C@_08HCHEGEOA@November@ 0000000140018a98     libucrt:nlsdata.obj
 0002:00001aa8       ??_C@_08EDHMEBNP@December@ 0000000140018aa8     libucrt:nlsdata.obj
 0002:00001ab4       ??_C@_02DEDBPAFC@AM@       0000000140018ab4     libucrt:nlsdata.obj
 0002:00001ab8       ??_C@_02CJNFDJBF@PM@       0000000140018ab8     libucrt:nlsdata.obj
 0002:00001ac0       ??_C@_08BPBNCDIB@MM?1dd?1yy@ 0000000140018ac0     libucrt:nlsdata.obj
 0002:00001ad0       ??_C@_0BE@CKGJFCPC@dddd?0?5MMMM?5dd?0?5yyyy@ 0000000140018ad0     libucrt:nlsdata.obj
 0002:00001ae8       ??_C@_08JCCMCCIL@HH?3mm?3ss@ 0000000140018ae8     libucrt:nlsdata.obj
 0002:00001af8       ??_C@_17MBGCMIPB@?$AAS?$AAu?$AAn@ 0000000140018af8     libucrt:nlsdata.obj
 0002:00001b00       ??_C@_17KBOMKBF@?$AAM?$AAo?$AAn@ 0000000140018b00     libucrt:nlsdata.obj
 0002:00001b08       ??_C@_17BMKGEGOJ@?$AAT?$AAu?$AAe@ 0000000140018b08     libucrt:nlsdata.obj
 0002:00001b10       ??_C@_17CJEDCEPE@?$AAW?$AAe?$AAd@ 0000000140018b10     libucrt:nlsdata.obj
 0002:00001b18       ??_C@_17PDPHAADD@?$AAT?$AAh?$AAu@ 0000000140018b18     libucrt:nlsdata.obj
 0002:00001b20       ??_C@_17HFOLPPLP@?$AAF?$AAr?$AAi@ 0000000140018b20     libucrt:nlsdata.obj
 0002:00001b28       ??_C@_17GGIBDPIH@?$AAS?$AAa?$AAt@ 0000000140018b28     libucrt:nlsdata.obj
 0002:00001b30       ??_C@_1O@IHNHDHPB@?$AAS?$AAu?$AAn?$AAd?$AAa?$AAy@ 0000000140018b30     libucrt:nlsdata.obj
 0002:00001b40       ??_C@_1O@MMNBFLIA@?$AAM?$AAo?$AAn?$AAd?$AAa?$AAy@ 0000000140018b40     libucrt:nlsdata.obj
 0002:00001b50       ??_C@_1BA@ENFBFFEK@?$AAT?$AAu?$AAe?$AAs?$AAd?$AAa?$AAy@ 0000000140018b50     libucrt:nlsdata.obj
 0002:00001b60       ??_C@_1BE@EBOGMDOH@?$AAW?$AAe?$AAd?$AAn?$AAe?$AAs?$AAd?$AAa?$AAy@ 0000000140018b60     libucrt:nlsdata.obj
 0002:00001b78       ??_C@_1BC@HHMNLIHE@?$AAT?$AAh?$AAu?$AAr?$AAs?$AAd?$AAa?$AAy@ 0000000140018b78     libucrt:nlsdata.obj
 0002:00001b90       ??_C@_1O@PDICJHAG@?$AAF?$AAr?$AAi?$AAd?$AAa?$AAy@ 0000000140018b90     libucrt:nlsdata.obj
 0002:00001ba0       ??_C@_1BC@ENMNNPAJ@?$AAS?$AAa?$AAt?$AAu?$AAr?$AAd?$AAa?$AAy@ 0000000140018ba0     libucrt:nlsdata.obj
 0002:00001bb8       ??_C@_17DKNBKCHM@?$AAJ?$AAa?$AAn@ 0000000140018bb8     libucrt:nlsdata.obj
 0002:00001bc0       ??_C@_17LMDJEKJN@?$AAF?$AAe?$AAb@ 0000000140018bc0     libucrt:nlsdata.obj
 0002:00001bc8       ??_C@_17CKNLEDEC@?$AAM?$AAa?$AAr@ 0000000140018bc8     libucrt:nlsdata.obj
 0002:00001bd0       ??_C@_17LFPOIHDD@?$AAA?$AAp?$AAr@ 0000000140018bd0     libucrt:nlsdata.obj
 0002:00001bd8       ??_C@_17PNNKMEED@?$AAM?$AAa?$AAy@ 0000000140018bd8     libucrt:nlsdata.obj
 0002:00001be0       ??_C@_17KCJGOCPB@?$AAJ?$AAu?$AAn@ 0000000140018be0     libucrt:nlsdata.obj
 0002:00001be8       ??_C@_17IJPCKHK@?$AAJ?$AAu?$AAl@ 0000000140018be8     libucrt:nlsdata.obj
 0002:00001bf0       ??_C@_17ICPELBCN@?$AAA?$AAu?$AAg@ 0000000140018bf0     libucrt:nlsdata.obj
 0002:00001bf8       ??_C@_17HCHCOKMG@?$AAS?$AAe?$AAp@ 0000000140018bf8     libucrt:nlsdata.obj
 0002:00001c00       ??_C@_17FNLKOI@?$AAO?$AAc?$AAt@ 0000000140018c00     libucrt:nlsdata.obj
 0002:00001c08       ??_C@_17BBDMLCIG@?$AAN?$AAo?$AAv@ 0000000140018c08     libucrt:nlsdata.obj
 0002:00001c10       ??_C@_17EGKACKIF@?$AAD?$AAe?$AAc@ 0000000140018c10     libucrt:nlsdata.obj
 0002:00001c18       ??_C@_1BA@EFMEIEBA@?$AAJ?$AAa?$AAn?$AAu?$AAa?$AAr?$AAy@ 0000000140018c18     libucrt:nlsdata.obj
 0002:00001c28       ??_C@_1BC@JGDDFFAM@?$AAF?$AAe?$AAb?$AAr?$AAu?$AAa?$AAr?$AAy@ 0000000140018c28     libucrt:nlsdata.obj
 0002:00001c40       ??_C@_1M@IKEENEDF@?$AAM?$AAa?$AAr?$AAc?$AAh@ 0000000140018c40     libucrt:nlsdata.obj
 0002:00001c50       ??_C@_1M@GJNLMHFD@?$AAA?$AAp?$AAr?$AAi?$AAl@ 0000000140018c50     libucrt:nlsdata.obj
 0002:00001c60       ??_C@_19EPFLPGAP@?$AAJ?$AAu?$AAn?$AAe@ 0000000140018c60     libucrt:nlsdata.obj
 0002:00001c70       ??_C@_19BIFMLPCD@?$AAJ?$AAu?$AAl?$AAy@ 0000000140018c70     libucrt:nlsdata.obj
 0002:00001c80       ??_C@_1O@PAHLKOAC@?$AAA?$AAu?$AAg?$AAu?$AAs?$AAt@ 0000000140018c80     libucrt:nlsdata.obj
 0002:00001c90       ??_C@_1BE@DKAAMBJL@?$AAS?$AAe?$AAp?$AAt?$AAe?$AAm?$AAb?$AAe?$AAr@ 0000000140018c90     libucrt:nlsdata.obj
 0002:00001ca8       ??_C@_1BA@EPANDLNG@?$AAO?$AAc?$AAt?$AAo?$AAb?$AAe?$AAr@ 0000000140018ca8     libucrt:nlsdata.obj
 0002:00001cb8       ??_C@_1BC@BGLIFPF@?$AAN?$AAo?$AAv?$AAe?$AAm?$AAb?$AAe?$AAr@ 0000000140018cb8     libucrt:nlsdata.obj
 0002:00001cd0       ??_C@_1BC@FEMKIFH@?$AAD?$AAe?$AAc?$AAe?$AAm?$AAb?$AAe?$AAr@ 0000000140018cd0     libucrt:nlsdata.obj
 0002:00001ce4       ??_C@_15ODEHAHHF@?$AAA?$AAM@ 0000000140018ce4     libucrt:nlsdata.obj
 0002:00001cec       ??_C@_15CLMNNGEL@?$AAP?$AAM@ 0000000140018cec     libucrt:nlsdata.obj
 0002:00001cf8       ??_C@_1BC@IEBCMHCM@?$AAM?$AAM?$AA?1?$AAd?$AAd?$AA?1?$AAy?$AAy@ 0000000140018cf8     libucrt:nlsdata.obj
 0002:00001d10       ??_C@_1CI@KNAKOEBC@?$AAd?$AAd?$AAd?$AAd?$AA?0?$AA?5?$AAM?$AAM?$AAM?$AAM?$AA?5?$AAd?$AAd?$AA?0?$AA?5@ 0000000140018d10     libucrt:nlsdata.obj
 0002:00001d38       ??_C@_1BC@GDGBMEMK@?$AAH?$AAH?$AA?3?$AAm?$AAm?$AA?3?$AAs?$AAs@ 0000000140018d38     libucrt:nlsdata.obj
 0002:00001d50       ??_C@_1M@BMHNFIME@?$AAe?$AAn?$AA?9?$AAU?$AAS@ 0000000140018d50     libucrt:nlsdata.obj
 0002:00002ba0       ??_C@_15EMKDOKLE@?$AAa?$AAr@ 0000000140019ba0     libucrt:lcidtoname_downlevel.obj
 0002:00002ba8       ??_C@_15KNPADPLH@?$AAb?$AAg@ 0000000140019ba8     libucrt:lcidtoname_downlevel.obj
 0002:00002bb0       ??_C@_15EDMHLDMO@?$AAc?$AAa@ 0000000140019bb0     libucrt:lcidtoname_downlevel.obj
 0002:00002bb8       ??_C@_1O@BPEAJADD@?$AAz?$AAh?$AA?9?$AAC?$AAH?$AAS@ 0000000140019bb8     libucrt:lcidtoname_downlevel.obj
 0002:00002bc8       ??_C@_15LJNHCMNK@?$AAc?$AAs@ 0000000140019bc8     libucrt:lcidtoname_downlevel.obj
 0002:00002bd0       ??_C@_15FOMCIDHG@?$AAd?$AAa@ 0000000140019bd0     libucrt:lcidtoname_downlevel.obj
 0002:00002bd8       ??_C@_15NBKABECB@?$AAd?$AAe@ 0000000140019bd8     libucrt:lcidtoname_downlevel.obj
 0002:00002be0       ??_C@_15GHPEIIAO@?$AAe?$AAl@ 0000000140019be0     libucrt:lcidtoname_downlevel.obj
 0002:00002be8       ??_C@_15MNPNEAIF@?$AAe?$AAn@ 0000000140019be8     libucrt:lcidtoname_downlevel.obj
 0002:00002bf0       ??_C@_15GPIOMPMH@?$AAe?$AAs@ 0000000140019bf0     libucrt:lcidtoname_downlevel.obj
 0002:00002bf8       ??_C@_15NGLOAKJC@?$AAf?$AAi@ 0000000140019bf8     libucrt:lcidtoname_downlevel.obj
 0002:00002c00       ??_C@_15FBKGNKAM@?$AAf?$AAr@ 0000000140019c00     libucrt:lcidtoname_downlevel.obj
 0002:00002c08       ??_C@_15KGGCNEFK@?$AAh?$AAe@ 0000000140019c08     libucrt:lcidtoname_downlevel.obj
 0002:00002c10       ??_C@_15PGHLIDMF@?$AAh?$AAu@ 0000000140019c10     libucrt:lcidtoname_downlevel.obj
 0002:00002c18       ??_C@_15BIEMAPLM@?$AAi?$AAs@ 0000000140019c18     libucrt:lcidtoname_downlevel.obj
 0002:00002c20       ??_C@_15IFJLDHAF@?$AAi?$AAt@ 0000000140019c20     libucrt:lcidtoname_downlevel.obj
 0002:00002c28       ??_C@_15GEMIOCAG@?$AAj?$AAa@ 0000000140019c28     libucrt:lcidtoname_downlevel.obj
 0002:00002c30       ??_C@_15EPELEGJA@?$AAk?$AAo@ 0000000140019c30     libucrt:lcidtoname_downlevel.obj
 0002:00002c38       ??_C@_15NDDHIMN@?$AAn?$AAl@ 0000000140019c38     libucrt:lcidtoname_downlevel.obj
 0002:00002c40       ??_C@_15BPIGNHCD@?$AAn?$AAo@ 0000000140019c40     libucrt:lcidtoname_downlevel.obj
 0002:00002c48       ??_C@_15DEOPBLCG@?$AAp?$AAl@ 0000000140019c48     libucrt:lcidtoname_downlevel.obj
 0002:00002c50       ??_C@_15KBECGEFG@?$AAp?$AAt@ 0000000140019c50     libucrt:lcidtoname_downlevel.obj
 0002:00002c58       ??_C@_15GLJCBFMD@?$AAr?$AAo@ 0000000140019c58     libucrt:lcidtoname_downlevel.obj
 0002:00002c60       ??_C@_15FEDGKCDI@?$AAr?$AAu@ 0000000140019c60     libucrt:lcidtoname_downlevel.obj
 0002:00002c68       ??_C@_15GLKMLLHM@?$AAh?$AAr@ 0000000140019c68     libucrt:lcidtoname_downlevel.obj
 0002:00002c70       ??_C@_15CPKMFBDB@?$AAs?$AAk@ 0000000140019c70     libucrt:lcidtoname_downlevel.obj
 0002:00002c78       ??_C@_15BAAIOGMK@?$AAs?$AAq@ 0000000140019c78     libucrt:lcidtoname_downlevel.obj
 0002:00002c80       ??_C@_15INNPNOHD@?$AAs?$AAv@ 0000000140019c80     libucrt:lcidtoname_downlevel.obj
 0002:00002c88       ??_C@_15CABMMOGH@?$AAt?$AAh@ 0000000140019c88     libucrt:lcidtoname_downlevel.obj
 0002:00002c90       ??_C@_15BPLIHJJM@?$AAt?$AAr@ 0000000140019c90     libucrt:lcidtoname_downlevel.obj
 0002:00002c98       ??_C@_15NEOEKKDJ@?$AAu?$AAr@ 0000000140019c98     libucrt:lcidtoname_downlevel.obj
 0002:00002ca0       ??_C@_15NFICGAJK@?$AAi?$AAd@ 0000000140019ca0     libucrt:lcidtoname_downlevel.obj
 0002:00002ca8       ??_C@_15PJPFLCCM@?$AAu?$AAk@ 0000000140019ca8     libucrt:lcidtoname_downlevel.obj
 0002:00002cb0       ??_C@_15HPJPHDM@?$AAb?$AAe@ 0000000140019cb0     libucrt:lcidtoname_downlevel.obj
 0002:00002cb8       ??_C@_15LCHLGJII@?$AAs?$AAl@ 0000000140019cb8     libucrt:lcidtoname_downlevel.obj
 0002:00002cc0       ??_C@_15PCFJPHHO@?$AAe?$AAt@ 0000000140019cc0     libucrt:lcidtoname_downlevel.obj
 0002:00002cc8       ??_C@_15HPFPGODN@?$AAl?$AAv@ 0000000140019cc8     libucrt:lcidtoname_downlevel.obj
 0002:00002cd0       ??_C@_15NFFGKGLG@?$AAl?$AAt@ 0000000140019cd0     libucrt:lcidtoname_downlevel.obj
 0002:00002cd8       ??_C@_15BDAKCCHN@?$AAf?$AAa@ 0000000140019cd8     libucrt:lcidtoname_downlevel.obj
 0002:00002ce0       ??_C@_15NFGIAIAJ@?$AAv?$AAi@ 0000000140019ce0     libucrt:lcidtoname_downlevel.obj
 0002:00002ce8       ??_C@_15LMKNDMHN@?$AAh?$AAy@ 0000000140019ce8     libucrt:lcidtoname_downlevel.obj
 0002:00002cf0       ??_C@_15IJBHMCFL@?$AAa?$AAz@ 0000000140019cf0     libucrt:lcidtoname_downlevel.obj
 0002:00002cf8       ??_C@_15EKOFJABL@?$AAe?$AAu@ 0000000140019cf8     libucrt:lcidtoname_downlevel.obj
 0002:00002d00       ??_C@_15BGHADCNK@?$AAm?$AAk@ 0000000140019d00     libucrt:lcidtoname_downlevel.obj
 0002:00002d08       ??_C@_15JDNICKHM@?$AAa?$AAf@ 0000000140019d08     libucrt:lcidtoname_downlevel.obj
 0002:00002d10       ??_C@_15KPJEDBKD@?$AAk?$AAa@ 0000000140019d10     libucrt:lcidtoname_downlevel.obj
 0002:00002d18       ??_C@_15PDNFFFEO@?$AAf?$AAo@ 0000000140019d18     libucrt:lcidtoname_downlevel.obj
 0002:00002d20       ??_C@_15OMLEGLOC@?$AAh?$AAi@ 0000000140019d20     libucrt:lcidtoname_downlevel.obj
 0002:00002d28       ??_C@_15IDNNENKK@?$AAm?$AAs@ 0000000140019d28     libucrt:lcidtoname_downlevel.obj
 0002:00002d30       ??_C@_15MACJNBMH@?$AAk?$AAk@ 0000000140019d30     libucrt:lcidtoname_downlevel.obj
 0002:00002d38       ??_C@_15DKDJEOND@?$AAk?$AAy@ 0000000140019d38     libucrt:lcidtoname_downlevel.obj
 0002:00002d40       ??_C@_15DFGDLJBG@?$AAs?$AAw@ 0000000140019d40     libucrt:lcidtoname_downlevel.obj
 0002:00002d48       ??_C@_15BBFAICNG@?$AAu?$AAz@ 0000000140019d48     libucrt:lcidtoname_downlevel.obj
 0002:00002d50       ??_C@_15DKNDCGEA@?$AAt?$AAt@ 0000000140019d50     libucrt:lcidtoname_downlevel.obj
 0002:00002d58       ??_C@_15MGIFMDPL@?$AAp?$AAa@ 0000000140019d58     libucrt:lcidtoname_downlevel.obj
 0002:00002d60       ??_C@_15HCNDBBA@?$AAg?$AAu@ 0000000140019d60     libucrt:lcidtoname_downlevel.obj
 0002:00002d68       ??_C@_15FNBEIBON@?$AAt?$AAa@ 0000000140019d68     libucrt:lcidtoname_downlevel.obj
 0002:00002d70       ??_C@_15NCHGBGLK@?$AAt?$AAe@ 0000000140019d70     libucrt:lcidtoname_downlevel.obj
 0002:00002d78       ??_C@_15PHPHCBPF@?$AAk?$AAn@ 0000000140019d78     libucrt:lcidtoname_downlevel.obj
 0002:00002d80       ??_C@_15DLGBCKMP@?$AAm?$AAr@ 0000000140019d80     libucrt:lcidtoname_downlevel.obj
 0002:00002d88       ??_C@_15EABBLBFF@?$AAs?$AAa@ 0000000140019d88     libucrt:lcidtoname_downlevel.obj
 0002:00002d90       ??_C@_15CBKOMCOI@?$AAm?$AAn@ 0000000140019d90     libucrt:lcidtoname_downlevel.obj
 0002:00002d98       ??_C@_15CKDMCJAF@?$AAg?$AAl@ 0000000140019d98     libucrt:lcidtoname_downlevel.obj
 0002:00002da0       ??_C@_17CNJFBPG@?$AAk?$AAo?$AAk@ 0000000140019da0     libucrt:lcidtoname_downlevel.obj
 0002:00002da8       ??_C@_17FFBJICPL@?$AAs?$AAy?$AAr@ 0000000140019da8     libucrt:lcidtoname_downlevel.obj
 0002:00002db0       ??_C@_17KPNDCPAF@?$AAd?$AAi?$AAv@ 0000000140019db0     libucrt:lcidtoname_downlevel.obj
 0002:00002db8       ??_C@_11LOCGONAA@@         0000000140019db8     libucrt:lcidtoname_downlevel.obj
 0002:00002dc0       ??_C@_1M@OKAHONE@?$AAa?$AAr?$AA?9?$AAS?$AAA@ 0000000140019dc0     libucrt:lcidtoname_downlevel.obj
 0002:00002dd0       ??_C@_1M@FFFIGIGK@?$AAb?$AAg?$AA?9?$AAB?$AAG@ 0000000140019dd0     libucrt:lcidtoname_downlevel.obj
 0002:00002de0       ??_C@_1M@BJNKEDC@?$AAc?$AAa?$AA?9?$AAE?$AAS@ 0000000140019de0     libucrt:lcidtoname_downlevel.obj
 0002:00002df0       ??_C@_1M@CLNBBOPM@?$AAz?$AAh?$AA?9?$AAT?$AAW@ 0000000140019df0     libucrt:lcidtoname_downlevel.obj
 0002:00002e00       ??_C@_1M@IJJHFJHA@?$AAc?$AAs?$AA?9?$AAC?$AAZ@ 0000000140019e00     libucrt:lcidtoname_downlevel.obj
 0002:00002e10       ??_C@_1M@CLPEOBGI@?$AAd?$AAa?$AA?9?$AAD?$AAK@ 0000000140019e10     libucrt:lcidtoname_downlevel.obj
 0002:00002e20       ??_C@_1M@MCMADGCB@?$AAd?$AAe?$AA?9?$AAD?$AAE@ 0000000140019e20     libucrt:lcidtoname_downlevel.obj
 0002:00002e30       ??_C@_1M@OOCKEMAM@?$AAe?$AAl?$AA?9?$AAG?$AAR@ 0000000140019e30     libucrt:lcidtoname_downlevel.obj
 0002:00002e40       ??_C@_1M@DDNJFGID@?$AAf?$AAi?$AA?9?$AAF?$AAI@ 0000000140019e40     libucrt:lcidtoname_downlevel.obj
 0002:00002e50       ??_C@_1M@GLIPPMAC@?$AAf?$AAr?$AA?9?$AAF?$AAR@ 0000000140019e50     libucrt:lcidtoname_downlevel.obj
 0002:00002e60       ??_C@_1M@GFMCHPE@?$AAh?$AAe?$AA?9?$AAI?$AAL@ 0000000140019e60     libucrt:lcidtoname_downlevel.obj
 0002:00002e70       ??_C@_1M@MHLPGNKM@?$AAh?$AAu?$AA?9?$AAH?$AAU@ 0000000140019e70     libucrt:lcidtoname_downlevel.obj
 0002:00002e80       ??_C@_1M@LPDDNNPN@?$AAi?$AAs?$AA?9?$AAI?$AAS@ 0000000140019e80     libucrt:lcidtoname_downlevel.obj
 0002:00002e90       ??_C@_1M@MADIPODN@?$AAi?$AAt?$AA?9?$AAI?$AAT@ 0000000140019e90     libucrt:lcidtoname_downlevel.obj
 0002:00002ea0       ??_C@_1M@HPNHIDJI@?$AAj?$AAa?$AA?9?$AAJ?$AAP@ 0000000140019ea0     libucrt:lcidtoname_downlevel.obj
 0002:00002eb0       ??_C@_1M@JLOOOEGK@?$AAk?$AAo?$AA?9?$AAK?$AAR@ 0000000140019eb0     libucrt:lcidtoname_downlevel.obj
 0002:00002ec0       ??_C@_1M@IHBJJGG@?$AAn?$AAl?$AA?9?$AAN?$AAL@ 0000000140019ec0     libucrt:lcidtoname_downlevel.obj
 0002:00002ed0       ??_C@_1M@EANAGDL@?$AAn?$AAb?$AA?9?$AAN?$AAO@ 0000000140019ed0     libucrt:lcidtoname_downlevel.obj
 0002:00002ee0       ??_C@_1M@NEIEMEGP@?$AAp?$AAl?$AA?9?$AAP?$AAL@ 0000000140019ee0     libucrt:lcidtoname_downlevel.obj
 0002:00002ef0       ??_C@_1M@BOCFIGEP@?$AAp?$AAt?$AA?9?$AAB?$AAR@ 0000000140019ef0     libucrt:lcidtoname_downlevel.obj
 0002:00002f00       ??_C@_1M@IMPFOPBG@?$AAr?$AAo?$AA?9?$AAR?$AAO@ 0000000140019f00     libucrt:lcidtoname_downlevel.obj
 0002:00002f10       ??_C@_1M@IDNNEJMM@?$AAr?$AAu?$AA?9?$AAR?$AAU@ 0000000140019f10     libucrt:lcidtoname_downlevel.obj
[...]
 0002:00009940       $unwind$__acrt_DownlevelLocaleNameToLCID 0000000140020940     libucrt:lcidtoname_downlevel.obj
 0002:00009940       $unwind$??R<lambda_f03950bc5685219e0bcd2087efbe011e>@@QEBAHXZ 0000000140020940     libucrt:onexit.obj
 0002:00009958       $unwind$fclose             0000000140020958     libucrt:fclose.obj
 0002:0000997c       $unwind$_close             000000014002097c     libucrt:close.obj
 0002:0000997c       $unwind$_commit            000000014002097c     libucrt:commit.obj
 0002:00009984       $unwind$??$?RV<lambda_a37b2b86f63e897a80ea819b0eb08c01>@@AEAV<lambda_38ce7e780aa69e748d6df282ebc68efe>@@V<lambda_99fb1378e971ab6e7edea83e3a7a83a2>@@@?$__crt_seh_guarded_call@H@@QEAAH$$QEAV<lambda_a37b2b86f63e897a80ea819b0eb08c01>@@AEAV<lambda_38ce7e780aa69e748d6df282ebc68efe>@@$$QEAV<lambda_99fb1378e971ab6e7edea83e3a7a83a2>@@@Z 0000000140020984     libucrt:commit.obj
 0002:000099a8       $unwind$_write             00000001400209a8     libucrt:write.obj
 0002:000099d8       $unwind$_write_nolock      00000001400209d8     libucrt:write.obj
 0002:000099f0       $unwind$?write_double_translated_ansi_nolock@@YA?AUwrite_result@?A0x17268360@@HQEBDI@Z 00000001400209f0     libucrt:write.obj
 0002:00009a14       $unwind$?write_text_ansi_nolock@@YA?AUwrite_result@?A0x17268360@@HQEBDI@Z 0000000140020a14     libucrt:write.obj
 0002:00009a14       $unwind$?write_text_utf16le_nolock@@YA?AUwrite_result@?A0x17268360@@HQEBDI@Z 0000000140020a14     libucrt:write.obj
 0002:00009a34       $unwind$?write_text_utf8_nolock@@YA?AUwrite_result@?A0x17268360@@HQEBDI@Z 0000000140020a34     libucrt:write.obj
 0002:00009a58       $unwind$_free_osfhnd       0000000140020a58     libucrt:osfinfo.obj
 0002:00009a6c       $unwind$__acrt_lowio_destroy_handle_array 0000000140020a6c     libucrt:osfinfo.obj
 0002:00009a7c       $unwind$__acrt_lowio_ensure_fh_exists 0000000140020a7c     libucrt:osfinfo.obj
 0002:00009aa8       $unwind$iswctype           0000000140020aa8     libucrt:iswctype.obj
 0002:00009ab4       $unwind$_isctype_l         0000000140020ab4     libucrt:isctype.obj
 0002:00009ad0       $unwind$__dcrt_lowio_ensure_console_output_initialized 0000000140020ad0     libucrt:initcon.obj
 0002:00009ad0       $unwind$_isleadbyte_l      0000000140020ad0     libucrt:_wctype.obj
 0002:00009ad0       $unwind$?getSystemCP@@YAHH@Z 0000000140020ad0     libucrt:mbctype.obj
 0002:00009ad8       $unwind$?__mbsrtowcs_utf8@__crt_mbstring@@YA_KPEA_WPEAPEBD_KPEAU_Mbstatet@@@Z 0000000140020ad8     libucrt:mbrtowc.obj
 0002:00009af0       $unwind$__acrt_WideCharToMultiByte 0000000140020af0     libucrt:widechartomultibyte.obj
 0002:00009afc       $unwind$__acrt_update_thread_locale_data 0000000140020afc     libucrt:locale_refcounting.obj
 0002:00009b20       $unwind$_setmbcp_nolock    0000000140020b20     libucrt:mbctype.obj
 0002:00009b40       $unwind$?update_thread_multibyte_data_internal@@YAPEAU__crt_multibyte_data@@QEAU__acrt_ptd@@QEAPEAU1@@Z 0000000140020b40     libucrt:mbctype.obj
 0002:00009b68       $unwind$?setmbcp_internal@@YAHH_NQEAU__acrt_ptd@@QEAPEAU__crt_multibyte_data@@@Z 0000000140020b68     libucrt:mbctype.obj
 0002:00009b78       $unwind$?setSBUpLow@@YAXPEAU__crt_multibyte_data@@@Z 0000000140020b78     libucrt:mbctype.obj
 0002:00009b94       $unwind$??$?RV<lambda_efdfa57d1f175319df784efa44bb7b81>@@AEAV<lambda_5f0a4c1567f8adc6734073e5d1e1b35c>@@V<lambda_2e8a7d3640ea6ccb4c2413664c2db6fd>@@@?$__crt_seh_guarded_call@X@@QEAAX$$QEAV<lambda_efdfa57d1f175319df784efa44bb7b81>@@AEAV<lambda_5f0a4c1567f8adc6734073e5d1e1b35c>@@$$QEAV<lambda_2e8a7d3640ea6ccb4c2413664c2db6fd>@@@Z 0000000140020b94     libucrt:mbctype.obj
 0002:00009bb8       $unwind$__acrt_fltout      0000000140020bb8     libucrt:cfout.obj
 0002:00009bd8       $unwind$?divide@__crt_strtox@@YA_KAEAUbig_integer@1@AEBU21@@Z 0000000140020bd8     libucrt:cfout.obj
 0002:00009bf0       $chain$0$?divide@__crt_strtox@@YA_KAEAUbig_integer@1@AEBU21@@Z 0000000140020bf0     libucrt:cfout.obj
 0002:00009c04       $chain$1$?divide@__crt_strtox@@YA_KAEAUbig_integer@1@AEBU21@@Z 0000000140020c04     libucrt:cfout.obj
 0002:00009c14       $unwind$??$write_buffer_nolock@D@@YA_NDV__crt_stdio_stream@@@Z 0000000140020c14     libucrt:_flsbuf.obj
 0002:00009c24       $unwind$??$write_buffer_nolock@_W@@YA_N_WV__crt_stdio_stream@@@Z 0000000140020c24     libucrt:_flsbuf.obj
 0002:00009c34       $unwind$__acrt_locale_free_monetary 0000000140020c34     libucrt:initmon.obj
 0002:00009c3c       $unwind$__acrt_locale_free_time 0000000140020c3c     libucrt:inittime.obj
 0002:00009c4c       $unwind$__acrt_GetStringTypeA 0000000140020c4c     libucrt:getstringtypea.obj
 0002:00009c74       $unwind$?common_exit@@YAXHW4_crt_exit_cleanup_mode@@W4_crt_exit_return_mode@@@Z 0000000140020c74     libucrt:exit.obj
 0002:00009c80       $unwind$??R<lambda_6e4b09c48022b2350581041d5f6b0c4c>@@QEBA@XZ 0000000140020c80     libucrt:exit.obj
 0002:00009ca0       $unwind$??$?RV<lambda_d80eeec6fff315bfe5c115232f3240e3>@@AEAV<lambda_6e4b09c48022b2350581041d5f6b0c4c>@@V<lambda_2358e3775559c9db80273638284d5e45>@@@?$__crt_seh_guarded_call@X@@QEAAX$$QEAV<lambda_d80eeec6fff315bfe5c115232f3240e3>@@AEAV<lambda_6e4b09c48022b2350581041d5f6b0c4c>@@$$QEAV<lambda_2358e3775559c9db80273638284d5e45>@@@Z 0000000140020ca0     libucrt:exit.obj
 0002:00009cc4       $unwind$raise              0000000140020cc4     libucrt:signal.obj
 0002:00009d00       $unwind$??$?RV<lambda_450d765d439847d4c735a33c368b5fc0>@@AEAV<lambda_44731a7d0e6d81c3e6aa82d741081786>@@V<lambda_601a2a7da3b7a96e9554ac7215c4b07c>@@@?$__crt_seh_guarded_call@P6AXH@Z@@QEAAP6AXH@Z$$QEAV<lambda_450d765d439847d4c735a33c368b5fc0>@@AEAV<lambda_44731a7d0e6d81c3e6aa82d741081786>@@$$QEAV<lambda_601a2a7da3b7a96e9554ac7215c4b07c>@@@Z 0000000140020d00     libucrt:signal.obj
 0002:00009d24       $unwind$??$?RV<lambda_751a882b2c74d4b022dec766aa51a29a>@@AEAV<lambda_628dfdc04ba53c8bfc02c9951375f3f5>@@V<lambda_f6c7be5f7998530c34de24c7437d6b54>@@@?$__crt_seh_guarded_call@H@@QEAAH$$QEAV<lambda_751a882b2c74d4b022dec766aa51a29a>@@AEAV<lambda_628dfdc04ba53c8bfc02c9951375f3f5>@@$$QEAV<lambda_f6c7be5f7998530c34de24c7437d6b54>@@@Z 0000000140020d24     libucrt:close.obj
 0002:00009d48       $unwind$??$common_lseek@_J@@YA_JH_JH@Z 0000000140020d48     libucrt:lseek.obj
 0002:00009d78       $unwind$_putwch_nolock     0000000140020d78     libucrt:putwch.obj
 0002:00009d80       $unwind$?__mbrtoc32_utf8@__crt_mbstring@@YA_KPEA_UPEBD_KPEAU_Mbstatet@@@Z 0000000140020d80     libucrt:mbrtoc32.obj
 0002:00009d9c       $unwind$__acrt_LCMapStringA 0000000140020d9c     libucrt:lcmapstringa.obj
 0002:00009dac       $unwind$?__acrt_LCMapStringA_stat@@YAHPEAU__crt_locale_pointers@@PEB_WKPEBDHPEADHHH@Z 0000000140020dac     libucrt:lcmapstringa.obj
 0002:00009dd8       $xdatasym                  0000000140020dd8     libucrt:log10.obj
 0002:00009de4       $unwind$__acrt_fenv_set_control 0000000140020de4     libucrt:_fenvutils.obj
 0002:00009df4       $unwind$_register_onexit_function 0000000140020df4     libucrt:onexit.obj
 0002:00009dfc       $unwind$_execute_onexit_table 0000000140020dfc     libucrt:onexit.obj
 0002:00009e04       $unwind$??R<lambda_22ebabd17bc4fa466a2aca6d8deb888d>@@QEBAHXZ 0000000140020e04     libucrt:onexit.obj
 0002:00009e1c       $unwind$??$?RV<lambda_638799b9deba96c50f710eeac98168cd>@@AEAV<lambda_22ebabd17bc4fa466a2aca6d8deb888d>@@V<lambda_a6f7d7db0129f75315ebf26d50c089f1>@@@?$__crt_seh_guarded_call@H@@QEAAH$$QEAV<lambda_638799b9deba96c50f710eeac98168cd>@@AEAV<lambda_22ebabd17bc4fa466a2aca6d8deb888d>@@$$QEAV<lambda_a6f7d7db0129f75315ebf26d50c089f1>@@@Z 0000000140020e1c     libucrt:onexit.obj
 0002:00009e40       $unwind$??$?RV<lambda_7777bce6b2f8c936911f934f8298dc43>@@AEAV<lambda_f03950bc5685219e0bcd2087efbe011e>@@V<lambda_3883c3dff614d5e0c5f61bb1ac94921c>@@@?$__crt_seh_guarded_call@H@@QEAAH$$QEAV<lambda_7777bce6b2f8c936911f934f8298dc43>@@AEAV<lambda_f03950bc5685219e0bcd2087efbe011e>@@$$QEAV<lambda_3883c3dff614d5e0c5f61bb1ac94921c>@@@Z 0000000140020e40     libucrt:onexit.obj
 0002:00009e64       $unwind$terminate          0000000140020e64     libucrt:terminate.obj
 0002:00009e84       $unwind$__dcrt_write_console 0000000140020e84     libucrt:initcon.obj
 0002:00009e84       $unwind$??$__acrt_wcs_to_mbs_cp@U__crt_win32_buffer_no_resizing@@@@YAHQEB_WAEAV?$__crt_win32_buffer@DU__crt_win32_buffer_no_resizing@@@@I@Z 0000000140020e84     libucrt:getmodulefilenamea.obj
 0002:00009e98       $unwind$common_control87   0000000140020e98     libucrt:ieee.obj
 0002:00009ec4       $unwind$_call_matherr      0000000140020ec4     libucrt:libm_error.obj
 0002:00009ecc       $unwind$_handle_error      0000000140020ecc     libucrt:libm_error.obj
 0002:00009eec       $unwind$__acrt_initialize_fma3 0000000140020eec     libucrt:fma3_available.obj
 0002:00009ef4       $unwind$_log_special_common 0000000140020ef4     libucrt:log_special.obj
 0002:00009f00       $xdatasym                  0000000140020f00     libucrt:fpsr.obj
 0002:00009f08       $unwind$_raise_exc         0000000140020f08     libucrt:fpexcept.obj
 0002:00009f10       $unwind$_raise_exc_ex      0000000140020f10     libucrt:fpexcept.obj
 0002:00009f24       $unwind$_ctrlfp            0000000140020f24     libucrt:fpctrl.obj
 0002:00009f4c       $unwind$strstr             0000000140020f4c     libvcruntime:strstr.obj
 0002:00009f5c       $unwind$__C_specific_handler 0000000140020f5c     libvcruntime:riscchandler.obj
 0002:00009f78       $xdatasym                  0000000140020f78     libvcruntime:memcpy.obj
 0002:00009f88       $xdatasym                  0000000140020f88     libvcruntime:memset.obj
 0002:00009f98       $xdatasym                  0000000140020f98     libvcruntime:memcmp.obj
 0002:00009fa0       $xdatasym                  0000000140020fa0     libvcruntime:notify.obj
 0002:00009fac       $unwind$__DestructExceptionObject 0000000140020fac     libvcruntime:ehhelpers.obj
 0002:00009fcc       $unwind$__DestructExceptionObject$filt$0 0000000140020fcc     libvcruntime:ehhelpers.obj
 0002:00009fd8       $unwind$__report_securityfailure 0000000140020fd8     libcmt:gs_report.obj
 0002:00009fe0       $unwind$__report_gsfailure 0000000140020fe0     libcmt:gs_report.obj
 0002:00009fe8       $unwind$capture_current_context 0000000140020fe8     libcmt:gs_report.obj
 0002:00009ff4       $unwind$capture_previous_context 0000000140020ff4     libcmt:gs_report.obj
 0002:0000a000       $unwind$__GSHandlerCheckCommon 0000000140021000     libcmt:gshandler.obj
 0002:0000a008       $xdatasym                  0000000140021008     libcmt:amdsecgs.obj
 0002:0000a00c       $unwind$?__scrt_common_main_seh@@YAHXZ 000000014002100c     libcmt:exe_main.obj
 0002:0000a044       $unwind$__scrt_fastfail    0000000140021044     libcmt:utility_desktop.obj
 0002:0000a054       $unwind$__isa_available_init 0000000140021054     libcmt:cpu_disp.obj
 0002:0000a068       $xdatasym                  0000000140021068     libcmt:chkstk.obj
 0002:0000a070       $unwind$_IsNonwritableInCurrentImage 0000000140021070     libcmt:pesect.obj
 0002:0000a094       $unwind$__scrt_is_nonwritable_in_current_image 0000000140021094     libcmt:utility.obj
 0002:0000a0b4       $unwind$__scrt_is_nonwritable_in_current_image$filt$0 00000001400210b4     libcmt:utility.obj
 0002:0000a0bc       $unwind$__security_init_cookie 00000001400210bc     libcmt:gs_support.obj
 0002:0000a0c8       $xdatasym                  00000001400210c8     libcmt:guard_dispatch.obj
 0002:0000a0d0       $xdatasym                  00000001400210d0     libcmt:guard_xfg_dispatch.obj
 0002:0000a0d4       $unwind$_configure_narrow_argv 00000001400210d4     libucrt:argv_parsing.obj
 0002:0000a0e8       $unwind$??$free_environment@D@@YAXQEAPEAD@Z 00000001400210e8     libucrt:environment_initialization.obj
 0002:0000a0e8       $unwind$??$free_environment@_W@@YAXQEAPEA_W@Z 00000001400210e8     libucrt:environment_initialization.obj
 0002:0000a0f4       $unwind$??$create_environment@D@@YAQEAPEADQEAD@Z 00000001400210f4     libucrt:environment_initialization.obj
 0002:0000a10c       $unwind$??$initialize_environment_by_cloning_nolock@D@@YAHXZ 000000014002110c     libucrt:environment_initialization.obj
 0002:0000a10c       $unwind$?x_ismbbtype_l@@YAHPEAU__crt_locale_pointers@@IHH@Z 000000014002110c     libucrt:ismbbyte.obj
 0002:0000a10c       $unwind$_strnicmp_l        000000014002110c     libucrt:strnicmp.obj
 0002:0000a11c       $unwind$??$__acrt_mbs_to_wcs_cp@U__crt_win32_buffer_internal_dynamic_resizing@@@@YAHQEBDAEAV?$__crt_win32_buffer@_WU__crt_win32_buffer_internal_dynamic_resizing@@@@I@Z 000000014002111c     libucrt:argv_wildcards.obj
 0002:0000a134       $unwind$??$common_expand_argv_wildcards@D@@YAHQEAPEADQEAPEAPEAD@Z 0000000140021134     libucrt:argv_wildcards.obj
 0002:0000a14c       $unwind$??$copy_and_add_argument_to_buffer@D@@YAHQEBD0_KAEAV?$argument_list@D@?A0x5f5c8891@@@Z 000000014002114c     libucrt:argv_wildcards.obj
 0002:0000a168       $unwind$??$expand_argument_wildcards@D@@YAHQEAD0AEAV?$argument_list@D@?A0x5f5c8891@@@Z 0000000140021168     libucrt:argv_wildcards.obj
 0002:0000a18c       $unwind$__acrt_GetModuleFileNameA 000000014002118c     libucrt:getmodulefilenamea.obj
 0002:0000a1a8       $unwind$??$common_set_variable_in_environment_nolock@D@@YAHQEADH@Z 00000001400211a8     libucrt:setenv.obj
 0002:0000a1c0       $unwind$??$copy_environment@D@@YAPEAPEADQEAPEAD@Z 00000001400211c0     libucrt:setenv.obj
 0002:0000a1d4       $unwind$qsort              00000001400211d4     libucrt:qsort.obj
 0002:0000a1ec       $chain$4$qsort             00000001400211ec     libucrt:qsort.obj
 0002:0000a210       $chain$5$qsort             0000000140021210     libucrt:qsort.obj
 0002:0000a220       $unwind$strpbrk            0000000140021220     libucrt:strpbrk.obj
 0002:0000a230       $unwind$fallbackMethod     0000000140021230     libucrt:strpbrk.obj
 0002:0000a240       $unwind$_mbsdec_l          0000000140021240     libucrt:mbsdec.obj
 0002:0000a24c       $unwind$_strnicoll_l       000000014002124c     libucrt:strnicol.obj
 0002:0000a260       $unwind$__acrt_SetEnvironmentVariableA 0000000140021260     libucrt:setenvironmentvariablea.obj
 0002:0000a27c       $unwind$__acrt_CompareStringA 000000014002127c     libucrt:comparestringa.obj
 0002:0000a28c       $unwind$?InternalCompareStringA@@YAHPEAU__crt_locale_pointers@@PEB_WKPEBDH2HH@Z 000000014002128c     libucrt:comparestringa.obj
 0002:0000a2b0       $xdatasym                  00000001400212b0     libvcruntime:handlers.obj
 0002:0000a2d0       $xdatasym                  00000001400212d0     libucrt:strncmp.obj
 0002:0000a676       .idata$6                   0000000140021676     kernel32:KERNEL32.dll
 0003:00000108       ?errno_no_memory@@3HA      0000000140022108     libucrt:errno.obj
 0003:0000010c       ?doserrno_no_memory@@3KA   000000014002210c     libucrt:errno.obj
 0003:00000158       ?__acrt_flsindex@@3KA      0000000140022158     libucrt:per_thread_data.obj
 0003:00000510       _mbctypes                  0000000140022510     libucrt:mbctype.obj
 0003:00000620       _mbcasemaps                0000000140022620     libucrt:mbctype.obj
 0003:00000720       ?__rgctypeflag@@3PADA      0000000140022720     libucrt:mbctype.obj
 0003:00000730       ?__rgcode_page_info@@3PAUcode_page_info@@A 0000000140022730     libucrt:mbctype.obj
 0003:000009d0       ?__dcrt_lowio_console_output_handle@@3PEAXEA 00000001400229d0     libucrt:initcon.obj
 0003:000009d8       ?dazSupported@?1??common_control87@@9@9 00000001400229d8     libucrt:ieee.obj
 0003:000009e0       ?dazSupported@?1??_ctrlfp@@9@9 00000001400229e0     libucrt:fpctrl.obj
 0003:000009f0       ?__vcrt_flsindex@@3KA      00000001400229f0     libvcruntime:per_thread_data.obj
 0003:00000a60       ?__acrt_invalid_parameter_handler@@3V?$dual_state_global@P6AXPEB_W00I_K@Z@__crt_state_management@@A 0000000140022a60     libucrt:invalid_parameter.obj
 0003:00000a70       ?module_handles@@3PAPEAUHINSTANCE__@@A 0000000140022a70     libucrt:winapi_thunks.obj
 0003:00000b10       ?encoded_function_pointers@@3PAPEAXA 0000000140022b10     libucrt:winapi_thunks.obj
 0003:00001028       ?internal_state@?1??_mbtowc_l@@9@4U_Mbstatet@@A 0000000140023028     libucrt:mbtowc.obj
 0003:00001030       ?enable_percent_n@@3_KA    0000000140023030     libucrt:printf_count_output.obj
 0003:00001058       ?__acrt_new_handler@@3V?$dual_state_global@P6AH_K@Z@__crt_state_management@@A 0000000140023058     libucrt:new_handler.obj
 0003:00001060       ?__acrt_global_new_mode@@3V?$dual_state_global@J@__crt_state_management@@A 0000000140023060     libucrt:new_mode.obj
 0003:00001070       ?__acrt_lock_table@@3PAU_RTL_CRITICAL_SECTION@@A 0000000140023070     libucrt:locks.obj
 0003:000012a0       ?__acrt_locks_initialized@@3IA 00000001400232a0     libucrt:locks.obj
 0003:000012c0       ?fSystemSet@@3HA           00000001400232c0     libucrt:mbctype.obj
 0003:000012c4       ?initialized@?1??__acrt_initialize_multibyte@@9@4_NA 00000001400232c4     libucrt:mbctype.obj
 0003:000012cc       ?c_termination_complete@@3JA 00000001400232cc     libucrt:exit.obj
 0003:000012d0       ?thread_local_exit_callback_func@@3P6AXPEAXK0@ZEA 00000001400232d0     libucrt:exit.obj
 0003:000012e0       ?ctrlc_action@@3V?$dual_state_global@P6AXH@Z@__crt_state_management@@A 00000001400232e0     libucrt:signal.obj
 0003:000012e8       ?ctrlbreak_action@@3V?$dual_state_global@P6AXH@Z@__crt_state_management@@A 00000001400232e8     libucrt:signal.obj
 0003:000012f0       ?abort_action@@3V?$dual_state_global@P6AXH@Z@__crt_state_management@@A 00000001400232f0     libucrt:signal.obj
 0003:000012f8       ?term_action@@3V?$dual_state_global@P6AXH@Z@__crt_state_management@@A 00000001400232f8     libucrt:signal.obj
 0003:00001300       ?__acrt_app_type@@3W4_crt_app_type@@A 0000000140023300     libucrt:report_runtime_error.obj
 0003:00001308       ?internal_pst@?1??__mbrtoc32_utf8@__crt_mbstring@@YA_KPEA_UPEBD_KPEAU_Mbstatet@@@Z@4U3@A 0000000140023308     libucrt:mbrtoc32.obj
 0003:00001348       ?user_matherr@@3V?$dual_state_global@P6AHPEAU_exception@@@Z@__crt_state_management@@A 0000000140023348     libucrt:matherr.obj
 0003:00001360       ?__vcrt_startup_thread_ptd@@3U__vcrt_ptd@@A 0000000140023360     libvcruntime:per_thread_data.obj
 0003:000013e0       ?module_handles@@3PAPEAUHINSTANCE__@@A 00000001400233e0     libvcruntime:winapi_downlevel.obj
 0003:000013f8       ?function_pointers@@3PAPEAXA 00000001400233f8     libvcruntime:winapi_downlevel.obj
 0003:00001420       GS_ExceptionRecord         0000000140023420     libcmt:gs_report.obj
 0003:000014c0       GS_ContextRecord           00000001400234c0     libcmt:gs_report.obj
 0003:000019a8       ?is_initialized_as_dll@@3_NA 00000001400239a8     libcmt:utility.obj
 0003:000019a9       ?module_local_atexit_table_initialized@@3_NA 00000001400239a9     libcmt:utility.obj
 0003:000019b0       ?module_local_atexit_table@@3U_onexit_table_t@@A 00000001400239b0     libcmt:utility.obj
 0003:000019c8       ?module_local_at_quick_exit_table@@3U_onexit_table_t@@A 00000001400239c8     libcmt:utility.obj
 0003:00001a00       ?program_name@?1???$common_configure_argv@D@@YAHW4_crt_argv_mode@@@Z@4PADA 0000000140023a00     libucrt:argv_parsing.obj
 0003:00001b60       __vcrt_lock_table          0000000140023b60     libvcruntime:locks.obj
 0003:00001b88       __vcrt_locks_initialized   0000000140023b88     libvcruntime:locks.obj
 0003:00001bd0       ?heap@@3V_HeapManager@@A   0000000140023bd0     libvcruntime:undname.obj
 0005:00000000       MoveSmall                  0000000140026000     libvcruntime:memcpy.obj
 0005:00000040       MoveSmallYmm               0000000140026040     libvcruntime:memcpy.obj
 0005:00000064       MoveSmallYmmNT             0000000140026064     libvcruntime:memcpy.obj
 0005:00000088       MoveSmallXmm               0000000140026088     libvcruntime:memcpy.obj
 0005:000000b0       MsetTab                    00000001400260b0     libvcruntime:memset.obj
